Archive member included because of file (symbol)

/Users/imac/Develop/stm32f4/arm_gcc/gcc-arm-none-eabi-4_7-2013q3/bin/../lib/gcc/arm-none-eabi/4.7.4/../../../../arm-none-eabi/lib/armv7-m/libm.a(lib_a-sf_cos.o)
                              obj/SKYROVER/gps.o (cosf)
/Users/imac/Develop/stm32f4/arm_gcc/gcc-arm-none-eabi-4_7-2013q3/bin/../lib/gcc/arm-none-eabi/4.7.4/../../../../arm-none-eabi/lib/armv7-m/libm.a(lib_a-sf_lrint.o)
                              obj/SKYROVER/imu.o (lrintf)
/Users/imac/Develop/stm32f4/arm_gcc/gcc-arm-none-eabi-4_7-2013q3/bin/../lib/gcc/arm-none-eabi/4.7.4/../../../../arm-none-eabi/lib/armv7-m/libm.a(lib_a-sf_sin.o)
                              obj/SKYROVER/gps.o (sinf)
/Users/imac/Develop/stm32f4/arm_gcc/gcc-arm-none-eabi-4_7-2013q3/bin/../lib/gcc/arm-none-eabi/4.7.4/../../../../arm-none-eabi/lib/armv7-m/libm.a(lib_a-wf_atan2.o)
                              obj/SKYROVER/gps.o (atan2f)
/Users/imac/Develop/stm32f4/arm_gcc/gcc-arm-none-eabi-4_7-2013q3/bin/../lib/gcc/arm-none-eabi/4.7.4/../../../../arm-none-eabi/lib/armv7-m/libm.a(lib_a-wf_pow.o)
                              obj/SKYROVER/imu.o (powf)
/Users/imac/Develop/stm32f4/arm_gcc/gcc-arm-none-eabi-4_7-2013q3/bin/../lib/gcc/arm-none-eabi/4.7.4/../../../../arm-none-eabi/lib/armv7-m/libm.a(lib_a-wf_sqrt.o)
                              obj/SKYROVER/gps.o (sqrtf)
/Users/imac/Develop/stm32f4/arm_gcc/gcc-arm-none-eabi-4_7-2013q3/bin/../lib/gcc/arm-none-eabi/4.7.4/../../../../arm-none-eabi/lib/armv7-m/libm.a(lib_a-ef_atan2.o)
                              /Users/imac/Develop/stm32f4/arm_gcc/gcc-arm-none-eabi-4_7-2013q3/bin/../lib/gcc/arm-none-eabi/4.7.4/../../../../arm-none-eabi/lib/armv7-m/libm.a(lib_a-wf_atan2.o) (__ieee754_atan2f)
/Users/imac/Develop/stm32f4/arm_gcc/gcc-arm-none-eabi-4_7-2013q3/bin/../lib/gcc/arm-none-eabi/4.7.4/../../../../arm-none-eabi/lib/armv7-m/libm.a(lib_a-ef_pow.o)
                              /Users/imac/Develop/stm32f4/arm_gcc/gcc-arm-none-eabi-4_7-2013q3/bin/../lib/gcc/arm-none-eabi/4.7.4/../../../../arm-none-eabi/lib/armv7-m/libm.a(lib_a-wf_pow.o) (__ieee754_powf)
/Users/imac/Develop/stm32f4/arm_gcc/gcc-arm-none-eabi-4_7-2013q3/bin/../lib/gcc/arm-none-eabi/4.7.4/../../../../arm-none-eabi/lib/armv7-m/libm.a(lib_a-ef_rem_pio2.o)
                              /Users/imac/Develop/stm32f4/arm_gcc/gcc-arm-none-eabi-4_7-2013q3/bin/../lib/gcc/arm-none-eabi/4.7.4/../../../../arm-none-eabi/lib/armv7-m/libm.a(lib_a-sf_cos.o) (__ieee754_rem_pio2f)
/Users/imac/Develop/stm32f4/arm_gcc/gcc-arm-none-eabi-4_7-2013q3/bin/../lib/gcc/arm-none-eabi/4.7.4/../../../../arm-none-eabi/lib/armv7-m/libm.a(lib_a-ef_sqrt.o)
                              /Users/imac/Develop/stm32f4/arm_gcc/gcc-arm-none-eabi-4_7-2013q3/bin/../lib/gcc/arm-none-eabi/4.7.4/../../../../arm-none-eabi/lib/armv7-m/libm.a(lib_a-wf_sqrt.o) (__ieee754_sqrtf)
/Users/imac/Develop/stm32f4/arm_gcc/gcc-arm-none-eabi-4_7-2013q3/bin/../lib/gcc/arm-none-eabi/4.7.4/../../../../arm-none-eabi/lib/armv7-m/libm.a(lib_a-kf_cos.o)
                              /Users/imac/Develop/stm32f4/arm_gcc/gcc-arm-none-eabi-4_7-2013q3/bin/../lib/gcc/arm-none-eabi/4.7.4/../../../../arm-none-eabi/lib/armv7-m/libm.a(lib_a-sf_cos.o) (__kernel_cosf)
/Users/imac/Develop/stm32f4/arm_gcc/gcc-arm-none-eabi-4_7-2013q3/bin/../lib/gcc/arm-none-eabi/4.7.4/../../../../arm-none-eabi/lib/armv7-m/libm.a(lib_a-kf_rem_pio2.o)
                              /Users/imac/Develop/stm32f4/arm_gcc/gcc-arm-none-eabi-4_7-2013q3/bin/../lib/gcc/arm-none-eabi/4.7.4/../../../../arm-none-eabi/lib/armv7-m/libm.a(lib_a-ef_rem_pio2.o) (__kernel_rem_pio2f)
/Users/imac/Develop/stm32f4/arm_gcc/gcc-arm-none-eabi-4_7-2013q3/bin/../lib/gcc/arm-none-eabi/4.7.4/../../../../arm-none-eabi/lib/armv7-m/libm.a(lib_a-kf_sin.o)
                              /Users/imac/Develop/stm32f4/arm_gcc/gcc-arm-none-eabi-4_7-2013q3/bin/../lib/gcc/arm-none-eabi/4.7.4/../../../../arm-none-eabi/lib/armv7-m/libm.a(lib_a-sf_cos.o) (__kernel_sinf)
/Users/imac/Develop/stm32f4/arm_gcc/gcc-arm-none-eabi-4_7-2013q3/bin/../lib/gcc/arm-none-eabi/4.7.4/../../../../arm-none-eabi/lib/armv7-m/libm.a(lib_a-s_lib_ver.o)
                              /Users/imac/Develop/stm32f4/arm_gcc/gcc-arm-none-eabi-4_7-2013q3/bin/../lib/gcc/arm-none-eabi/4.7.4/../../../../arm-none-eabi/lib/armv7-m/libm.a(lib_a-wf_pow.o) (__fdlib_version)
/Users/imac/Develop/stm32f4/arm_gcc/gcc-arm-none-eabi-4_7-2013q3/bin/../lib/gcc/arm-none-eabi/4.7.4/../../../../arm-none-eabi/lib/armv7-m/libm.a(lib_a-s_matherr.o)
                              /Users/imac/Develop/stm32f4/arm_gcc/gcc-arm-none-eabi-4_7-2013q3/bin/../lib/gcc/arm-none-eabi/4.7.4/../../../../arm-none-eabi/lib/armv7-m/libm.a(lib_a-wf_pow.o) (matherr)
/Users/imac/Develop/stm32f4/arm_gcc/gcc-arm-none-eabi-4_7-2013q3/bin/../lib/gcc/arm-none-eabi/4.7.4/../../../../arm-none-eabi/lib/armv7-m/libm.a(lib_a-s_rint.o)
[...]
Memory Configuration

Name             Origin             Length             Attributes
FLASH            0x0000000008003000 0x000000000001cc00 xr
RAM              0x0000000020000000 0x0000000000005000 xrw
MEMORY_B1        0x0000000060000000 0x0000000000000000 xr
*default*        0x0000000000000000 0xffffffffffffffff

Linker script and memory map

LOAD /Users/imac/Develop/stm32f4/arm_gcc/gcc-arm-none-eabi-4_7-2013q3/bin/../lib/gcc/arm-none-eabi/4.7.4/armv7-m/crti.o
LOAD /Users/imac/Develop/stm32f4/arm_gcc/gcc-arm-none-eabi-4_7-2013q3/bin/../lib/gcc/arm-none-eabi/4.7.4/armv7-m/crtbegin.o
LOAD /Users/imac/Develop/stm32f4/arm_gcc/gcc-arm-none-eabi-4_7-2013q3/bin/../lib/gcc/arm-none-eabi/4.7.4/../../../../arm-none-eabi/lib/armv7-m/crt0.o
LOAD obj/SKYROVER/drv_adc.o
LOAD obj/SKYROVER/drv_adxl345.o
LOAD obj/SKYROVER/drv_bma280.o
LOAD obj/SKYROVER/drv_bmp085.o
LOAD obj/SKYROVER/drv_ms5611.o
LOAD obj/SKYROVER/drv_hcsr04.o
LOAD obj/SKYROVER/drv_hmc5883l.o
LOAD obj/SKYROVER/drv_ledring.o
LOAD obj/SKYROVER/drv_mma845x.o
LOAD obj/SKYROVER/drv_mpu3050.o
LOAD obj/SKYROVER/drv_mpu6050.o
LOAD obj/SKYROVER/drv_l3g4200d.o
LOAD obj/SKYROVER/drv_pwm.o
LOAD obj/SKYROVER/drv_spi.o
LOAD obj/SKYROVER/drv_timer.o
LOAD obj/SKYROVER/hexairbot.o
LOAD obj/SKYROVER/startup_stm32f10x_md_gcc.o
LOAD obj/SKYROVER/buzzer.o
LOAD obj/SKYROVER/cli.o
LOAD obj/SKYROVER/config.o
LOAD obj/SKYROVER/gps.o
LOAD obj/SKYROVER/imu.o
LOAD obj/SKYROVER/main.o
LOAD obj/SKYROVER/mixer.o
LOAD obj/SKYROVER/mw.o
LOAD obj/SKYROVER/sensors.o
LOAD obj/SKYROVER/serial.o
LOAD obj/SKYROVER/sbus.o
LOAD obj/SKYROVER/sumd.o
LOAD obj/SKYROVER/spektrum.o
LOAD obj/SKYROVER/telemetry.o
LOAD obj/SKYROVER/drv_gpio.o
LOAD obj/SKYROVER/drv_i2c.o
LOAD obj/SKYROVER/drv_i2c_soft.o
LOAD obj/SKYROVER/drv_system.o
LOAD obj/SKYROVER/drv_serial.o
LOAD obj/SKYROVER/drv_softserial.o
LOAD obj/SKYROVER/drv_uart.o
LOAD obj/SKYROVER/printf.o
LOAD obj/SKYROVER/utils.o
LOAD obj/SKYROVER/core_cm3.o
LOAD obj/SKYROVER/system_stm32f10x.o
LOAD obj/SKYROVER/misc.o
LOAD obj/SKYROVER/stm32f10x_adc.o
LOAD obj/SKYROVER/stm32f10x_bkp.o
LOAD obj/SKYROVER/stm32f10x_can.o
LOAD obj/SKYROVER/stm32f10x_cec.o
LOAD obj/SKYROVER/stm32f10x_crc.o
LOAD obj/SKYROVER/stm32f10x_dac.o
LOAD obj/SKYROVER/stm32f10x_dbgmcu.o
LOAD obj/SKYROVER/stm32f10x_dma.o
LOAD obj/SKYROVER/stm32f10x_exti.o
LOAD obj/SKYROVER/stm32f10x_flash.o
LOAD obj/SKYROVER/stm32f10x_fsmc.o
LOAD obj/SKYROVER/stm32f10x_gpio.o
LOAD obj/SKYROVER/stm32f10x_i2c.o
LOAD obj/SKYROVER/stm32f10x_iwdg.o
LOAD obj/SKYROVER/stm32f10x_pwr.o
LOAD obj/SKYROVER/stm32f10x_rcc.o
LOAD obj/SKYROVER/stm32f10x_rtc.o
LOAD obj/SKYROVER/stm32f10x_sdio.o
LOAD obj/SKYROVER/stm32f10x_spi.o
LOAD obj/SKYROVER/stm32f10x_tim.o
LOAD obj/SKYROVER/stm32f10x_usart.o
LOAD obj/SKYROVER/stm32f10x_wwdg.o
LOAD /Users/imac/Develop/stm32f4/arm_gcc/gcc-arm-none-eabi-4_7-2013q3/bin/../lib/gcc/arm-none-eabi/4.7.4/../../../../arm-none-eabi/lib/armv7-m/libm.a
START GROUP
LOAD /Users/imac/Develop/stm32f4/arm_gcc/gcc-arm-none-eabi-4_7-2013q3/bin/../lib/gcc/arm-none-eabi/4.7.4/armv7-m/libgcc.a
LOAD /Users/imac/Develop/stm32f4/arm_gcc/gcc-arm-none-eabi-4_7-2013q3/bin/../lib/gcc/arm-none-eabi/4.7.4/../../../../arm-none-eabi/lib/armv7-m/libc.a
END GROUP
LOAD /Users/imac/Develop/stm32f4/arm_gcc/gcc-arm-none-eabi-4_7-2013q3/bin/../lib/gcc/arm-none-eabi/4.7.4/armv7-m/crtend.o
LOAD /Users/imac/Develop/stm32f4/arm_gcc/gcc-arm-none-eabi-4_7-2013q3/bin/../lib/gcc/arm-none-eabi/4.7.4/armv7-m/crtn.o
                0x0000000020005000                _estack = 0x20005000
                0x0000000000000000                _Min_Heap_Size = 0x0
                0x0000000000000400                _Min_Stack_Size = 0x400

.isr_vector     0x0000000008003000      0x10c
                0x0000000008003000                . = ALIGN (0x4)
 *(.isr_vector)
 .isr_vector    0x0000000008003000      0x10c obj/SKYROVER/startup_stm32f10x_md_gcc.o
                0x0000000008003000                g_pfnVectors
                0x000000000800310c                . = ALIGN (0x4)

.text           0x0000000008003110    0x12714
                0x0000000008003110                . = ALIGN (0x4)
 *(.text)
 .text          0x0000000008003110       0x54 /Users/imac/Develop/stm32f4/arm_gcc/gcc-arm-none-eabi-4_7-2013q3/bin/../lib/gcc/arm-none-eabi/4.7.4/armv7-m/crtbegin.o
 .text          0x0000000008003164      0x370 /Users/imac/Develop/stm32f4/arm_gcc/gcc-arm-none-eabi-4_7-2013q3/bin/../lib/gcc/arm-none-eabi/4.7.4/armv7-m/libgcc.a(_arm_addsubdf3.o)
                0x0000000008003164                __aeabi_drsub
                0x000000000800316c                __subdf3
                0x000000000800316c                __aeabi_dsub
                0x0000000008003170                __aeabi_dadd
                0x0000000008003170                __adddf3
                0x00000000080033e8                __aeabi_ui2d
                0x00000000080033e8                __floatunsidf
                0x0000000008003408                __floatsidf
                0x0000000008003408                __aeabi_i2d
                0x000000000800342c                __extendsfdf2
                0x000000000800342c                __aeabi_f2d
                0x0000000008003468                __aeabi_ul2d
                0x0000000008003468                __floatundidf
                0x0000000008003478                __aeabi_l2d
                0x0000000008003478                __floatdidf
 .text          0x00000000080034d4      0x424 /Users/imac/Develop/stm32f4/arm_gcc/gcc-arm-none-eabi-4_7-2013q3/bin/../lib/gcc/arm-none-eabi/4.7.4/armv7-m/libgcc.a(_arm_muldivdf3.o)
                0x00000000080034d4                __aeabi_dmul
                0x00000000080034d4                __muldf3
                0x0000000008003728                __aeabi_ddiv
                0x0000000008003728                __divdf3
 .text          0x00000000080038f8      0x110 /Users/imac/Develop/stm32f4/arm_gcc/gcc-arm-none-eabi-4_7-2013q3/bin/../lib/gcc/arm-none-eabi/4.7.4/armv7-m/libgcc.a(_arm_cmpdf2.o)
                0x00000000080038f8                __gtdf2
                0x00000000080038f8                __gedf2
                0x0000000008003900                __ltdf2
                0x0000000008003900                __ledf2
                0x0000000008003908                __eqdf2
                0x0000000008003908                __nedf2
                0x0000000008003908                __cmpdf2
                0x0000000008003984                __aeabi_cdrcmple
                0x0000000008003994                __aeabi_cdcmple
                0x0000000008003994                __aeabi_cdcmpeq
                0x00000000080039a4                __aeabi_dcmpeq
                0x00000000080039b8                __aeabi_dcmplt
                0x00000000080039cc                __aeabi_dcmple
                0x00000000080039e0                __aeabi_dcmpge
                0x00000000080039f4                __aeabi_dcmpgt
 .text          0x0000000008003a08       0xa0 /Users/imac/Develop/stm32f4/arm_gcc/gcc-arm-none-eabi-4_7-2013q3/bin/../lib/gcc/arm-none-eabi/4.7.4/armv7-m/libgcc.a(_arm_truncdfsf2.o)
                0x0000000008003a08                __aeabi_d2f
                0x0000000008003a08                __truncdfsf2
 .text          0x0000000008003aa8      0x21c /Users/imac/Develop/stm32f4/arm_gcc/gcc-arm-none-eabi-4_7-2013q3/bin/../lib/gcc/arm-none-eabi/4.7.4/armv7-m/libgcc.a(_arm_addsubsf3.o)
                0x0000000008003aa8                __aeabi_frsub
                0x0000000008003ab0                __aeabi_fsub
                0x0000000008003ab0                __subsf3
                0x0000000008003ab4                __aeabi_fadd
                0x0000000008003ab4                __addsf3
                0x0000000008003c14                __aeabi_ui2f
                0x0000000008003c14                __floatunsisf
                0x0000000008003c1c                __floatsisf
                0x0000000008003c1c                __aeabi_i2f
                0x0000000008003c38                __aeabi_ul2f
                0x0000000008003c38                __floatundisf
                0x0000000008003c48                __aeabi_l2f
                0x0000000008003c48                __floatdisf
 .text          0x0000000008003cc4      0x2a0 /Users/imac/Develop/stm32f4/arm_gcc/gcc-arm-none-eabi-4_7-2013q3/bin/../lib/gcc/arm-none-eabi/4.7.4/armv7-m/libgcc.a(_arm_muldivsf3.o)
                0x0000000008003cc4                __mulsf3
                0x0000000008003cc4                __aeabi_fmul
                0x0000000008003e2c                __divsf3
                0x0000000008003e2c                __aeabi_fdiv
 .text          0x0000000008003f64       0xec /Users/imac/Develop/stm32f4/arm_gcc/gcc-arm-none-eabi-4_7-2013q3/bin/../lib/gcc/arm-none-eabi/4.7.4/armv7-m/libgcc.a(_arm_cmpsf2.o)
                0x0000000008003f64                __gesf2
                0x0000000008003f64                __gtsf2
                0x0000000008003f6c                __ltsf2
                0x0000000008003f6c                __lesf2
                0x0000000008003f74                __nesf2
                0x0000000008003f74                __eqsf2
                0x0000000008003f74                __cmpsf2
                0x0000000008003fd4                __aeabi_cfrcmple
                0x0000000008003fdc                __aeabi_cfcmpeq
                0x0000000008003fdc                __aeabi_cfcmple
                0x0000000008003fec                __aeabi_fcmpeq
                0x0000000008004000                __aeabi_fcmplt
                0x0000000008004014                __aeabi_fcmple
                0x0000000008004028                __aeabi_fcmpge
                0x000000000800403c                __aeabi_fcmpgt
 .text          0x0000000008004050       0x4c /Users/imac/Develop/stm32f4/arm_gcc/gcc-arm-none-eabi-4_7-2013q3/bin/../lib/gcc/arm-none-eabi/4.7.4/armv7-m/libgcc.a(_arm_fixsfsi.o)
                0x0000000008004050                __fixsfsi
                0x0000000008004050                __aeabi_f2iz
 .text          0x000000000800409c       0x40 /Users/imac/Develop/stm32f4/arm_gcc/gcc-arm-none-eabi-4_7-2013q3/bin/../lib/gcc/arm-none-eabi/4.7.4/armv7-m/libgcc.a(_arm_fixunssfsi.o)
                0x000000000800409c                __aeabi_f2uiz
                0x000000000800409c                __fixunssfsi
 *(.text*)
 .text.adcInit  0x00000000080040dc       0xec obj/SKYROVER/drv_adc.o
                0x00000000080040dc                adcInit
 .text.adcGetChannel
                0x00000000080041c8       0x10 obj/SKYROVER/drv_adc.o
                0x00000000080041c8                adcGetChannel
 .text.adxl345Read
                0x00000000080041d8       0xe0 obj/SKYROVER/drv_adxl345.o
 .text.adxl345Init
                0x00000000080042b8       0x64 obj/SKYROVER/drv_adxl345.o
 .text.adxl345Detect
                0x000000000800431c       0x58 obj/SKYROVER/drv_adxl345.o
                0x000000000800431c                adxl345Detect
 .text.bma280Read
                0x0000000008004374       0x58 obj/SKYROVER/drv_bma280.o
 .text.bma280Init
                0x00000000080043cc       0x30 obj/SKYROVER/drv_bma280.o
 .text.bma280Detect
                0x00000000080043fc       0x38 obj/SKYROVER/drv_bma280.o
                0x00000000080043fc                bma280Detect
 .text.bmp085_calculate
                0x0000000008004434       0xe0 obj/SKYROVER/drv_bmp085.o
 .text.bmp085_get_up
                0x0000000008004514       0x54 obj/SKYROVER/drv_bmp085.o
 .text.bmp085_get_ut
                0x0000000008004568       0x3c obj/SKYROVER/drv_bmp085.o
 .text.bmp085_start_up
                0x00000000080045a4       0x24 obj/SKYROVER/drv_bmp085.o
 .text.bmp085_start_ut
                0x00000000080045c8       0x14 obj/SKYROVER/drv_bmp085.o
 .text.EXTI15_10_IRQHandler
                0x00000000080045dc       0x24 obj/SKYROVER/drv_bmp085.o
                0x00000000080045dc                EXTI15_10_IRQHandler
 .text.bmp085Detect
                0x0000000008004600      0x1dc obj/SKYROVER/drv_bmp085.o
                0x0000000008004600                bmp085Detect
 .text.ms5611_calculate
                0x00000000080047dc      0x150 obj/SKYROVER/drv_ms5611.o
 .text.ms5611_read_adc
                0x000000000800492c       0x24 obj/SKYROVER/drv_ms5611.o
 .text.ms5611_get_up
                0x0000000008004950       0x10 obj/SKYROVER/drv_ms5611.o
 .text.ms5611_get_ut
                0x0000000008004960       0x10 obj/SKYROVER/drv_ms5611.o
 .text.ms5611_start_up
                0x0000000008004970        0xa obj/SKYROVER/drv_ms5611.o
 .text.ms5611_start_ut
                0x000000000800497a        0xa obj/SKYROVER/drv_ms5611.o
 .text.ms5611Detect
                0x0000000008004984      0x13c obj/SKYROVER/drv_ms5611.o
                0x0000000008004984                ms5611Detect
 .text.hmc5883lDetect
                0x0000000008004ac0       0x34 obj/SKYROVER/drv_hmc5883l.o
                0x0000000008004ac0                hmc5883lDetect
 .text.hmc5883lRead
                0x0000000008004af4       0x8c obj/SKYROVER/drv_hmc5883l.o
                0x0000000008004af4                hmc5883lRead
 .text.hmc5883lInit
                0x0000000008004b80      0x1b4 obj/SKYROVER/drv_hmc5883l.o
                0x0000000008004b80                hmc5883lInit
 .text.mma8452Read
                0x0000000008004d34       0x6c obj/SKYROVER/drv_mma845x.o
 .text.mma8452Init
                0x0000000008004da0       0x8c obj/SKYROVER/drv_mma845x.o
 .text.mma8452Detect
                0x0000000008004e2c       0x5c obj/SKYROVER/drv_mma845x.o
                0x0000000008004e2c                mma8452Detect
 .text.mpu3050ReadTemp
                0x0000000008004e88       0x30 obj/SKYROVER/drv_mpu3050.o
 .text.mpu3050Read
                0x0000000008004eb8       0x68 obj/SKYROVER/drv_mpu3050.o
 .text.mpu3050Init
                0x0000000008004f20       0x5c obj/SKYROVER/drv_mpu3050.o
 .text.mpu3050Detect
                0x0000000008004f7c       0x78 obj/SKYROVER/drv_mpu3050.o
                0x0000000008004f7c                mpu3050Detect
 .text.mpu6050AccInit
                0x0000000008004ff4       0x28 obj/SKYROVER/drv_mpu6050.o
 .text.mpu6050GyroRead
                0x000000000800501c       0x68 obj/SKYROVER/drv_mpu6050.o
 .text.mpu6050AccRead
                0x0000000008005084       0x54 obj/SKYROVER/drv_mpu6050.o
 .text.mpu6050GyroInit
                0x00000000080050d8       0xa8 obj/SKYROVER/drv_mpu6050.o
 .text.mpu6050Detect
                0x0000000008005180      0x128 obj/SKYROVER/drv_mpu6050.o
                0x0000000008005180                mpu6050Detect
 .text.l3g4200dRead
                0x00000000080052a8       0x68 obj/SKYROVER/drv_l3g4200d.o
 .text.l3g4200dInit
                0x0000000008005310       0x44 obj/SKYROVER/drv_l3g4200d.o
 .text.l3g4200dDetect
                0x0000000008005354       0x64 obj/SKYROVER/drv_l3g4200d.o
                0x0000000008005354                l3g4200dDetect
 .text.pwmWriteBrushed
                0x00000000080053b8       0x24 obj/SKYROVER/drv_pwm.o
 .text.pwmWriteStandard
                0x00000000080053dc       0x10 obj/SKYROVER/drv_pwm.o
 .text.pwmOutConfig
                0x00000000080053ec      0x134 obj/SKYROVER/drv_pwm.o
 .text.ppmCallback
                0x0000000008005520       0x8c obj/SKYROVER/drv_pwm.o
 .text.pwmICConfig
                0x00000000080055ac       0x30 obj/SKYROVER/drv_pwm.o
                0x00000000080055ac                pwmICConfig
 .text.pwmInConfig
                0x00000000080055dc       0x64 obj/SKYROVER/drv_pwm.o
 .text.pwmCallback
                0x0000000008005640       0x60 obj/SKYROVER/drv_pwm.o
 .text.pwmInit  0x00000000080056a0      0x160 obj/SKYROVER/drv_pwm.o
                0x00000000080056a0                pwmInit
 .text.pwmWriteMotor
                0x0000000008005800       0x1c obj/SKYROVER/drv_pwm.o
                0x0000000008005800                pwmWriteMotor
 .text.pwmWriteServo
                0x000000000800581c       0x1c obj/SKYROVER/drv_pwm.o
                0x000000000800581c                pwmWriteServo
 .text.pwmRead  0x0000000008005838        0xc obj/SKYROVER/drv_pwm.o
                0x0000000008005838                pwmRead
 .text.spiTransfer
                0x0000000008005844       0x54 obj/SKYROVER/drv_spi.o
                0x0000000008005844                spiTransfer
 .text.spiInit  0x0000000008005898       0xf8 obj/SKYROVER/drv_spi.o
                0x0000000008005898                spiInit
 .text.configureTimerChannelCallback
                0x0000000008005990       0x4c obj/SKYROVER/drv_timer.o
                0x0000000008005990                configureTimerChannelCallback
 .text.configureTimerInputCaptureCompareChannel
                0x00000000080059dc       0x2c obj/SKYROVER/drv_timer.o
                0x00000000080059dc                configureTimerInputCaptureCompareChannel
 .text.configureTimerCaptureCompareInterrupt
                0x0000000008005a08       0x1e obj/SKYROVER/drv_timer.o
                0x0000000008005a08                configureTimerCaptureCompareInterrupt
 .text.timerNVICConfig
                0x0000000008005a26       0x1e obj/SKYROVER/drv_timer.o
                0x0000000008005a26                timerNVICConfig
 .text.configTimeBase
                0x0000000008005a44       0x44 obj/SKYROVER/drv_timer.o
                0x0000000008005a44                configTimeBase
 .text.timerInConfig
                0x0000000008005a88       0x1c obj/SKYROVER/drv_timer.o
                0x0000000008005a88                timerInConfig
 .text.findTimerConfig
                0x0000000008005aa4       0x40 obj/SKYROVER/drv_timer.o
                0x0000000008005aa4                findTimerConfig
 .text.timCCxHandler
                0x0000000008005ae4       0x9e obj/SKYROVER/drv_timer.o
 *fill*         0x0000000008005b82        0x2 00
 .text.TIM1_CC_IRQHandler
                0x0000000008005b84        0xc obj/SKYROVER/drv_timer.o
                0x0000000008005b84                TIM1_CC_IRQHandler
 .text.TIM2_IRQHandler
                0x0000000008005b90        0x8 obj/SKYROVER/drv_timer.o
                0x0000000008005b90                TIM2_IRQHandler
 .text.TIM3_IRQHandler
                0x0000000008005b98        0xc obj/SKYROVER/drv_timer.o
                0x0000000008005b98                TIM3_IRQHandler
 .text.TIM4_IRQHandler
                0x0000000008005ba4        0xc obj/SKYROVER/drv_timer.o
                0x0000000008005ba4                TIM4_IRQHandler
 .text.hexairbotReadRawRC
                0x0000000008005bb0        0xc obj/SKYROVER/hexairbot.o
 .text.hexairbotInit
                0x0000000008005bbc       0x18 obj/SKYROVER/hexairbot.o
                0x0000000008005bbc                hexairbotInit
 .text.hexairbotSetData
                0x0000000008005bd4       0x1c obj/SKYROVER/hexairbot.o
                0x0000000008005bd4                hexairbotSetData
 .text.hexairbotFrameComplete
                0x0000000008005bf0       0x14 obj/SKYROVER/hexairbot.o
                0x0000000008005bf0                hexairbotFrameComplete
 .text.Reset_Handler
                0x0000000008005c04       0xb0 obj/SKYROVER/startup_stm32f10x_md_gcc.o
                0x0000000008005c04                Reset_Handler
 .text.Default_Handler
                0x0000000008005cb4        0x4 obj/SKYROVER/startup_stm32f10x_md_gcc.o
                0x0000000008005cb4                USBWakeUp_IRQHandler
                0x0000000008005cb4                DebugMon_Handler
                0x0000000008005cb4                PVD_IRQHandler
                0x0000000008005cb4                PendSV_Handler
                0x0000000008005cb4                NMI_Handler
                0x0000000008005cb4                EXTI3_IRQHandler
                0x0000000008005cb4                EXTI0_IRQHandler
                0x0000000008005cb4                UsageFault_Handler
                0x0000000008005cb4                ADC1_2_IRQHandler
                0x0000000008005cb4                SPI1_IRQHandler
                0x0000000008005cb4                TAMPER_IRQHandler
                0x0000000008005cb4                USART3_IRQHandler
                0x0000000008005cb4                RTC_IRQHandler
                0x0000000008005cb4                DMA1_Channel7_IRQHandler
                0x0000000008005cb4                CAN1_RX1_IRQHandler
                0x0000000008005cb4                DMA1_Channel6_IRQHandler
                0x0000000008005cb4                RCC_IRQHandler
                0x0000000008005cb4                TIM1_TRG_COM_IRQHandler
                0x0000000008005cb4                DMA1_Channel1_IRQHandler
                0x0000000008005cb4                Default_Handler
                0x0000000008005cb4                EXTI9_5_IRQHandler
                0x0000000008005cb4                SPI2_IRQHandler
                0x0000000008005cb4                MemManage_Handler
                0x0000000008005cb4                SVC_Handler
                0x0000000008005cb4                DMA1_Channel5_IRQHandler
                0x0000000008005cb4                EXTI4_IRQHandler
                0x0000000008005cb4                USB_LP_CAN1_RX0_IRQHandler
                0x0000000008005cb4                USB_HP_CAN1_TX_IRQHandler
                0x0000000008005cb4                DMA1_Channel3_IRQHandler
                0x0000000008005cb4                TIM1_UP_IRQHandler
                0x0000000008005cb4                WWDG_IRQHandler
                0x0000000008005cb4                TIM1_BRK_IRQHandler
                0x0000000008005cb4                EXTI1_IRQHandler
                0x0000000008005cb4                RTCAlarm_IRQHandler
                0x0000000008005cb4                DMA1_Channel2_IRQHandler
                0x0000000008005cb4                CAN1_SCE_IRQHandler
                0x0000000008005cb4                FLASH_IRQHandler
                0x0000000008005cb4                BusFault_Handler
                0x0000000008005cb4                EXTI2_IRQHandler
 .text.beep     0x0000000008005cb8       0x70 obj/SKYROVER/buzzer.o
 .text.beep_code
                0x0000000008005d28       0xa8 obj/SKYROVER/buzzer.o
 .text.buzzer   0x0000000008005dd0      0x120 obj/SKYROVER/buzzer.o
                0x0000000008005dd0                buzzer
 .text.i2a      0x0000000008005ef0       0x28 obj/SKYROVER/cli.o
 .text._atof    0x0000000008005f18      0x12c obj/SKYROVER/cli.o
 .text.cliPrint
                0x0000000008006044       0x1c obj/SKYROVER/cli.o
 .text.cliVersion
                0x0000000008006060        0xc obj/SKYROVER/cli.o
 .text.cliHelp  0x000000000800606c       0x2c obj/SKYROVER/cli.o
 .text.cliStatus
                0x0000000008006098       0xe4 obj/SKYROVER/cli.o
 .text.cliCompare
                0x000000000800617c       0x1a obj/SKYROVER/cli.o
 *fill*         0x0000000008006196        0x2 00
 .text.cliSave  0x0000000008006198       0x30 obj/SKYROVER/cli.o
 .text.cliMap   0x00000000080061c8       0xa0 obj/SKYROVER/cli.o
 .text.cliGpsPassthrough
                0x0000000008006268       0x20 obj/SKYROVER/cli.o
 .text.cliFeature
                0x0000000008006288       0xec obj/SKYROVER/cli.o
 .text.cliExit  0x0000000008006374       0x38 obj/SKYROVER/cli.o
 .text.cliDefaults
                0x00000000080063ac       0x2c obj/SKYROVER/cli.o
 .text.cliMixer
                0x00000000080063d8       0xa0 obj/SKYROVER/cli.o
 .text.cliProfile
                0x0000000008006478       0x4c obj/SKYROVER/cli.o
 .text.cliMotor
                0x00000000080064c4       0xa8 obj/SKYROVER/cli.o
 .text.cliAux   0x000000000800656c       0x60 obj/SKYROVER/cli.o
 .text.itoa     0x00000000080065cc       0x24 obj/SKYROVER/cli.o
                0x00000000080065cc                itoa
 .text.ftoa     0x00000000080065f0       0xd0 obj/SKYROVER/cli.o
 .text.cliPrintVar
                0x00000000080066c0       0x9c obj/SKYROVER/cli.o
 .text.cliSet   0x000000000800675c      0x154 obj/SKYROVER/cli.o
 .text.cliDump  0x00000000080068b0      0x1b4 obj/SKYROVER/cli.o
 .text.cliCMix  0x0000000008006a64      0x244 obj/SKYROVER/cli.o
 .text.cliProcess
                0x0000000008006ca8      0x1e0 obj/SKYROVER/cli.o
                0x0000000008006ca8                cliProcess
 .text.validEEPROM
                0x0000000008006e88       0x44 obj/SKYROVER/config.o
 .text.parseRcChannels
                0x0000000008006ecc       0x30 obj/SKYROVER/config.o
                0x0000000008006ecc                parseRcChannels
 .text.readEEPROM
                0x0000000008006efc      0x110 obj/SKYROVER/config.o
                0x0000000008006efc                readEEPROM
 .text.writeEEPROM
                0x000000000800700c       0xc8 obj/SKYROVER/config.o
                0x000000000800700c                writeEEPROM
 .text.sensors  0x00000000080070d4       0x14 obj/SKYROVER/config.o
                0x00000000080070d4                sensors
 .text.sensorsSet
                0x00000000080070e8       0x10 obj/SKYROVER/config.o
                0x00000000080070e8                sensorsSet
 .text.sensorsClear
                0x00000000080070f8       0x10 obj/SKYROVER/config.o
                0x00000000080070f8                sensorsClear
 .text.sensorsMask
                0x0000000008007108        0xc obj/SKYROVER/config.o
                0x0000000008007108                sensorsMask
 .text.feature  0x0000000008007114       0x14 obj/SKYROVER/config.o
                0x0000000008007114                feature
 .text.featureSet
                0x0000000008007128       0x10 obj/SKYROVER/config.o
                0x0000000008007128                featureSet
 .text.checkFirstTime
                0x0000000008007138      0x2f0 obj/SKYROVER/config.o
                0x0000000008007138                checkFirstTime
 .text.featureClear
                0x0000000008007428       0x10 obj/SKYROVER/config.o
                0x0000000008007428                featureClear
 .text.featureMask
                0x0000000008007438        0xc obj/SKYROVER/config.o
                0x0000000008007438                featureMask
 .text.GPS_calc_longitude_scaling
                0x0000000008007444       0x3c obj/SKYROVER/gps.o
 .text.gpsSetState
                0x0000000008007480       0x18 obj/SKYROVER/gps.o
 .text.GPS_distance_cm_bearing.isra.1
                0x0000000008007498       0x84 obj/SKYROVER/gps.o
 .text.get_I.isra.2
                0x000000000800751c       0x4e obj/SKYROVER/gps.o
 *fill*         0x000000000800756a        0x2 00
 .text.grab_fields.constprop.6
                0x000000000800756c       0x3c obj/SKYROVER/gps.o
 .text.gpsInitHardware
                0x00000000080075a8       0xd4 obj/SKYROVER/gps.o
                0x00000000080075a8                gpsInitHardware
 .text.gpsThread
                0x000000000800767c       0x78 obj/SKYROVER/gps.o
                0x000000000800767c                gpsThread
 .text.GPS_reset_home_position
                0x00000000080076f4       0x48 obj/SKYROVER/gps.o
                0x00000000080076f4                GPS_reset_home_position
 .text.GPS_reset_nav
                0x000000000800773c       0x5c obj/SKYROVER/gps.o
                0x000000000800773c                GPS_reset_nav
 .text.gpsSetPIDs
                0x0000000008007798       0xa4 obj/SKYROVER/gps.o
                0x0000000008007798                gpsSetPIDs
 .text.gpsInit  0x000000000800783c       0x70 obj/SKYROVER/gps.o
                0x000000000800783c                gpsInit
 .text.gpsSetPassthrough
                0x00000000080078ac       0x78 obj/SKYROVER/gps.o
                0x00000000080078ac                gpsSetPassthrough
 .text.GPS_set_next_wp
                0x0000000008007924       0x88 obj/SKYROVER/gps.o
                0x0000000008007924                GPS_set_next_wp
 .text.wrap_18000
                0x00000000080079ac       0x24 obj/SKYROVER/gps.o
                0x00000000080079ac                wrap_18000
 .text.GPS_coord_to_degrees
                0x00000000080079d0       0xa0 obj/SKYROVER/gps.o
                0x00000000080079d0                GPS_coord_to_degrees
 .text.gpsNewData
                0x0000000008007a70      0xc00 obj/SKYROVER/gps.o
 .text.calculateHeading
                0x0000000008008670       0xf8 obj/SKYROVER/imu.o
 .text.imuInit  0x0000000008008768       0x58 obj/SKYROVER/imu.o
                0x0000000008008768                imuInit
 .text.rotateV  0x00000000080087c0      0x16e obj/SKYROVER/imu.o
                0x00000000080087c0                rotateV
 .text.applyDeadband
                0x000000000800892e       0x1e obj/SKYROVER/imu.o
                0x000000000800892e                applyDeadband
 *fill*         0x000000000800894c        0x4 00
 .text.acc_calc
                0x0000000008008950      0x190 obj/SKYROVER/imu.o
                0x0000000008008950                acc_calc
 .text.computeIMU
                0x0000000008008ae0      0x340 obj/SKYROVER/imu.o
                0x0000000008008ae0                computeIMU
 .text.accSum_reset
                0x0000000008008e20       0x20 obj/SKYROVER/imu.o
                0x0000000008008e20                accSum_reset
 .text.getEstimatedAltitude
                0x0000000008008e40      0x37c obj/SKYROVER/imu.o
                0x0000000008008e40                getEstimatedAltitude
 .text._putc    0x00000000080091bc        0xc obj/SKYROVER/main.o
 .text.startup.main
                0x00000000080091c8      0x28c obj/SKYROVER/main.o
                0x00000000080091c8                main
 .text.HardFault_Handler
                0x0000000008009454       0x14 obj/SKYROVER/main.o
                0x0000000008009454                HardFault_Handler
 .text.servoMiddle
                0x0000000008009468       0x28 obj/SKYROVER/mixer.o
                0x0000000008009468                servoMiddle
 .text.mixerResetMotors
                0x0000000008009490       0x30 obj/SKYROVER/mixer.o
                0x0000000008009490                mixerResetMotors
 .text.mixerInit
                0x00000000080094c0      0x114 obj/SKYROVER/mixer.o
                0x00000000080094c0                mixerInit
 .text.mixerLoadMix
                0x00000000080095d4       0x4c obj/SKYROVER/mixer.o
                0x00000000080095d4                mixerLoadMix
 .text.writeServos
                0x0000000008009620       0xc0 obj/SKYROVER/mixer.o
                0x0000000008009620                writeServos
 .text.writeMotors
                0x00000000080096e0       0x28 obj/SKYROVER/mixer.o
                0x00000000080096e0                writeMotors
 .text.writeAllMotors
                0x0000000008009708       0x24 obj/SKYROVER/mixer.o
                0x0000000008009708                writeAllMotors
 .text.mixTable
                0x000000000800972c      0x644 obj/SKYROVER/mixer.o
                0x000000000800972c                mixTable
 .text.pidMultiWii
                0x0000000008009d70      0x230 obj/SKYROVER/mw.o
 .text.pidRewrite
                0x0000000008009fa0      0x164 obj/SKYROVER/mw.o
 .text.blinkLED
                0x000000000800a104       0x4c obj/SKYROVER/mw.o
                0x000000000800a104                blinkLED
 .text.annexCode
                0x000000000800a150      0x410 obj/SKYROVER/mw.o
                0x000000000800a150                annexCode
 .text.pwmReadRawRC
                0x000000000800a560       0x28 obj/SKYROVER/mw.o
                0x000000000800a560                pwmReadRawRC
 .text.computeRC
                0x000000000800a588       0xa0 obj/SKYROVER/mw.o
                0x000000000800a588                computeRC
 .text.mwArm    0x000000000800a628       0x40 obj/SKYROVER/mw.o
                0x000000000800a628                mwArm
 .text.mwDisarm
                0x000000000800a668       0x10 obj/SKYROVER/mw.o
                0x000000000800a668                mwDisarm
 .text.setPIDController
                0x000000000800a678       0x1c obj/SKYROVER/mw.o
                0x000000000800a678                setPIDController
 .text.loop     0x000000000800a694      0xafc obj/SKYROVER/mw.o
                0x000000000800a694                loop
 .text.sensorsAutodetect
                0x000000000800b190      0x1d8 obj/SKYROVER/sensors.o
                0x000000000800b190                sensorsAutodetect
 .text.batteryAdcToVoltage
                0x000000000800b368       0x3c obj/SKYROVER/sensors.o
                0x000000000800b368                batteryAdcToVoltage
 .text.batteryInit
                0x000000000800b3a4       0x58 obj/SKYROVER/sensors.o
                0x000000000800b3a4                batteryInit
 .text.ACC_getADC
                0x000000000800b3fc      0x1cc obj/SKYROVER/sensors.o
                0x000000000800b3fc                ACC_getADC
 .text.Baro_Common
                0x000000000800b5c8       0x44 obj/SKYROVER/sensors.o
                0x000000000800b5c8                Baro_Common
 .text.Baro_update
                0x000000000800b60c       0x70 obj/SKYROVER/sensors.o
                0x000000000800b60c                Baro_update
 .text.Gyro_getADC
                0x000000000800b67c      0x198 obj/SKYROVER/sensors.o
                0x000000000800b67c                Gyro_getADC
 .text.Mag_init
                0x000000000800b814       0x20 obj/SKYROVER/sensors.o
                0x000000000800b814                Mag_init
 .text.Mag_getADC
                0x000000000800b834      0x120 obj/SKYROVER/sensors.o
                0x000000000800b834                Mag_getADC
 .text.serialize32
                0x000000000800b954       0x6c obj/SKYROVER/serial.o
                0x000000000800b954                serialize32
 .text.serialize16
                0x000000000800b9c0       0x44 obj/SKYROVER/serial.o
                0x000000000800b9c0                serialize16
 .text.serialize8
                0x000000000800ba04       0x20 obj/SKYROVER/serial.o
                0x000000000800ba04                serialize8
 .text.read8    0x000000000800ba24       0x18 obj/SKYROVER/serial.o
                0x000000000800ba24                read8
 .text.read16   0x000000000800ba3c       0x14 obj/SKYROVER/serial.o
                0x000000000800ba3c                read16
 .text.read32   0x000000000800ba50       0x12 obj/SKYROVER/serial.o
                0x000000000800ba50                read32
 *fill*         0x000000000800ba62        0x2 00
 .text.headSerialResponse
                0x000000000800ba64       0x40 obj/SKYROVER/serial.o
                0x000000000800ba64                headSerialResponse
 .text.headSerialReply
                0x000000000800baa4        0x8 obj/SKYROVER/serial.o
                0x000000000800baa4                headSerialReply
 .text.headSerialError
                0x000000000800baac        0x8 obj/SKYROVER/serial.o
                0x000000000800baac                headSerialError
 .text.tailSerialReply
                0x000000000800bab4        0xc obj/SKYROVER/serial.o
                0x000000000800bab4                tailSerialReply
 .text.s_struct
                0x000000000800bac0       0x24 obj/SKYROVER/serial.o
                0x000000000800bac0                s_struct
 .text.serializeNames
                0x000000000800bae4       0x12 obj/SKYROVER/serial.o
                0x000000000800bae4                serializeNames
 *fill*         0x000000000800baf6        0x2 00
 .text.serializeBoxNamesReply
                0x000000000800baf8       0x68 obj/SKYROVER/serial.o
                0x000000000800baf8                serializeBoxNamesReply
 .text.serialInit
                0x000000000800bb60      0x10c obj/SKYROVER/serial.o
                0x000000000800bb60                serialInit
 .text.serialCom
                0x000000000800bc6c      0xbac obj/SKYROVER/serial.o
                0x000000000800bc6c                serialCom
 .text.sbusReadRawRC
                0x000000000800c818       0x20 obj/SKYROVER/sbus.o
 .text.sbusDataReceive
                0x000000000800c838       0x5c obj/SKYROVER/sbus.o
 .text.sbusInit
                0x000000000800c894       0x5c obj/SKYROVER/sbus.o
                0x000000000800c894                sbusInit
 .text.sbusFrameComplete
                0x000000000800c8f0       0xb0 obj/SKYROVER/sbus.o
                0x000000000800c8f0                sbusFrameComplete
 .text.sumdReadRawRC
                0x000000000800c9a0       0x1c obj/SKYROVER/sumd.o
 .text.sumdDataReceive
                0x000000000800c9bc       0x74 obj/SKYROVER/sumd.o
 .text.sumdInit
                0x000000000800ca30       0x30 obj/SKYROVER/sumd.o
                0x000000000800ca30                sumdInit
 .text.sumdFrameComplete
                0x000000000800ca60       0x68 obj/SKYROVER/sumd.o
                0x000000000800ca60                sumdFrameComplete
 .text.spektrumDataReceive
                0x000000000800cac8       0x68 obj/SKYROVER/spektrum.o
 .text.spektrumReadRawRC
                0x000000000800cb30       0x90 obj/SKYROVER/spektrum.o
 .text.spektrumInit
                0x000000000800cbc0       0x68 obj/SKYROVER/spektrum.o
                0x000000000800cbc0                spektrumInit
 .text.spektrumFrameComplete
                0x000000000800cc28        0xc obj/SKYROVER/spektrum.o
                0x000000000800cc28                spektrumFrameComplete
 .text.sendDataHead
                0x000000000800cc34       0x20 obj/SKYROVER/telemetry.o
 .text.sendTelemetryTail
                0x000000000800cc54       0x10 obj/SKYROVER/telemetry.o
 .text.serializeFrsky
                0x000000000800cc64       0x30 obj/SKYROVER/telemetry.o
 .text.serialize16
                0x000000000800cc94       0x16 obj/SKYROVER/telemetry.o
 *fill*         0x000000000800ccaa        0x2 00
 .text.initTelemetry
                0x000000000800ccac       0x30 obj/SKYROVER/telemetry.o
                0x000000000800ccac                initTelemetry
 .text.updateTelemetryState
                0x000000000800ccdc       0x5c obj/SKYROVER/telemetry.o
                0x000000000800ccdc                updateTelemetryState
 .text.sendTelemetry
                0x000000000800cd38      0x30c obj/SKYROVER/telemetry.o
                0x000000000800cd38                sendTelemetry
 .text.gpioInit
                0x000000000800d044       0x76 obj/SKYROVER/drv_gpio.o
                0x000000000800d044                gpioInit
 *fill*         0x000000000800d0ba        0x2 00
 .text.gpioExtiLineConfig
                0x000000000800d0bc       0x34 obj/SKYROVER/drv_gpio.o
                0x000000000800d0bc                gpioExtiLineConfig
 .text.i2c_ev_handler
                0x000000000800d0f0      0x31c obj/SKYROVER/drv_i2c.o
 .text.I2C1_EV_IRQHandler
                0x000000000800d40c        0x4 obj/SKYROVER/drv_i2c.o
                0x000000000800d40c                I2C1_EV_IRQHandler
 .text.I2C2_EV_IRQHandler
                0x000000000800d410        0x4 obj/SKYROVER/drv_i2c.o
                0x000000000800d410                I2C2_EV_IRQHandler
 .text.i2cInit  0x000000000800d414      0x130 obj/SKYROVER/drv_i2c.o
                0x000000000800d414                i2cInit
 .text.i2cRead  0x000000000800d544       0xc4 obj/SKYROVER/drv_i2c.o
                0x000000000800d544                i2cRead
 .text.i2cWriteBuffer
                0x000000000800d608       0xc4 obj/SKYROVER/drv_i2c.o
                0x000000000800d608                i2cWriteBuffer
 .text.i2cWrite
                0x000000000800d6cc       0x10 obj/SKYROVER/drv_i2c.o
                0x000000000800d6cc                i2cWrite
 .text.i2c_er_handler
                0x000000000800d6dc       0xac obj/SKYROVER/drv_i2c.o
 .text.I2C2_ER_IRQHandler
                0x000000000800d788        0x4 obj/SKYROVER/drv_i2c.o
                0x000000000800d788                I2C2_ER_IRQHandler
 .text.I2C1_ER_IRQHandler
                0x000000000800d78c        0x4 obj/SKYROVER/drv_i2c.o
                0x000000000800d78c                I2C1_ER_IRQHandler
 .text.i2cGetErrorCounter
                0x000000000800d790        0xc obj/SKYROVER/drv_i2c.o
                0x000000000800d790                i2cGetErrorCounter
 .text.SysTick_Handler
                0x000000000800d79c       0x10 obj/SKYROVER/drv_system.o
                0x000000000800d79c                SysTick_Handler
 .text.micros   0x000000000800d7ac       0x34 obj/SKYROVER/drv_system.o
                0x000000000800d7ac                micros
 .text.millis   0x000000000800d7e0        0xc obj/SKYROVER/drv_system.o
                0x000000000800d7e0                millis
 .text.delayMicroseconds
                0x000000000800d7ec       0x16 obj/SKYROVER/drv_system.o
                0x000000000800d7ec                delayMicroseconds
 .text.delay    0x000000000800d802       0x14 obj/SKYROVER/drv_system.o
                0x000000000800d802                delay
 *fill*         0x000000000800d816        0x2 00
 .text.systemInit
                0x000000000800d818      0x128 obj/SKYROVER/drv_system.o
                0x000000000800d818                systemInit
 .text.failureMode
                0x000000000800d940       0x38 obj/SKYROVER/drv_system.o
                0x000000000800d940                failureMode
 .text.systemReset
                0x000000000800d978       0x20 obj/SKYROVER/drv_system.o
                0x000000000800d978                systemReset
 .text.systemBeep
                0x000000000800d998        0x2 obj/SKYROVER/drv_system.o
                0x000000000800d998                systemBeep
 .text.serialWrite
                0x000000000800d99a        0xa obj/SKYROVER/drv_serial.o
                0x000000000800d99a                serialWrite
 .text.serialPrint
                0x000000000800d9a4       0x16 obj/SKYROVER/drv_serial.o
                0x000000000800d9a4                serialPrint
 .text.serialTotalBytesWaiting
                0x000000000800d9ba        0xa obj/SKYROVER/drv_serial.o
                0x000000000800d9ba                serialTotalBytesWaiting
 .text.serialRead
                0x000000000800d9c4        0xa obj/SKYROVER/drv_serial.o
                0x000000000800d9c4                serialRead
 .text.serialSetBaudRate
                0x000000000800d9ce        0xa obj/SKYROVER/drv_serial.o
                0x000000000800d9ce                serialSetBaudRate
 .text.isSerialTransmitBufferEmpty
                0x000000000800d9d8        0xa obj/SKYROVER/drv_serial.o
                0x000000000800d9d8                isSerialTransmitBufferEmpty
 .text.softSerialTotalBytesWaiting
                0x000000000800d9e2       0x18 obj/SKYROVER/drv_softserial.o
                0x000000000800d9e2                softSerialTotalBytesWaiting
 .text.softSerialWriteByte
                0x000000000800d9fa       0x18 obj/SKYROVER/drv_softserial.o
                0x000000000800d9fa                softSerialWriteByte
 .text.softSerialSetBaudRate
                0x000000000800da12        0x2 obj/SKYROVER/drv_softserial.o
                0x000000000800da12                softSerialSetBaudRate
 .text.isSoftSerialTransmitBufferEmpty
                0x000000000800da14        0xe obj/SKYROVER/drv_softserial.o
                0x000000000800da14                isSoftSerialTransmitBufferEmpty
 .text.softSerialReadByte
                0x000000000800da22       0x22 obj/SKYROVER/drv_softserial.o
                0x000000000800da22                softSerialReadByte
 .text.readRxSignal
                0x000000000800da44       0x20 obj/SKYROVER/drv_softserial.o
                0x000000000800da44                readRxSignal
 .text.setTxSignal
                0x000000000800da64       0x2e obj/SKYROVER/drv_softserial.o
                0x000000000800da64                setTxSignal
 .text.serialInputPortConfig
                0x000000000800da92       0x20 obj/SKYROVER/drv_softserial.o
                0x000000000800da92                serialInputPortConfig
 *fill*         0x000000000800dab2        0x2 00
 .text.serialTimerConfig
                0x000000000800dab4       0x2c obj/SKYROVER/drv_softserial.o
                0x000000000800dab4                serialTimerConfig
 .text.serialOutputPortConfig
                0x000000000800dae0       0x20 obj/SKYROVER/drv_softserial.o
                0x000000000800dae0                serialOutputPortConfig
 .text.setupSoftSerial1
                0x000000000800db00       0x8c obj/SKYROVER/drv_softserial.o
                0x000000000800db00                setupSoftSerial1
 .text.updateBufferIndex
                0x000000000800db8c       0x14 obj/SKYROVER/drv_softserial.o
                0x000000000800db8c                updateBufferIndex
 .text.searchForStartBit
                0x000000000800dba0       0x30 obj/SKYROVER/drv_softserial.o
                0x000000000800dba0                searchForStartBit
 .text.searchForStopBit
                0x000000000800dbd0       0x38 obj/SKYROVER/drv_softserial.o
                0x000000000800dbd0                searchForStopBit
 .text.readDataBit
                0x000000000800dc08       0x46 obj/SKYROVER/drv_softserial.o
                0x000000000800dc08                readDataBit
 .text.processRxState
                0x000000000800dc4e       0x2a obj/SKYROVER/drv_softserial.o
                0x000000000800dc4e                processRxState
 .text.processTxState
                0x000000000800dc78       0x74 obj/SKYROVER/drv_softserial.o
                0x000000000800dc78                processTxState
 .text.onSerialTimer
                0x000000000800dcec       0x20 obj/SKYROVER/drv_softserial.o
                0x000000000800dcec                onSerialTimer
 .text.uartTotalBytesWaiting
                0x000000000800dd0c       0x16 obj/SKYROVER/drv_uart.o
                0x000000000800dd0c                uartTotalBytesWaiting
 .text.isUartTransmitBufferEmpty
                0x000000000800dd22       0x18 obj/SKYROVER/drv_uart.o
                0x000000000800dd22                isUartTransmitBufferEmpty
 .text.uartStartTxDMA
                0x000000000800dd3a       0x30 obj/SKYROVER/drv_uart.o
 .text.uartSetBaudRate
                0x000000000800dd6a       0x4a obj/SKYROVER/drv_uart.o
                0x000000000800dd6a                uartSetBaudRate
 .text.uartRead
                0x000000000800ddb4       0x30 obj/SKYROVER/drv_uart.o
                0x000000000800ddb4                uartRead
 .text.uartWrite
                0x000000000800dde4       0x3c obj/SKYROVER/drv_uart.o
                0x000000000800dde4                uartWrite
 .text.serialUSART1
                0x000000000800de20       0xa0 obj/SKYROVER/drv_uart.o
                0x000000000800de20                serialUSART1
 .text.serialUSART2
                0x000000000800dec0       0x98 obj/SKYROVER/drv_uart.o
                0x000000000800dec0                serialUSART2
 .text.uartOpen
                0x000000000800df58      0x170 obj/SKYROVER/drv_uart.o
                0x000000000800df58                uartOpen
 .text.DMA1_Channel4_IRQHandler
                0x000000000800e0c8       0x34 obj/SKYROVER/drv_uart.o
                0x000000000800e0c8                DMA1_Channel4_IRQHandler
 .text.USART1_IRQHandler
                0x000000000800e0fc       0x3c obj/SKYROVER/drv_uart.o
                0x000000000800e0fc                USART1_IRQHandler
 .text.USART2_IRQHandler
                0x000000000800e138       0x78 obj/SKYROVER/drv_uart.o
                0x000000000800e138                USART2_IRQHandler
 .text.uli2a    0x000000000800e1b0       0x4a obj/SKYROVER/printf.o
 .text.ui2a     0x000000000800e1fa       0x4a obj/SKYROVER/printf.o
 .text.putchw   0x000000000800e244       0x48 obj/SKYROVER/printf.o
 .text.tfp_format
                0x000000000800e28c      0x16c obj/SKYROVER/printf.o
                0x000000000800e28c                tfp_format
 .text.init_printf
                0x000000000800e3f8       0x14 obj/SKYROVER/printf.o
                0x000000000800e3f8                init_printf
 .text.tfp_printf
                0x000000000800e40c       0x38 obj/SKYROVER/printf.o
                0x000000000800e40c                tfp_printf
 .text.constrain
                0x000000000800e444       0x10 obj/SKYROVER/utils.o
                0x000000000800e444                constrain
 *fill*         0x000000000800e454        0x4 00
 .text.initBoardAlignment
                0x000000000800e458      0x170 obj/SKYROVER/utils.o
                0x000000000800e458                initBoardAlignment
 .text.alignBoard
                0x000000000800e5c8       0xc4 obj/SKYROVER/utils.o
                0x000000000800e5c8                alignBoard
 .text.alignSensors
                0x000000000800e68c       0x7c obj/SKYROVER/utils.o
                0x000000000800e68c                alignSensors
 .text.SystemInit
                0x000000000800e708       0x4c obj/SKYROVER/system_stm32f10x.o
                0x000000000800e708                SystemInit
 .text.SystemCoreClockUpdate
                0x000000000800e754       0x74 obj/SKYROVER/system_stm32f10x.o
                0x000000000800e754                SystemCoreClockUpdate
 .text.SetSysClock
                0x000000000800e7c8      0x15c obj/SKYROVER/system_stm32f10x.o
                0x000000000800e7c8                SetSysClock
 .text.NVIC_PriorityGroupConfig
                0x000000000800e924       0x14 obj/SKYROVER/misc.o
                0x000000000800e924                NVIC_PriorityGroupConfig
 .text.NVIC_Init
                0x000000000800e938       0x68 obj/SKYROVER/misc.o
                0x000000000800e938                NVIC_Init
 .text.ADC_Init
                0x000000000800e9a0       0x48 obj/SKYROVER/stm32f10x_adc.o
                0x000000000800e9a0                ADC_Init
 .text.ADC_Cmd  0x000000000800e9e8       0x12 obj/SKYROVER/stm32f10x_adc.o
                0x000000000800e9e8                ADC_Cmd
 .text.ADC_DMACmd
                0x000000000800e9fa       0x12 obj/SKYROVER/stm32f10x_adc.o
                0x000000000800e9fa                ADC_DMACmd
 .text.ADC_ResetCalibration
                0x000000000800ea0c        0xa obj/SKYROVER/stm32f10x_adc.o
                0x000000000800ea0c                ADC_ResetCalibration
 .text.ADC_GetResetCalibrationStatus
                0x000000000800ea16        0x8 obj/SKYROVER/stm32f10x_adc.o
                0x000000000800ea16                ADC_GetResetCalibrationStatus
 .text.ADC_StartCalibration
                0x000000000800ea1e        0xa obj/SKYROVER/stm32f10x_adc.o
                0x000000000800ea1e                ADC_StartCalibration
 .text.ADC_GetCalibrationStatus
                0x000000000800ea28        0x8 obj/SKYROVER/stm32f10x_adc.o
                0x000000000800ea28                ADC_GetCalibrationStatus
 .text.ADC_SoftwareStartConvCmd
                0x000000000800ea30       0x12 obj/SKYROVER/stm32f10x_adc.o
                0x000000000800ea30                ADC_SoftwareStartConvCmd
 .text.ADC_RegularChannelConfig
                0x000000000800ea42       0x9a obj/SKYROVER/stm32f10x_adc.o
                0x000000000800ea42                ADC_RegularChannelConfig
 .text.DMA_DeInit
                0x000000000800eadc       0xf0 obj/SKYROVER/stm32f10x_dma.o
                0x000000000800eadc                DMA_DeInit
 .text.DMA_Init
                0x000000000800ebcc       0x40 obj/SKYROVER/stm32f10x_dma.o
                0x000000000800ebcc                DMA_Init
 .text.DMA_StructInit
                0x000000000800ec0c       0x1a obj/SKYROVER/stm32f10x_dma.o
                0x000000000800ec0c                DMA_StructInit
 .text.DMA_Cmd  0x000000000800ec26       0x16 obj/SKYROVER/stm32f10x_dma.o
                0x000000000800ec26                DMA_Cmd
 .text.DMA_ITConfig
                0x000000000800ec3c       0x10 obj/SKYROVER/stm32f10x_dma.o
                0x000000000800ec3c                DMA_ITConfig
 .text.DMA_SetCurrDataCounter
                0x000000000800ec4c        0x4 obj/SKYROVER/stm32f10x_dma.o
                0x000000000800ec4c                DMA_SetCurrDataCounter
 .text.DMA_GetCurrDataCounter
                0x000000000800ec50        0x6 obj/SKYROVER/stm32f10x_dma.o
                0x000000000800ec50                DMA_GetCurrDataCounter
 *fill*         0x000000000800ec56        0x2 00
 .text.DMA_ClearITPendingBit
                0x000000000800ec58       0x14 obj/SKYROVER/stm32f10x_dma.o
                0x000000000800ec58                DMA_ClearITPendingBit
 .text.EXTI_Init
                0x000000000800ec6c       0x78 obj/SKYROVER/stm32f10x_exti.o
                0x000000000800ec6c                EXTI_Init
 .text.EXTI_GetITStatus
                0x000000000800ece4       0x20 obj/SKYROVER/stm32f10x_exti.o
                0x000000000800ece4                EXTI_GetITStatus
 .text.EXTI_ClearITPendingBit
                0x000000000800ed04        0xc obj/SKYROVER/stm32f10x_exti.o
                0x000000000800ed04                EXTI_ClearITPendingBit
 .text.FLASH_Unlock
                0x000000000800ed10       0x18 obj/SKYROVER/stm32f10x_flash.o
                0x000000000800ed10                FLASH_Unlock
 .text.FLASH_Lock
                0x000000000800ed28       0x10 obj/SKYROVER/stm32f10x_flash.o
                0x000000000800ed28                FLASH_Lock
 .text.FLASH_ClearFlag
                0x000000000800ed38        0xc obj/SKYROVER/stm32f10x_flash.o
                0x000000000800ed38                FLASH_ClearFlag
 .text.FLASH_GetBank1Status
                0x000000000800ed44       0x28 obj/SKYROVER/stm32f10x_flash.o
                0x000000000800ed44                FLASH_GetBank1Status
 .text.FLASH_WaitForLastOperation
                0x000000000800ed6c       0x22 obj/SKYROVER/stm32f10x_flash.o
                0x000000000800ed6c                FLASH_WaitForLastOperation
 *fill*         0x000000000800ed8e        0x2 00
 .text.FLASH_ProgramWord
                0x000000000800ed90       0x54 obj/SKYROVER/stm32f10x_flash.o
                0x000000000800ed90                FLASH_ProgramWord
 .text.FLASH_ErasePage
                0x000000000800ede4       0x3c obj/SKYROVER/stm32f10x_flash.o
                0x000000000800ede4                FLASH_ErasePage
 .text.I2C_DeInit
                0x000000000800ee20       0x34 obj/SKYROVER/stm32f10x_i2c.o
                0x000000000800ee20                I2C_DeInit
 .text.I2C_Init
                0x000000000800ee54       0xd4 obj/SKYROVER/stm32f10x_i2c.o
                0x000000000800ee54                I2C_Init
 .text.I2C_StructInit
                0x000000000800ef28       0x1c obj/SKYROVER/stm32f10x_i2c.o
                0x000000000800ef28                I2C_StructInit
 .text.I2C_Cmd  0x000000000800ef44       0x18 obj/SKYROVER/stm32f10x_i2c.o
                0x000000000800ef44                I2C_Cmd
 .text.I2C_GenerateSTART
                0x000000000800ef5c       0x18 obj/SKYROVER/stm32f10x_i2c.o
                0x000000000800ef5c                I2C_GenerateSTART
 .text.I2C_GenerateSTOP
                0x000000000800ef74       0x18 obj/SKYROVER/stm32f10x_i2c.o
                0x000000000800ef74                I2C_GenerateSTOP
 .text.I2C_AcknowledgeConfig
                0x000000000800ef8c       0x18 obj/SKYROVER/stm32f10x_i2c.o
                0x000000000800ef8c                I2C_AcknowledgeConfig
 .text.I2C_ITConfig
                0x000000000800efa4       0x12 obj/SKYROVER/stm32f10x_i2c.o
                0x000000000800efa4                I2C_ITConfig
 .text.I2C_SendData
                0x000000000800efb6        0x4 obj/SKYROVER/stm32f10x_i2c.o
                0x000000000800efb6                I2C_SendData
 .text.I2C_ReceiveData
                0x000000000800efba        0x6 obj/SKYROVER/stm32f10x_i2c.o
                0x000000000800efba                I2C_ReceiveData
 .text.I2C_Send7bitAddress
                0x000000000800efc0       0x10 obj/SKYROVER/stm32f10x_i2c.o
                0x000000000800efc0                I2C_Send7bitAddress
 .text.RCC_GetClocksFreq
                0x000000000800efd0       0x9c obj/SKYROVER/stm32f10x_rcc.o
                0x000000000800efd0                RCC_GetClocksFreq
 .text.RCC_AHBPeriphClockCmd
                0x000000000800f06c       0x18 obj/SKYROVER/stm32f10x_rcc.o
                0x000000000800f06c                RCC_AHBPeriphClockCmd
 .text.RCC_APB2PeriphClockCmd
                0x000000000800f084       0x18 obj/SKYROVER/stm32f10x_rcc.o
                0x000000000800f084                RCC_APB2PeriphClockCmd
 .text.RCC_APB1PeriphClockCmd
                0x000000000800f09c       0x18 obj/SKYROVER/stm32f10x_rcc.o
                0x000000000800f09c                RCC_APB1PeriphClockCmd
 .text.RCC_APB2PeriphResetCmd
                0x000000000800f0b4       0x18 obj/SKYROVER/stm32f10x_rcc.o
                0x000000000800f0b4                RCC_APB2PeriphResetCmd
 .text.RCC_APB1PeriphResetCmd
                0x000000000800f0cc       0x18 obj/SKYROVER/stm32f10x_rcc.o
                0x000000000800f0cc                RCC_APB1PeriphResetCmd
 .text.RCC_ClearFlag
                0x000000000800f0e4       0x10 obj/SKYROVER/stm32f10x_rcc.o
                0x000000000800f0e4                RCC_ClearFlag
 .text.SPI_I2S_DeInit
                0x000000000800f0f4       0x64 obj/SKYROVER/stm32f10x_spi.o
                0x000000000800f0f4                SPI_I2S_DeInit
 .text.SPI_Init
                0x000000000800f158       0x3e obj/SKYROVER/stm32f10x_spi.o
                0x000000000800f158                SPI_Init
 .text.SPI_Cmd  0x000000000800f196       0x18 obj/SKYROVER/stm32f10x_spi.o
                0x000000000800f196                SPI_Cmd
 .text.SPI_I2S_SendData
                0x000000000800f1ae        0x4 obj/SKYROVER/stm32f10x_spi.o
                0x000000000800f1ae                SPI_I2S_SendData
 .text.SPI_I2S_ReceiveData
                0x000000000800f1b2        0x6 obj/SKYROVER/stm32f10x_spi.o
                0x000000000800f1b2                SPI_I2S_ReceiveData
 .text.SPI_I2S_GetFlagStatus
                0x000000000800f1b8        0xc obj/SKYROVER/stm32f10x_spi.o
                0x000000000800f1b8                SPI_I2S_GetFlagStatus
 .text.TI1_Config
                0x000000000800f1c4       0x68 obj/SKYROVER/stm32f10x_tim.o
 .text.TI2_Config
                0x000000000800f22c       0x78 obj/SKYROVER/stm32f10x_tim.o
 .text.TIM_TimeBaseInit
                0x000000000800f2a4       0x94 obj/SKYROVER/stm32f10x_tim.o
                0x000000000800f2a4                TIM_TimeBaseInit
 .text.TIM_OC1Init
                0x000000000800f338       0x88 obj/SKYROVER/stm32f10x_tim.o
                0x000000000800f338                TIM_OC1Init
 .text.TIM_OC2Init
                0x000000000800f3c0       0x88 obj/SKYROVER/stm32f10x_tim.o
                0x000000000800f3c0                TIM_OC2Init
 .text.TIM_OC3Init
                0x000000000800f448       0x84 obj/SKYROVER/stm32f10x_tim.o
                0x000000000800f448                TIM_OC3Init
 .text.TIM_OC4Init
                0x000000000800f4cc       0x68 obj/SKYROVER/stm32f10x_tim.o
                0x000000000800f4cc                TIM_OC4Init
 .text.TIM_TimeBaseStructInit
                0x000000000800f534       0x12 obj/SKYROVER/stm32f10x_tim.o
                0x000000000800f534                TIM_TimeBaseStructInit
 .text.TIM_OCStructInit
                0x000000000800f546       0x14 obj/SKYROVER/stm32f10x_tim.o
                0x000000000800f546                TIM_OCStructInit
 .text.TIM_ICStructInit
                0x000000000800f55a       0x10 obj/SKYROVER/stm32f10x_tim.o
                0x000000000800f55a                TIM_ICStructInit
 .text.TIM_Cmd  0x000000000800f56a       0x18 obj/SKYROVER/stm32f10x_tim.o
                0x000000000800f56a                TIM_Cmd
 .text.TIM_CtrlPWMOutputs
                0x000000000800f582       0x1c obj/SKYROVER/stm32f10x_tim.o
                0x000000000800f582                TIM_CtrlPWMOutputs
 .text.TIM_ITConfig
                0x000000000800f59e       0x12 obj/SKYROVER/stm32f10x_tim.o
                0x000000000800f59e                TIM_ITConfig
 .text.TIM_OC1PreloadConfig
                0x000000000800f5b0       0x10 obj/SKYROVER/stm32f10x_tim.o
                0x000000000800f5b0                TIM_OC1PreloadConfig
 .text.TIM_OC2PreloadConfig
                0x000000000800f5c0       0x14 obj/SKYROVER/stm32f10x_tim.o
                0x000000000800f5c0                TIM_OC2PreloadConfig
 .text.TIM_OC3PreloadConfig
                0x000000000800f5d4       0x10 obj/SKYROVER/stm32f10x_tim.o
                0x000000000800f5d4                TIM_OC3PreloadConfig
 .text.TIM_OC4PreloadConfig
                0x000000000800f5e4       0x14 obj/SKYROVER/stm32f10x_tim.o
                0x000000000800f5e4                TIM_OC4PreloadConfig
 .text.TIM_SetIC1Prescaler
                0x000000000800f5f8       0x16 obj/SKYROVER/stm32f10x_tim.o
                0x000000000800f5f8                TIM_SetIC1Prescaler
 .text.TIM_SetIC2Prescaler
                0x000000000800f60e       0x1a obj/SKYROVER/stm32f10x_tim.o
                0x000000000800f60e                TIM_SetIC2Prescaler
 .text.TIM_SetIC3Prescaler
                0x000000000800f628       0x16 obj/SKYROVER/stm32f10x_tim.o
                0x000000000800f628                TIM_SetIC3Prescaler
 .text.TIM_SetIC4Prescaler
                0x000000000800f63e       0x1a obj/SKYROVER/stm32f10x_tim.o
                0x000000000800f63e                TIM_SetIC4Prescaler
 .text.TIM_ICInit
                0x000000000800f658      0x138 obj/SKYROVER/stm32f10x_tim.o
                0x000000000800f658                TIM_ICInit
 .text.TIM_GetCapture1
                0x000000000800f790        0x6 obj/SKYROVER/stm32f10x_tim.o
                0x000000000800f790                TIM_GetCapture1
 .text.TIM_GetCapture2
                0x000000000800f796        0x6 obj/SKYROVER/stm32f10x_tim.o
                0x000000000800f796                TIM_GetCapture2
 .text.TIM_GetCapture3
                0x000000000800f79c        0x6 obj/SKYROVER/stm32f10x_tim.o
                0x000000000800f79c                TIM_GetCapture3
 .text.TIM_GetCapture4
                0x000000000800f7a2        0x8 obj/SKYROVER/stm32f10x_tim.o
                0x000000000800f7a2                TIM_GetCapture4
 .text.TIM_GetITStatus
                0x000000000800f7aa       0x16 obj/SKYROVER/stm32f10x_tim.o
                0x000000000800f7aa                TIM_GetITStatus
 .text.TIM_ClearITPendingBit
                0x000000000800f7c0        0x8 obj/SKYROVER/stm32f10x_tim.o
                0x000000000800f7c0                TIM_ClearITPendingBit
 .text.USART_Init
                0x000000000800f7c8       0xb0 obj/SKYROVER/stm32f10x_usart.o
                0x000000000800f7c8                USART_Init
 .text.USART_Cmd
                0x000000000800f878       0x18 obj/SKYROVER/stm32f10x_usart.o
                0x000000000800f878                USART_Cmd
 .text.USART_ITConfig
                0x000000000800f890       0x34 obj/SKYROVER/stm32f10x_usart.o
                0x000000000800f890                USART_ITConfig
 .text.USART_DMACmd
                0x000000000800f8c4       0x12 obj/SKYROVER/stm32f10x_usart.o
                0x000000000800f8c4                USART_DMACmd
 *fill*         0x000000000800f8d6        0x2 00
 .text.cosf     0x000000000800f8d8       0x68 /Users/imac/Develop/stm32f4/arm_gcc/gcc-arm-none-eabi-4_7-2013q3/bin/../lib/gcc/arm-none-eabi/4.7.4/../../../../arm-none-eabi/lib/armv7-m/libm.a(lib_a-sf_cos.o)
                0x000000000800f8d8                cosf
 .text.lrintf   0x000000000800f940       0x80 /Users/imac/Develop/stm32f4/arm_gcc/gcc-arm-none-eabi-4_7-2013q3/bin/../lib/gcc/arm-none-eabi/4.7.4/../../../../arm-none-eabi/lib/armv7-m/libm.a(lib_a-sf_lrint.o)
                0x000000000800f940                lrintf
 .text.sinf     0x000000000800f9c0       0x78 /Users/imac/Develop/stm32f4/arm_gcc/gcc-arm-none-eabi-4_7-2013q3/bin/../lib/gcc/arm-none-eabi/4.7.4/../../../../arm-none-eabi/lib/armv7-m/libm.a(lib_a-sf_sin.o)
                0x000000000800f9c0                sinf
 .text.atan2f   0x000000000800fa38        0x4 /Users/imac/Develop/stm32f4/arm_gcc/gcc-arm-none-eabi-4_7-2013q3/bin/../lib/gcc/arm-none-eabi/4.7.4/../../../../arm-none-eabi/lib/armv7-m/libm.a(lib_a-wf_atan2.o)
                0x000000000800fa38                atan2f
 .text.powf     0x000000000800fa3c      0x328 /Users/imac/Develop/stm32f4/arm_gcc/gcc-arm-none-eabi-4_7-2013q3/bin/../lib/gcc/arm-none-eabi/4.7.4/../../../../arm-none-eabi/lib/armv7-m/libm.a(lib_a-wf_pow.o)
                0x000000000800fa3c                powf
 .text.sqrtf    0x000000000800fd64       0x9c /Users/imac/Develop/stm32f4/arm_gcc/gcc-arm-none-eabi-4_7-2013q3/bin/../lib/gcc/arm-none-eabi/4.7.4/../../../../arm-none-eabi/lib/armv7-m/libm.a(lib_a-wf_sqrt.o)
                0x000000000800fd64                sqrtf
 .text.__ieee754_atan2f
                0x000000000800fe00      0x14c /Users/imac/Develop/stm32f4/arm_gcc/gcc-arm-none-eabi-4_7-2013q3/bin/../lib/gcc/arm-none-eabi/4.7.4/../../../../arm-none-eabi/lib/armv7-m/libm.a(lib_a-ef_atan2.o)
                0x000000000800fe00                __ieee754_atan2f
 .text.__ieee754_powf
                0x000000000800ff4c      0x740 /Users/imac/Develop/stm32f4/arm_gcc/gcc-arm-none-eabi-4_7-2013q3/bin/../lib/gcc/arm-none-eabi/4.7.4/../../../../arm-none-eabi/lib/armv7-m/libm.a(lib_a-ef_pow.o)
                0x000000000800ff4c                __ieee754_powf
 .text.__ieee754_rem_pio2f
                0x000000000801068c      0x358 /Users/imac/Develop/stm32f4/arm_gcc/gcc-arm-none-eabi-4_7-2013q3/bin/../lib/gcc/arm-none-eabi/4.7.4/../../../../arm-none-eabi/lib/armv7-m/libm.a(lib_a-ef_rem_pio2.o)
                0x000000000801068c                __ieee754_rem_pio2f
 .text.__ieee754_sqrtf
                0x00000000080109e4       0xd4 /Users/imac/Develop/stm32f4/arm_gcc/gcc-arm-none-eabi-4_7-2013q3/bin/../lib/gcc/arm-none-eabi/4.7.4/../../../../arm-none-eabi/lib/armv7-m/libm.a(lib_a-ef_sqrt.o)
                0x00000000080109e4                __ieee754_sqrtf
 .text.__kernel_cosf
                0x0000000008010ab8      0x1b8 /Users/imac/Develop/stm32f4/arm_gcc/gcc-arm-none-eabi-4_7-2013q3/bin/../lib/gcc/arm-none-eabi/4.7.4/../../../../arm-none-eabi/lib/armv7-m/libm.a(lib_a-kf_cos.o)
                0x0000000008010ab8                __kernel_cosf
 .text.__kernel_rem_pio2f
                0x0000000008010c70      0xba0 /Users/imac/Develop/stm32f4/arm_gcc/gcc-arm-none-eabi-4_7-2013q3/bin/../lib/gcc/arm-none-eabi/4.7.4/../../../../arm-none-eabi/lib/armv7-m/libm.a(lib_a-kf_rem_pio2.o)
                0x0000000008010c70                __kernel_rem_pio2f
 .text.__kernel_sinf
                0x0000000008011810      0x100 /Users/imac/Develop/stm32f4/arm_gcc/gcc-arm-none-eabi-4_7-2013q3/bin/../lib/gcc/arm-none-eabi/4.7.4/../../../../arm-none-eabi/lib/armv7-m/libm.a(lib_a-kf_sin.o)
                0x0000000008011810                __kernel_sinf
 .text.matherr  0x0000000008011910        0x4 /Users/imac/Develop/stm32f4/arm_gcc/gcc-arm-none-eabi-4_7-2013q3/bin/../lib/gcc/arm-none-eabi/4.7.4/../../../../arm-none-eabi/lib/armv7-m/libm.a(lib_a-s_matherr.o)
                0x0000000008011910                matherr
 .text.rint     0x0000000008011914      0x128 /Users/imac/Develop/stm32f4/arm_gcc/gcc-arm-none-eabi-4_7-2013q3/bin/../lib/gcc/arm-none-eabi/4.7.4/../../../../arm-none-eabi/lib/armv7-m/libm.a(lib_a-s_rint.o)
                0x0000000008011914                rint
 .text.atanf    0x0000000008011a3c      0x258 /Users/imac/Develop/stm32f4/arm_gcc/gcc-arm-none-eabi-4_7-2013q3/bin/../lib/gcc/arm-none-eabi/4.7.4/../../../../arm-none-eabi/lib/armv7-m/libm.a(lib_a-sf_atan.o)
                0x0000000008011a3c                atanf
 .text.fabsf    0x0000000008011c94        0x8 /Users/imac/Develop/stm32f4/arm_gcc/gcc-arm-none-eabi-4_7-2013q3/bin/../lib/gcc/arm-none-eabi/4.7.4/../../../../arm-none-eabi/lib/armv7-m/libm.a(lib_a-sf_fabs.o)
                0x0000000008011c94                fabsf
 .text.finitef  0x0000000008011c9c       0x10 /Users/imac/Develop/stm32f4/arm_gcc/gcc-arm-none-eabi-4_7-2013q3/bin/../lib/gcc/arm-none-eabi/4.7.4/../../../../arm-none-eabi/lib/armv7-m/libm.a(lib_a-sf_finite.o)
                0x0000000008011c9c                finitef
 .text.floorf   0x0000000008011cac       0x94 /Users/imac/Develop/stm32f4/arm_gcc/gcc-arm-none-eabi-4_7-2013q3/bin/../lib/gcc/arm-none-eabi/4.7.4/../../../../arm-none-eabi/lib/armv7-m/libm.a(lib_a-sf_floor.o)
                0x0000000008011cac                floorf
 .text.__fpclassifyf
                0x0000000008011d40       0x58 /Users/imac/Develop/stm32f4/arm_gcc/gcc-arm-none-eabi-4_7-2013q3/bin/../lib/gcc/arm-none-eabi/4.7.4/../../../../arm-none-eabi/lib/armv7-m/libm.a(lib_a-sf_fpclassify.o)
                0x0000000008011d40                __fpclassifyf
 .text.nanf     0x0000000008011d98        0x8 /Users/imac/Develop/stm32f4/arm_gcc/gcc-arm-none-eabi-4_7-2013q3/bin/../lib/gcc/arm-none-eabi/4.7.4/../../../../arm-none-eabi/lib/armv7-m/libm.a(lib_a-sf_nan.o)
                0x0000000008011d98                nanf
 .text.scalbnf  0x0000000008011da0       0xc0 /Users/imac/Develop/stm32f4/arm_gcc/gcc-arm-none-eabi-4_7-2013q3/bin/../lib/gcc/arm-none-eabi/4.7.4/../../../../arm-none-eabi/lib/armv7-m/libm.a(lib_a-sf_scalbn.o)
                0x0000000008011da0                scalbnf
 .text.copysignf
                0x0000000008011e60        0xc /Users/imac/Develop/stm32f4/arm_gcc/gcc-arm-none-eabi-4_7-2013q3/bin/../lib/gcc/arm-none-eabi/4.7.4/../../../../arm-none-eabi/lib/armv7-m/libm.a(lib_a-sf_copysign.o)
                0x0000000008011e60                copysignf
 .text.__register_exitproc
                0x0000000008011e6c       0xac /Users/imac/Develop/stm32f4/arm_gcc/gcc-arm-none-eabi-4_7-2013q3/bin/../lib/gcc/arm-none-eabi/4.7.4/../../../../arm-none-eabi/lib/armv7-m/libc.a(lib_a-__atexit.o)
                0x0000000008011e6c                __register_exitproc
 .text.atoi     0x0000000008011f18        0x8 /Users/imac/Develop/stm32f4/arm_gcc/gcc-arm-none-eabi-4_7-2013q3/bin/../lib/gcc/arm-none-eabi/4.7.4/../../../../arm-none-eabi/lib/armv7-m/libc.a(lib_a-atoi.o)
                0x0000000008011f18                atoi
 .text.bsearch  0x0000000008011f20       0x40 /Users/imac/Develop/stm32f4/arm_gcc/gcc-arm-none-eabi-4_7-2013q3/bin/../lib/gcc/arm-none-eabi/4.7.4/../../../../arm-none-eabi/lib/armv7-m/libc.a(lib_a-bsearch.o)
                0x0000000008011f20                bsearch
 .text.__errno  0x0000000008011f60        0xc /Users/imac/Develop/stm32f4/arm_gcc/gcc-arm-none-eabi-4_7-2013q3/bin/../lib/gcc/arm-none-eabi/4.7.4/../../../../arm-none-eabi/lib/armv7-m/libc.a(lib_a-errno.o)
                0x0000000008011f60                __errno
 .text.__libc_fini_array
                0x0000000008011f6c       0x50 /Users/imac/Develop/stm32f4/arm_gcc/gcc-arm-none-eabi-4_7-2013q3/bin/../lib/gcc/arm-none-eabi/4.7.4/../../../../arm-none-eabi/lib/armv7-m/libc.a(lib_a-fini.o)
                0x0000000008011f6c                __libc_fini_array
 .text.__libc_init_array
                0x0000000008011fbc       0x94 /Users/imac/Develop/stm32f4/arm_gcc/gcc-arm-none-eabi-4_7-2013q3/bin/../lib/gcc/arm-none-eabi/4.7.4/../../../../arm-none-eabi/lib/armv7-m/libc.a(lib_a-init.o)
                0x0000000008011fbc                __libc_init_array
 .text.memcpy   0x0000000008012050      0x15c /Users/imac/Develop/stm32f4/arm_gcc/gcc-arm-none-eabi-4_7-2013q3/bin/../lib/gcc/arm-none-eabi/4.7.4/../../../../arm-none-eabi/lib/armv7-m/libc.a(lib_a-memcpy.o)
                0x0000000008012050                memcpy
 .text.memset   0x00000000080121ac      0x12c /Users/imac/Develop/stm32f4/arm_gcc/gcc-arm-none-eabi-4_7-2013q3/bin/../lib/gcc/arm-none-eabi/4.7.4/../../../../arm-none-eabi/lib/armv7-m/libc.a(lib_a-memset.o)
                0x00000000080121ac                memset
 .text.strcat   0x00000000080122d8       0x4c /Users/imac/Develop/stm32f4/arm_gcc/gcc-arm-none-eabi-4_7-2013q3/bin/../lib/gcc/arm-none-eabi/4.7.4/../../../../arm-none-eabi/lib/armv7-m/libc.a(lib_a-strcat.o)
                0x00000000080122d8                strcat
 .text.strchr   0x0000000008012324       0xfc /Users/imac/Develop/stm32f4/arm_gcc/gcc-arm-none-eabi-4_7-2013q3/bin/../lib/gcc/arm-none-eabi/4.7.4/../../../../arm-none-eabi/lib/armv7-m/libc.a(lib_a-strchr.o)
                0x0000000008012324                strchr
 .text.strcpy   0x0000000008012420       0xbc /Users/imac/Develop/stm32f4/arm_gcc/gcc-arm-none-eabi-4_7-2013q3/bin/../lib/gcc/arm-none-eabi/4.7.4/../../../../arm-none-eabi/lib/armv7-m/libc.a(lib_a-strcpy.o)
                0x0000000008012420                strcpy
 .text.strlen   0x00000000080124dc       0x60 /Users/imac/Develop/stm32f4/arm_gcc/gcc-arm-none-eabi-4_7-2013q3/bin/../lib/gcc/arm-none-eabi/4.7.4/../../../../arm-none-eabi/lib/armv7-m/libc.a(lib_a-strlen.o)
                0x00000000080124dc                strlen
 .text.strncasecmp
                0x000000000801253c       0xdc /Users/imac/Develop/stm32f4/arm_gcc/gcc-arm-none-eabi-4_7-2013q3/bin/../lib/gcc/arm-none-eabi/4.7.4/../../../../arm-none-eabi/lib/armv7-m/libc.a(lib_a-strncasecmp.o)
                0x000000000801253c                strncasecmp
 .text.strncpy  0x0000000008012618      0x10c /Users/imac/Develop/stm32f4/arm_gcc/gcc-arm-none-eabi-4_7-2013q3/bin/../lib/gcc/arm-none-eabi/4.7.4/../../../../arm-none-eabi/lib/armv7-m/libc.a(lib_a-strncpy.o)
                0x0000000008012618                strncpy
 .text.critical_factorization
                0x0000000008012724       0xbc /Users/imac/Develop/stm32f4/arm_gcc/gcc-arm-none-eabi-4_7-2013q3/bin/../lib/gcc/arm-none-eabi/4.7.4/../../../../arm-none-eabi/lib/armv7-m/libc.a(lib_a-strstr.o)
 .text.two_way_long_needle
                0x00000000080127e0      0x300 /Users/imac/Develop/stm32f4/arm_gcc/gcc-arm-none-eabi-4_7-2013q3/bin/../lib/gcc/arm-none-eabi/4.7.4/../../../../arm-none-eabi/lib/armv7-m/libc.a(lib_a-strstr.o)
 .text.strstr   0x0000000008012ae0      0x2ec /Users/imac/Develop/stm32f4/arm_gcc/gcc-arm-none-eabi-4_7-2013q3/bin/../lib/gcc/arm-none-eabi/4.7.4/../../../../arm-none-eabi/lib/armv7-m/libc.a(lib_a-strstr.o)
                0x0000000008012ae0                strstr
 .text.strtok   0x0000000008012dcc       0x14 /Users/imac/Develop/stm32f4/arm_gcc/gcc-arm-none-eabi-4_7-2013q3/bin/../lib/gcc/arm-none-eabi/4.7.4/../../../../arm-none-eabi/lib/armv7-m/libc.a(lib_a-strtok.o)
                0x0000000008012dcc                strtok
 .text.__strtok_r
                0x0000000008012de0       0x60 /Users/imac/Develop/stm32f4/arm_gcc/gcc-arm-none-eabi-4_7-2013q3/bin/../lib/gcc/arm-none-eabi/4.7.4/../../../../arm-none-eabi/lib/armv7-m/libc.a(lib_a-strtok_r.o)
                0x0000000008012de0                __strtok_r
 .text._strtol_r
                0x0000000008012e40      0x130 /Users/imac/Develop/stm32f4/arm_gcc/gcc-arm-none-eabi-4_7-2013q3/bin/../lib/gcc/arm-none-eabi/4.7.4/../../../../arm-none-eabi/lib/armv7-m/libc.a(lib_a-strtol.o)
                0x0000000008012e40                _strtol_r
 .text.strtol   0x0000000008012f70       0x1c /Users/imac/Develop/stm32f4/arm_gcc/gcc-arm-none-eabi-4_7-2013q3/bin/../lib/gcc/arm-none-eabi/4.7.4/../../../../arm-none-eabi/lib/armv7-m/libc.a(lib_a-strtol.o)
                0x0000000008012f70                strtol
 .text.startup.register_fini
                0x0000000008012f8c       0x14 /Users/imac/Develop/stm32f4/arm_gcc/gcc-arm-none-eabi-4_7-2013q3/bin/../lib/gcc/arm-none-eabi/4.7.4/../../../../arm-none-eabi/lib/armv7-m/libc.a(lib_a-__call_atexit.o)
 .text.atexit   0x0000000008012fa0        0xc /Users/imac/Develop/stm32f4/arm_gcc/gcc-arm-none-eabi-4_7-2013q3/bin/../lib/gcc/arm-none-eabi/4.7.4/../../../../arm-none-eabi/lib/armv7-m/libc.a(lib_a-atexit.o)
                0x0000000008012fa0                atexit
 .text.memchr   0x0000000008012fac      0x140 /Users/imac/Develop/stm32f4/arm_gcc/gcc-arm-none-eabi-4_7-2013q3/bin/../lib/gcc/arm-none-eabi/4.7.4/../../../../arm-none-eabi/lib/armv7-m/libc.a(lib_a-memchr.o)
                0x0000000008012fac                memchr
 .text.memcmp   0x00000000080130ec       0xb8 /Users/imac/Develop/stm32f4/arm_gcc/gcc-arm-none-eabi-4_7-2013q3/bin/../lib/gcc/arm-none-eabi/4.7.4/../../../../arm-none-eabi/lib/armv7-m/libc.a(lib_a-memcmp.o)
                0x00000000080130ec                memcmp
 *(.rodata)
 .rodata        0x00000000080131a4        0x8 obj/SKYROVER/config.o
 .rodata        0x00000000080131ac       0x10 obj/SKYROVER/drv_system.o
 *(.rodata*)
 .rodata.airPPM
                0x00000000080131bc        0xc obj/SKYROVER/drv_pwm.o
 .rodata.multiPPM
                0x00000000080131c8        0xc obj/SKYROVER/drv_pwm.o
 .rodata.hardwareMaps
                0x00000000080131d4       0x10 obj/SKYROVER/drv_pwm.o
 .rodata.multiPWM
                0x00000000080131e4        0xf obj/SKYROVER/drv_pwm.o
 .rodata.airPWM
                0x00000000080131f3        0xf obj/SKYROVER/drv_pwm.o
 *fill*         0x0000000008013202        0x2 00
 .rodata.timerHardware
                0x0000000008013204       0xe0 obj/SKYROVER/drv_timer.o
                0x0000000008013204                timerHardware
 .rodata.timers
                0x00000000080132e4       0x10 obj/SKYROVER/drv_timer.o
 .rodata.channels
                0x00000000080132f4        0x4 obj/SKYROVER/drv_timer.o
 .rodata.CSWTCH.19
                0x00000000080132f8       0x16 obj/SKYROVER/buzzer.o
 *fill*         0x000000000801330e        0x2 00
 .rodata.featureNames
                0x0000000008013310       0x40 obj/SKYROVER/cli.o
 .rodata.mixerNames
                0x0000000008013350       0x5c obj/SKYROVER/cli.o
 .rodata.cmdTable
                0x00000000080133ac       0xc0 obj/SKYROVER/cli.o
                0x00000000080133ac                cmdTable
 .rodata.accNames
                0x000000000801346c       0x1c obj/SKYROVER/cli.o
 .rodata.str1.1
                0x0000000008013488      0xdd0 obj/SKYROVER/cli.o
                                        0xe42 (size before relaxing)
 .rodata.sensorNames
                0x0000000008014258       0x20 obj/SKYROVER/cli.o
 .rodata.valueTable
                0x0000000008014278      0x820 obj/SKYROVER/cli.o
                0x0000000008014278                valueTable
 .rodata.rcChannelLetters
                0x0000000008014a98        0x9 obj/SKYROVER/config.o
                0x0000000008014a98                rcChannelLetters
 .rodata.str1.1
                0x0000000008014aa1        0x9 obj/SKYROVER/config.o
 .rodata.str1.1
                0x0000000008014aaa       0xda obj/SKYROVER/gps.o
                                         0xdb (size before relaxing)
 .rodata.ubloxInit
                0x0000000008014b84       0x8c obj/SKYROVER/gps.o
 .rodata.gpsInitData
                0x0000000008014c10       0x3c obj/SKYROVER/gps.o
 .rodata.str1.1
                0x0000000008014c4c        0x8 obj/SKYROVER/main.o
 .rodata.mixerY6
                0x0000000008014c54       0x60 obj/SKYROVER/mixer.o
 .rodata.mixerTri
                0x0000000008014cb4       0x30 obj/SKYROVER/mixer.o
 .rodata.mixerHex6H
                0x0000000008014ce4       0x60 obj/SKYROVER/mixer.o
 .rodata.mixerVtail4
                0x0000000008014d44       0x40 obj/SKYROVER/mixer.o
 .rodata.mixers
                0x0000000008014d84       0xb8 obj/SKYROVER/mixer.o
                0x0000000008014d84                mixers
 .rodata.mixerOctoFlatP
                0x0000000008014e3c       0x80 obj/SKYROVER/mixer.o
 .rodata.mixerHex6P
                0x0000000008014ebc       0x60 obj/SKYROVER/mixer.o
 .rodata.mixerBi
                0x0000000008014f1c       0x20 obj/SKYROVER/mixer.o
 .rodata.mixerY4
                0x0000000008014f3c       0x40 obj/SKYROVER/mixer.o
 .rodata.mixerQuadX
                0x0000000008014f7c       0x40 obj/SKYROVER/mixer.o
 .rodata.mixerOctoFlatX
                0x0000000008014fbc       0x80 obj/SKYROVER/mixer.o
 .rodata.mixerQuadP
                0x000000000801503c       0x40 obj/SKYROVER/mixer.o
 .rodata.mixerHex6X
                0x000000000801507c       0x60 obj/SKYROVER/mixer.o
 .rodata.mixerOctoX8
                0x00000000080150dc       0x80 obj/SKYROVER/mixer.o
 .rodata.mixerDualcopter
                0x000000000801515c       0x20 obj/SKYROVER/mixer.o
 .rodata.str1.1
                0x000000000801517c       0x4a obj/SKYROVER/sensors.o
 .rodata.pidnames
                0x00000000080151c6       0x30 obj/SKYROVER/serial.o
 .rodata.str1.1
                0x00000000080151f6       0xaf obj/SKYROVER/serial.o
 *fill*         0x00000000080152a5        0x3 00
 .rodata.softSerialVTable
                0x00000000080152a8       0x14 obj/SKYROVER/drv_softserial.o
                0x00000000080152a8                softSerialVTable
 .rodata.uartVTable
                0x00000000080152bc       0x14 obj/SKYROVER/drv_uart.o
                0x00000000080152bc                uartVTable
 .rodata.TWO23  0x00000000080152d0        0x8 /Users/imac/Develop/stm32f4/arm_gcc/gcc-arm-none-eabi-4_7-2013q3/bin/../lib/gcc/arm-none-eabi/4.7.4/../../../../arm-none-eabi/lib/armv7-m/libm.a(lib_a-sf_lrint.o)
 .rodata.str1.4
                0x00000000080152d8        0x5 /Users/imac/Develop/stm32f4/arm_gcc/gcc-arm-none-eabi-4_7-2013q3/bin/../lib/gcc/arm-none-eabi/4.7.4/../../../../arm-none-eabi/lib/armv7-m/libm.a(lib_a-wf_pow.o)
                                          0x8 (size before relaxing)
 *fill*         0x00000000080152dd        0x3 00
 .rodata.str1.4
                0x00000000080152e0        0x6 /Users/imac/Develop/stm32f4/arm_gcc/gcc-arm-none-eabi-4_7-2013q3/bin/../lib/gcc/arm-none-eabi/4.7.4/../../../../arm-none-eabi/lib/armv7-m/libm.a(lib_a-wf_sqrt.o)
                                          0x8 (size before relaxing)
 *fill*         0x00000000080152e6        0x2 00
 .rodata.dp_h   0x00000000080152e8        0x8 /Users/imac/Develop/stm32f4/arm_gcc/gcc-arm-none-eabi-4_7-2013q3/bin/../lib/gcc/arm-none-eabi/4.7.4/../../../../arm-none-eabi/lib/armv7-m/libm.a(lib_a-ef_pow.o)
 .rodata.dp_l   0x00000000080152f0        0x8 /Users/imac/Develop/stm32f4/arm_gcc/gcc-arm-none-eabi-4_7-2013q3/bin/../lib/gcc/arm-none-eabi/4.7.4/../../../../arm-none-eabi/lib/armv7-m/libm.a(lib_a-ef_pow.o)
 .rodata.bp     0x00000000080152f8        0x8 /Users/imac/Develop/stm32f4/arm_gcc/gcc-arm-none-eabi-4_7-2013q3/bin/../lib/gcc/arm-none-eabi/4.7.4/../../../../arm-none-eabi/lib/armv7-m/libm.a(lib_a-ef_pow.o)
 .rodata.str1.4
                0x0000000000000000        0x6 /Users/imac/Develop/stm32f4/arm_gcc/gcc-arm-none-eabi-4_7-2013q3/bin/../lib/gcc/arm-none-eabi/4.7.4/../../../../arm-none-eabi/lib/armv7-m/libm.a(lib_a-ef_pow.o)
                                          0x4 (size before relaxing)
 .rodata.npio2_hw
                0x0000000008015300       0x80 /Users/imac/Develop/stm32f4/arm_gcc/gcc-arm-none-eabi-4_7-2013q3/bin/../lib/gcc/arm-none-eabi/4.7.4/../../../../arm-none-eabi/lib/armv7-m/libm.a(lib_a-ef_rem_pio2.o)
 .rodata.two_over_pi
                0x0000000008015380      0x318 /Users/imac/Develop/stm32f4/arm_gcc/gcc-arm-none-eabi-4_7-2013q3/bin/../lib/gcc/arm-none-eabi/4.7.4/../../../../arm-none-eabi/lib/armv7-m/libm.a(lib_a-ef_rem_pio2.o)
 .rodata.init_jk
                0x0000000008015698        0xc /Users/imac/Develop/stm32f4/arm_gcc/gcc-arm-none-eabi-4_7-2013q3/bin/../lib/gcc/arm-none-eabi/4.7.4/../../../../arm-none-eabi/lib/armv7-m/libm.a(lib_a-kf_rem_pio2.o)
 .rodata.PIo2   0x00000000080156a4       0x2c /Users/imac/Develop/stm32f4/arm_gcc/gcc-arm-none-eabi-4_7-2013q3/bin/../lib/gcc/arm-none-eabi/4.7.4/../../../../arm-none-eabi/lib/armv7-m/libm.a(lib_a-kf_rem_pio2.o)
 .rodata.TWO52  0x00000000080156d0       0x10 /Users/imac/Develop/stm32f4/arm_gcc/gcc-arm-none-eabi-4_7-2013q3/bin/../lib/gcc/arm-none-eabi/4.7.4/../../../../arm-none-eabi/lib/armv7-m/libm.a(lib_a-s_rint.o)
 .rodata.atanlo
                0x00000000080156e0       0x10 /Users/imac/Develop/stm32f4/arm_gcc/gcc-arm-none-eabi-4_7-2013q3/bin/../lib/gcc/arm-none-eabi/4.7.4/../../../../arm-none-eabi/lib/armv7-m/libm.a(lib_a-sf_atan.o)
 .rodata.atanhi
                0x00000000080156f0       0x10 /Users/imac/Develop/stm32f4/arm_gcc/gcc-arm-none-eabi-4_7-2013q3/bin/../lib/gcc/arm-none-eabi/4.7.4/../../../../arm-none-eabi/lib/armv7-m/libm.a(lib_a-sf_atan.o)
 .rodata._ctype_
                0x0000000008015700      0x104 /Users/imac/Develop/stm32f4/arm_gcc/gcc-arm-none-eabi-4_7-2013q3/bin/../lib/gcc/arm-none-eabi/4.7.4/../../../../arm-none-eabi/lib/armv7-m/libc.a(lib_a-ctype_.o)
                0x0000000008015700                _ctype_
 .rodata.str1.4
                0x0000000008015804        0x4 /Users/imac/Develop/stm32f4/arm_gcc/gcc-arm-none-eabi-4_7-2013q3/bin/../lib/gcc/arm-none-eabi/4.7.4/../../../../arm-none-eabi/lib/armv7-m/libc.a(lib_a-impure.o)
 .rodata._global_impure_ptr
                0x0000000008015808        0x4 /Users/imac/Develop/stm32f4/arm_gcc/gcc-arm-none-eabi-4_7-2013q3/bin/../lib/gcc/arm-none-eabi/4.7.4/../../../../arm-none-eabi/lib/armv7-m/libc.a(lib_a-impure.o)
                0x0000000008015808                _global_impure_ptr
 *(.glue_7)
 .glue_7        0x0000000000000000        0x0 linker stubs
 *(.glue_7t)
 .glue_7t       0x0000000000000000        0x0 linker stubs
 *(.eh_frame)
 .eh_frame      0x000000000801580c        0x0 /Users/imac/Develop/stm32f4/arm_gcc/gcc-arm-none-eabi-4_7-2013q3/bin/../lib/gcc/arm-none-eabi/4.7.4/armv7-m/crtbegin.o
 *(.init)
 .init          0x000000000801580c        0x4 /Users/imac/Develop/stm32f4/arm_gcc/gcc-arm-none-eabi-4_7-2013q3/bin/../lib/gcc/arm-none-eabi/4.7.4/armv7-m/crti.o
                0x000000000801580c                _init
 .init          0x0000000008015810        0x8 /Users/imac/Develop/stm32f4/arm_gcc/gcc-arm-none-eabi-4_7-2013q3/bin/../lib/gcc/arm-none-eabi/4.7.4/armv7-m/crtn.o
 *(.fini)
 .fini          0x0000000008015818        0x4 /Users/imac/Develop/stm32f4/arm_gcc/gcc-arm-none-eabi-4_7-2013q3/bin/../lib/gcc/arm-none-eabi/4.7.4/armv7-m/crti.o
                0x0000000008015818                _fini
 .fini          0x000000000801581c        0x8 /Users/imac/Develop/stm32f4/arm_gcc/gcc-arm-none-eabi-4_7-2013q3/bin/../lib/gcc/arm-none-eabi/4.7.4/armv7-m/crtn.o
                0x0000000008015824                . = ALIGN (0x4)
                0x0000000008015824                _etext = .

.vfp11_veneer   0x0000000008015824        0x0
 .vfp11_veneer  0x0000000000000000        0x0 linker stubs

.v4_bx          0x0000000008015824        0x0
 .v4_bx         0x0000000000000000        0x0 linker stubs

.iplt           0x0000000008015824        0x0
 .iplt          0x0000000000000000        0x0 /Users/imac/Develop/stm32f4/arm_gcc/gcc-arm-none-eabi-4_7-2013q3/bin/../lib/gcc/arm-none-eabi/4.7.4/armv7-m/crtbegin.o

.rel.dyn        0x0000000008015824        0x0
 .rel.iplt      0x0000000000000000        0x0 /Users/imac/Develop/stm32f4/arm_gcc/gcc-arm-none-eabi-4_7-2013q3/bin/../lib/gcc/arm-none-eabi/4.7.4/armv7-m/crtbegin.o

.ARM.extab
 *(.ARM.extab* .gnu.linkonce.armextab.*)

.ARM            0x0000000008015824        0x0
                0x0000000008015824                __exidx_start = .
 *(.ARM.exidx*)
                0x0000000008015824                __exidx_end = .

.preinit_array  0x0000000008015824        0x0
                0x0000000008015824                PROVIDE (__preinit_array_start, .)
 *(.preinit_array*)
                0x0000000008015824                PROVIDE (__preinit_array_end, .)

.init_array     0x0000000008015824        0x8
                0x0000000008015824                PROVIDE (__init_array_start, .)
 *(SORT(.init_array.*))
 .init_array.00000
                0x0000000008015824        0x4 /Users/imac/Develop/stm32f4/arm_gcc/gcc-arm-none-eabi-4_7-2013q3/bin/../lib/gcc/arm-none-eabi/4.7.4/../../../../arm-none-eabi/lib/armv7-m/libc.a(lib_a-__call_atexit.o)
 *(.init_array*)
 .init_array    0x0000000008015828        0x4 /Users/imac/Develop/stm32f4/arm_gcc/gcc-arm-none-eabi-4_7-2013q3/bin/../lib/gcc/arm-none-eabi/4.7.4/armv7-m/crtbegin.o
                0x000000000801582c                PROVIDE (__init_array_end, .)

.fini_array     0x000000000801582c        0x4
                0x000000000801582c                PROVIDE (__fini_array_start, .)
 *(.fini_array*)
 .fini_array    0x000000000801582c        0x4 /Users/imac/Develop/stm32f4/arm_gcc/gcc-arm-none-eabi-4_7-2013q3/bin/../lib/gcc/arm-none-eabi/4.7.4/armv7-m/crtbegin.o
 *(SORT(.fini_array.*))
                0x0000000008015830                PROVIDE (__fini_array_end, .)
                0x0000000008015830                _sidata = .

.data           0x0000000020000000      0x5b4 load address 0x0000000008015830
                0x0000000020000000                . = ALIGN (0x4)
                0x0000000020000000                _sdata = .
 *(.data)
 *(.data*)
 .data.accAlign
                0x0000000020000000        0x1 obj/SKYROVER/drv_adxl345.o
 .data.accAlign
                0x0000000020000001        0x1 obj/SKYROVER/drv_bma280.o
 *fill*         0x0000000020000002        0x2 00
 .data.magGain  0x0000000020000004        0xc obj/SKYROVER/drv_hmc5883l.o
 .data.magAlign
                0x0000000020000010        0x1 obj/SKYROVER/drv_hmc5883l.o
 .data.accAlign
                0x0000000020000011        0x1 obj/SKYROVER/drv_mma845x.o
 .data.mpuLowPassFilter
                0x0000000020000012        0x1 obj/SKYROVER/drv_mpu3050.o
 .data.gyroAlign
                0x0000000020000013        0x1 obj/SKYROVER/drv_mpu3050.o
 .data.accAlign
                0x0000000020000014        0x1 obj/SKYROVER/drv_mpu6050.o
 .data.mpuLowPassFilter
                0x0000000020000015        0x1 obj/SKYROVER/drv_mpu6050.o
 .data.gyroAlign
                0x0000000020000016        0x1 obj/SKYROVER/drv_mpu6050.o
 .data.gyroAlign
                0x0000000020000017        0x1 obj/SKYROVER/drv_l3g4200d.o
 .data.failsafeThreshold
                0x0000000020000018        0x2 obj/SKYROVER/drv_pwm.o
 *fill*         0x000000002000001a        0x2 00
 .data.GPS_scaleLonDown
                0x000000002000001c        0x4 obj/SKYROVER/gps.o
 .data.EstN.9397
                0x0000000020000020        0xc obj/SKYROVER/imu.o
 .data.servo    0x000000002000002c       0x10 obj/SKYROVER/mixer.o
                0x000000002000002c                servo
 .data.batteryCellCount
                0x000000002000003c        0x1 obj/SKYROVER/mw.o
                0x000000002000003c                batteryCellCount
 .data.GPSNavReset.9477
                0x000000002000003d        0x1 obj/SKYROVER/mw.o
 *fill*         0x000000002000003e        0x2 00
 .data.pid_controller
                0x0000000020000040        0x4 obj/SKYROVER/mw.o
                0x0000000020000040                pid_controller
 .data.acc_1G   0x0000000020000044        0x2 obj/SKYROVER/sensors.o
                0x0000000020000044                acc_1G
 *fill*         0x0000000020000046        0x2 00
 .data.boxes    0x0000000020000048      0x108 obj/SKYROVER/serial.o
                0x0000000020000048                boxes
 .data.standardBoardAlignment
                0x0000000020000150        0x1 obj/SKYROVER/utils.o
 .data.AHBPrescTable
                0x0000000020000151       0x10 obj/SKYROVER/system_stm32f10x.o
                0x0000000020000151                AHBPrescTable
 *fill*         0x0000000020000161        0x3 00
 .data.hse_value
                0x0000000020000164        0x4 obj/SKYROVER/system_stm32f10x.o
                0x0000000020000164                hse_value
 .data.SystemCoreClock
                0x0000000020000168        0x4 obj/SKYROVER/system_stm32f10x.o
                0x0000000020000168                SystemCoreClock
 .data.ADCPrescTable
                0x000000002000016c        0x4 obj/SKYROVER/stm32f10x_rcc.o
 .data.APBAHBPrescTable
                0x0000000020000170       0x10 obj/SKYROVER/stm32f10x_rcc.o
 .data.__fdlib_version
                0x0000000020000180        0x1 /Users/imac/Develop/stm32f4/arm_gcc/gcc-arm-none-eabi-4_7-2013q3/bin/../lib/gcc/arm-none-eabi/4.7.4/../../../../arm-none-eabi/lib/armv7-m/libm.a(lib_a-s_lib_ver.o)
                0x0000000020000180                __fdlib_version
 *fill*         0x0000000020000181        0x3 00
 .data.__ctype_ptr__
                0x0000000020000184        0x4 /Users/imac/Develop/stm32f4/arm_gcc/gcc-arm-none-eabi-4_7-2013q3/bin/../lib/gcc/arm-none-eabi/4.7.4/../../../../arm-none-eabi/lib/armv7-m/libc.a(lib_a-ctype_.o)
                0x0000000020000184                __ctype_ptr__
 .data.impure_data
                0x0000000020000188      0x428 /Users/imac/Develop/stm32f4/arm_gcc/gcc-arm-none-eabi-4_7-2013q3/bin/../lib/gcc/arm-none-eabi/4.7.4/../../../../arm-none-eabi/lib/armv7-m/libc.a(lib_a-impure.o)
 .data._impure_ptr
                0x00000000200005b0        0x4 /Users/imac/Develop/stm32f4/arm_gcc/gcc-arm-none-eabi-4_7-2013q3/bin/../lib/gcc/arm-none-eabi/4.7.4/../../../../arm-none-eabi/lib/armv7-m/libc.a(lib_a-impure.o)
                0x00000000200005b0                _impure_ptr
                0x00000000200005b4                . = ALIGN (0x4)
                0x00000000200005b4                _edata = .

.jcr            0x00000000200005b4        0x0 load address 0x0000000008015de4
 .jcr           0x00000000200005b4        0x0 /Users/imac/Develop/stm32f4/arm_gcc/gcc-arm-none-eabi-4_7-2013q3/bin/../lib/gcc/arm-none-eabi/4.7.4/armv7-m/crtbegin.o

.igot.plt       0x00000000200005b4        0x0 load address 0x0000000008015de4
 .igot.plt      0x0000000000000000        0x0 /Users/imac/Develop/stm32f4/arm_gcc/gcc-arm-none-eabi-4_7-2013q3/bin/../lib/gcc/arm-none-eabi/4.7.4/armv7-m/crtbegin.o
                0x00000000200005b4                . = ALIGN (0x4)

.bss            0x00000000200005b4     0x18b8 load address 0x0000000008015de4
                0x00000000200005b4                _sbss = .
                0x00000000200005b4                __bss_start__ = _sbss
 *(.bss)
 .bss           0x00000000200005b4       0x1c /Users/imac/Develop/stm32f4/arm_gcc/gcc-arm-none-eabi-4_7-2013q3/bin/../lib/gcc/arm-none-eabi/4.7.4/armv7-m/crtbegin.o
 *(.bss*)
 .bss.adcValues
                0x00000000200005d0        0x4 obj/SKYROVER/drv_adc.o
 .bss.useFifo   0x00000000200005d4        0x1 obj/SKYROVER/drv_adxl345.o
 .bss.acc_samples
                0x00000000200005d5        0x1 obj/SKYROVER/drv_adxl345.o
                0x00000000200005d5                acc_samples
 .bss.convDone  0x00000000200005d6        0x1 obj/SKYROVER/drv_bmp085.o
 *fill*         0x00000000200005d7        0x1 00
 .bss.convOverrun
                0x00000000200005d8        0x2 obj/SKYROVER/drv_bmp085.o
 *fill*         0x00000000200005da        0x2 00
 .bss.bmp085    0x00000000200005dc       0x24 obj/SKYROVER/drv_bmp085.o
 .bss.bmp085_up
                0x0000000020000600        0x4 obj/SKYROVER/drv_bmp085.o
 .bss.bmp085InitDone
                0x0000000020000604        0x1 obj/SKYROVER/drv_bmp085.o
 *fill*         0x0000000020000605        0x1 00
 .bss.bmp085_ut