Archive member included because of file (symbol)

/Users/imac/Develop/stm32f4/arm_gcc/gcc-arm-none-eabi-4_7-2013q3/bin/../lib/gcc/arm-none-eabi/4.7.4/../../../../arm-none-eabi/lib/armv7-m/libm.a(lib_a-sf_cos.o)
                              obj/SKYROVER/gps.o (cosf)
/Users/imac/Develop/stm32f4/arm_gcc/gcc-arm-none-eabi-4_7-2013q3/bin/../lib/gcc/arm-none-eabi/4.7.4/../../../../arm-none-eabi/lib/armv7-m/libm.a(lib_a-sf_lrint.o)
                              obj/SKYROVER/imu.o (lrintf)
/Users/imac/Develop/stm32f4/arm_gcc/gcc-arm-none-eabi-4_7-2013q3/bin/../lib/gcc/arm-none-eabi/4.7.4/../../../../arm-none-eabi/lib/armv7-m/libm.a(lib_a-sf_sin.o)
                              obj/SKYROVER/gps.o (sinf)
/Users/imac/Develop/stm32f4/arm_gcc/gcc-arm-none-eabi-4_7-2013q3/bin/../lib/gcc/arm-none-eabi/4.7.4/../../../../arm-none-eabi/lib/armv7-m/libm.a(lib_a-wf_atan2.o)
                              obj/SKYROVER/gps.o (atan2f)
/Users/imac/Develop/stm32f4/arm_gcc/gcc-arm-none-eabi-4_7-2013q3/bin/../lib/gcc/arm-none-eabi/4.7.4/../../../../arm-none-eabi/lib/armv7-m/libm.a(lib_a-wf_pow.o)
                              obj/SKYROVER/imu.o (powf)
/Users/imac/Develop/stm32f4/arm_gcc/gcc-arm-none-eabi-4_7-2013q3/bin/../lib/gcc/arm-none-eabi/4.7.4/../../../../arm-none-eabi/lib/armv7-m/libm.a(lib_a-wf_sqrt.o)
                              obj/SKYROVER/gps.o (sqrtf)
/Users/imac/Develop/stm32f4/arm_gcc/gcc-arm-none-eabi-4_7-2013q3/bin/../lib/gcc/arm-none-eabi/4.7.4/../../../../arm-none-eabi/lib/armv7-m/libm.a(lib_a-ef_atan2.o)
                              /Users/imac/Develop/stm32f4/arm_gcc/gcc-arm-none-eabi-4_7-2013q3/bin/../lib/gcc/arm-none-eabi/4.7.4/../../../../arm-none-eabi/lib/armv7-m/libm.a(lib_a-wf_atan2.o) (__ieee754_atan2f)
/Users/imac/Develop/stm32f4/arm_gcc/gcc-arm-none-eabi-4_7-2013q3/bin/../lib/gcc/arm-none-eabi/4.7.4/../../../../arm-none-eabi/lib/armv7-m/libm.a(lib_a-ef_pow.o)
                              /Users/imac/Develop/stm32f4/arm_gcc/gcc-arm-none-eabi-4_7-2013q3/bin/../lib/gcc/arm-none-eabi/4.7.4/../../../../arm-none-eabi/lib/armv7-m/libm.a(lib_a-wf_pow.o) (__ieee754_powf)
/Users/imac/Develop/stm32f4/arm_gcc/gcc-arm-none-eabi-4_7-2013q3/bin/../lib/gcc/arm-none-eabi/4.7.4/../../../../arm-none-eabi/lib/armv7-m/libm.a(lib_a-ef_rem_pio2.o)
                              /Users/imac/Develop/stm32f4/arm_gcc/gcc-arm-none-eabi-4_7-2013q3/bin/../lib/gcc/arm-none-eabi/4.7.4/../../../../arm-none-eabi/lib/armv7-m/libm.a(lib_a-sf_cos.o) (__ieee754_rem_pio2f)
/Users/imac/Develop/stm32f4/arm_gcc/gcc-arm-none-eabi-4_7-2013q3/bin/../lib/gcc/arm-none-eabi/4.7.4/../../../../arm-none-eabi/lib/armv7-m/libm.a(lib_a-ef_sqrt.o)
                              /Users/imac/Develop/stm32f4/arm_gcc/gcc-arm-none-eabi-4_7-2013q3/bin/../lib/gcc/arm-none-eabi/4.7.4/../../../../arm-none-eabi/lib/armv7-m/libm.a(lib_a-wf_sqrt.o) (__ieee754_sqrtf)
/Users/imac/Develop/stm32f4/arm_gcc/gcc-arm-none-eabi-4_7-2013q3/bin/../lib/gcc/arm-none-eabi/4.7.4/../../../../arm-none-eabi/lib/armv7-m/libm.a(lib_a-kf_cos.o)
                              /Users/imac/Develop/stm32f4/arm_gcc/gcc-arm-none-eabi-4_7-2013q3/bin/../lib/gcc/arm-none-eabi/4.7.4/../../../../arm-none-eabi/lib/armv7-m/libm.a(lib_a-sf_cos.o) (__kernel_cosf)
/Users/imac/Develop/stm32f4/arm_gcc/gcc-arm-none-eabi-4_7-2013q3/bin/../lib/gcc/arm-none-eabi/4.7.4/../../../../arm-none-eabi/lib/armv7-m/libm.a(lib_a-kf_rem_pio2.o)
                              /Users/imac/Develop/stm32f4/arm_gcc/gcc-arm-none-eabi-4_7-2013q3/bin/../lib/gcc/arm-none-eabi/4.7.4/../../../../arm-none-eabi/lib/armv7-m/libm.a(lib_a-ef_rem_pio2.o) (__kernel_rem_pio2f)
/Users/imac/Develop/stm32f4/arm_gcc/gcc-arm-none-eabi-4_7-2013q3/bin/../lib/gcc/arm-none-eabi/4.7.4/../../../../arm-none-eabi/lib/armv7-m/libm.a(lib_a-kf_sin.o)
                              /Users/imac/Develop/stm32f4/arm_gcc/gcc-arm-none-eabi-4_7-2013q3/bin/../lib/gcc/arm-none-eabi/4.7.4/../../../../arm-none-eabi/lib/armv7-m/libm.a(lib_a-sf_cos.o) (__kernel_sinf)
/Users/imac/Develop/stm32f4/arm_gcc/gcc-arm-none-eabi-4_7-2013q3/bin/../lib/gcc/arm-none-eabi/4.7.4/../../../../arm-none-eabi/lib/armv7-m/libm.a(lib_a-s_lib_ver.o)
                              /Users/imac/Develop/stm32f4/arm_gcc/gcc-arm-none-eabi-4_7-2013q3/bin/../lib/gcc/arm-none-eabi/4.7.4/../../../../arm-none-eabi/lib/armv7-m/libm.a(lib_a-wf_pow.o) (__fdlib_version)
/Users/imac/Develop/stm32f4/arm_gcc/gcc-arm-none-eabi-4_7-2013q3/bin/../lib/gcc/arm-none-eabi/4.7.4/../../../../arm-none-eabi/lib/armv7-m/libm.a(lib_a-s_matherr.o)
                              /Users/imac/Develop/stm32f4/arm_gcc/gcc-arm-none-eabi-4_7-2013q3/bin/../lib/gcc/arm-none-eabi/4.7.4/../../../../arm-none-eabi/lib/armv7-m/libm.a(lib_a-wf_pow.o) (matherr)
/Users/imac/Develop/stm32f4/arm_gcc/gcc-arm-none-eabi-4_7-2013q3/bin/../lib/gcc/arm-none-eabi/4.7.4/../../../../arm-none-eabi/lib/armv7-m/libm.a(lib_a-s_rint.o)
[...]
Memory Configuration

Name             Origin             Length             Attributes
FLASH            0x0000000008003000 0x000000000001cc00 xr
RAM              0x0000000020000000 0x0000000000005000 xrw
MEMORY_B1        0x0000000060000000 0x0000000000000000 xr
*default*        0x0000000000000000 0xffffffffffffffff

Linker script and memory map

LOAD /Users/imac/Develop/stm32f4/arm_gcc/gcc-arm-none-eabi-4_7-2013q3/bin/../lib/gcc/arm-none-eabi/4.7.4/armv7-m/crti.o
LOAD /Users/imac/Develop/stm32f4/arm_gcc/gcc-arm-none-eabi-4_7-2013q3/bin/../lib/gcc/arm-none-eabi/4.7.4/armv7-m/crtbegin.o
LOAD /Users/imac/Develop/stm32f4/arm_gcc/gcc-arm-none-eabi-4_7-2013q3/bin/../lib/gcc/arm-none-eabi/4.7.4/../../../../arm-none-eabi/lib/armv7-m/crt0.o
LOAD obj/SKYROVER/drv_adc.o
LOAD obj/SKYROVER/drv_adxl345.o
LOAD obj/SKYROVER/drv_bma280.o
LOAD obj/SKYROVER/drv_bmp085.o
LOAD obj/SKYROVER/drv_ms5611.o
LOAD obj/SKYROVER/drv_hcsr04.o
LOAD obj/SKYROVER/drv_hmc5883l.o
LOAD obj/SKYROVER/drv_ledring.o
LOAD obj/SKYROVER/drv_mma845x.o
LOAD obj/SKYROVER/drv_mpu3050.o
LOAD obj/SKYROVER/drv_mpu6050.o
LOAD obj/SKYROVER/drv_l3g4200d.o
LOAD obj/SKYROVER/drv_pwm.o
LOAD obj/SKYROVER/drv_spi.o
LOAD obj/SKYROVER/drv_timer.o
LOAD obj/SKYROVER/hexairbot.o
LOAD obj/SKYROVER/startup_stm32f10x_md_gcc.o
LOAD obj/SKYROVER/buzzer.o
LOAD obj/SKYROVER/cli.o
LOAD obj/SKYROVER/config.o
LOAD obj/SKYROVER/gps.o
LOAD obj/SKYROVER/imu.o
LOAD obj/SKYROVER/main.o
LOAD obj/SKYROVER/mixer.o
LOAD obj/SKYROVER/mw.o
LOAD obj/SKYROVER/sensors.o
LOAD obj/SKYROVER/serial.o
LOAD obj/SKYROVER/sbus.o
LOAD obj/SKYROVER/sumd.o
LOAD obj/SKYROVER/spektrum.o
LOAD obj/SKYROVER/telemetry.o
LOAD obj/SKYROVER/drv_gpio.o
LOAD obj/SKYROVER/drv_i2c.o
LOAD obj/SKYROVER/drv_i2c_soft.o
LOAD obj/SKYROVER/drv_system.o
LOAD obj/SKYROVER/drv_serial.o
LOAD obj/SKYROVER/drv_softserial.o
LOAD obj/SKYROVER/drv_uart.o
LOAD obj/SKYROVER/printf.o
LOAD obj/SKYROVER/utils.o
LOAD obj/SKYROVER/core_cm3.o
LOAD obj/SKYROVER/system_stm32f10x.o
LOAD obj/SKYROVER/misc.o
LOAD obj/SKYROVER/stm32f10x_adc.o
LOAD obj/SKYROVER/stm32f10x_bkp.o
LOAD obj/SKYROVER/stm32f10x_can.o
LOAD obj/SKYROVER/stm32f10x_cec.o
LOAD obj/SKYROVER/stm32f10x_crc.o
LOAD obj/SKYROVER/stm32f10x_dac.o
LOAD obj/SKYROVER/stm32f10x_dbgmcu.o
LOAD obj/SKYROVER/stm32f10x_dma.o
LOAD obj/SKYROVER/stm32f10x_exti.o
LOAD obj/SKYROVER/stm32f10x_flash.o
LOAD obj/SKYROVER/stm32f10x_fsmc.o
LOAD obj/SKYROVER/stm32f10x_gpio.o
LOAD obj/SKYROVER/stm32f10x_i2c.o
LOAD obj/SKYROVER/stm32f10x_iwdg.o
LOAD obj/SKYROVER/stm32f10x_pwr.o
LOAD obj/SKYROVER/stm32f10x_rcc.o
LOAD obj/SKYROVER/stm32f10x_rtc.o
LOAD obj/SKYROVER/stm32f10x_sdio.o
LOAD obj/SKYROVER/stm32f10x_spi.o
LOAD obj/SKYROVER/stm32f10x_tim.o
LOAD obj/SKYROVER/stm32f10x_usart.o
LOAD obj/SKYROVER/stm32f10x_wwdg.o
LOAD /Users/imac/Develop/stm32f4/arm_gcc/gcc-arm-none-eabi-4_7-2013q3/bin/../lib/gcc/arm-none-eabi/4.7.4/../../../../arm-none-eabi/lib/armv7-m/libm.a
START GROUP
LOAD /Users/imac/Develop/stm32f4/arm_gcc/gcc-arm-none-eabi-4_7-2013q3/bin/../lib/gcc/arm-none-eabi/4.7.4/armv7-m/libgcc.a
LOAD /Users/imac/Develop/stm32f4/arm_gcc/gcc-arm-none-eabi-4_7-2013q3/bin/../lib/gcc/arm-none-eabi/4.7.4/../../../../arm-none-eabi/lib/armv7-m/libc.a
END GROUP
LOAD /Users/imac/Develop/stm32f4/arm_gcc/gcc-arm-none-eabi-4_7-2013q3/bin/../lib/gcc/arm-none-eabi/4.7.4/armv7-m/crtend.o
LOAD /Users/imac/Develop/stm32f4/arm_gcc/gcc-arm-none-eabi-4_7-2013q3/bin/../lib/gcc/arm-none-eabi/4.7.4/armv7-m/crtn.o
                0x0000000020005000                _estack = 0x20005000
                0x0000000000000000                _Min_Heap_Size = 0x0
                0x0000000000000400                _Min_Stack_Size = 0x400

.isr_vector     0x0000000008003000      0x10c
                0x0000000008003000                . = ALIGN (0x4)
 *(.isr_vector)
 .isr_vector    0x0000000008003000      0x10c obj/SKYROVER/startup_stm32f10x_md_gcc.o
                0x0000000008003000                g_pfnVectors
                0x000000000800310c                . = ALIGN (0x4)

.text           0x0000000008003110    0x1224c
                0x0000000008003110                . = ALIGN (0x4)
 *(.text)
 .text          0x0000000008003110       0x54 /Users/imac/Develop/stm32f4/arm_gcc/gcc-arm-none-eabi-4_7-2013q3/bin/../lib/gcc/arm-none-eabi/4.7.4/armv7-m/crtbegin.o
 .text          0x0000000008003164      0x370 /Users/imac/Develop/stm32f4/arm_gcc/gcc-arm-none-eabi-4_7-2013q3/bin/../lib/gcc/arm-none-eabi/4.7.4/armv7-m/libgcc.a(_arm_addsubdf3.o)
                0x0000000008003164                __aeabi_drsub
                0x000000000800316c                __subdf3
                0x000000000800316c                __aeabi_dsub
                0x0000000008003170                __aeabi_dadd
                0x0000000008003170                __adddf3
                0x00000000080033e8                __aeabi_ui2d
                0x00000000080033e8                __floatunsidf
                0x0000000008003408                __floatsidf
                0x0000000008003408                __aeabi_i2d
                0x000000000800342c                __extendsfdf2
                0x000000000800342c                __aeabi_f2d
                0x0000000008003468                __aeabi_ul2d
                0x0000000008003468                __floatundidf
                0x0000000008003478                __aeabi_l2d
                0x0000000008003478                __floatdidf
 .text          0x00000000080034d4      0x424 /Users/imac/Develop/stm32f4/arm_gcc/gcc-arm-none-eabi-4_7-2013q3/bin/../lib/gcc/arm-none-eabi/4.7.4/armv7-m/libgcc.a(_arm_muldivdf3.o)
                0x00000000080034d4                __aeabi_dmul
                0x00000000080034d4                __muldf3
                0x0000000008003728                __aeabi_ddiv
                0x0000000008003728                __divdf3
 .text          0x00000000080038f8      0x110 /Users/imac/Develop/stm32f4/arm_gcc/gcc-arm-none-eabi-4_7-2013q3/bin/../lib/gcc/arm-none-eabi/4.7.4/armv7-m/libgcc.a(_arm_cmpdf2.o)
                0x00000000080038f8                __gtdf2
                0x00000000080038f8                __gedf2
                0x0000000008003900                __ltdf2
                0x0000000008003900                __ledf2
                0x0000000008003908                __eqdf2
                0x0000000008003908                __nedf2
                0x0000000008003908                __cmpdf2
                0x0000000008003984                __aeabi_cdrcmple
                0x0000000008003994                __aeabi_cdcmple
                0x0000000008003994                __aeabi_cdcmpeq
                0x00000000080039a4                __aeabi_dcmpeq
                0x00000000080039b8                __aeabi_dcmplt
                0x00000000080039cc                __aeabi_dcmple
                0x00000000080039e0                __aeabi_dcmpge
                0x00000000080039f4                __aeabi_dcmpgt
 .text          0x0000000008003a08       0xa0 /Users/imac/Develop/stm32f4/arm_gcc/gcc-arm-none-eabi-4_7-2013q3/bin/../lib/gcc/arm-none-eabi/4.7.4/armv7-m/libgcc.a(_arm_truncdfsf2.o)
                0x0000000008003a08                __aeabi_d2f
                0x0000000008003a08                __truncdfsf2
 .text          0x0000000008003aa8      0x21c /Users/imac/Develop/stm32f4/arm_gcc/gcc-arm-none-eabi-4_7-2013q3/bin/../lib/gcc/arm-none-eabi/4.7.4/armv7-m/libgcc.a(_arm_addsubsf3.o)
                0x0000000008003aa8                __aeabi_frsub
                0x0000000008003ab0                __aeabi_fsub
                0x0000000008003ab0                __subsf3
                0x0000000008003ab4                __aeabi_fadd
                0x0000000008003ab4                __addsf3
                0x0000000008003c14                __aeabi_ui2f
                0x0000000008003c14                __floatunsisf
                0x0000000008003c1c                __floatsisf
                0x0000000008003c1c                __aeabi_i2f
                0x0000000008003c38                __aeabi_ul2f
                0x0000000008003c38                __floatundisf
                0x0000000008003c48                __aeabi_l2f
                0x0000000008003c48                __floatdisf
 .text          0x0000000008003cc4      0x2a0 /Users/imac/Develop/stm32f4/arm_gcc/gcc-arm-none-eabi-4_7-2013q3/bin/../lib/gcc/arm-none-eabi/4.7.4/armv7-m/libgcc.a(_arm_muldivsf3.o)
                0x0000000008003cc4                __mulsf3
                0x0000000008003cc4                __aeabi_fmul
                0x0000000008003e2c                __divsf3
                0x0000000008003e2c                __aeabi_fdiv
 .text          0x0000000008003f64       0xec /Users/imac/Develop/stm32f4/arm_gcc/gcc-arm-none-eabi-4_7-2013q3/bin/../lib/gcc/arm-none-eabi/4.7.4/armv7-m/libgcc.a(_arm_cmpsf2.o)
                0x0000000008003f64                __gesf2
                0x0000000008003f64                __gtsf2
                0x0000000008003f6c                __ltsf2
                0x0000000008003f6c                __lesf2
                0x0000000008003f74                __nesf2
                0x0000000008003f74                __eqsf2
                0x0000000008003f74                __cmpsf2
                0x0000000008003fd4                __aeabi_cfrcmple
                0x0000000008003fdc                __aeabi_cfcmpeq
                0x0000000008003fdc                __aeabi_cfcmple
                0x0000000008003fec                __aeabi_fcmpeq
                0x0000000008004000                __aeabi_fcmplt
                0x0000000008004014                __aeabi_fcmple
                0x0000000008004028                __aeabi_fcmpge
                0x000000000800403c                __aeabi_fcmpgt
 .text          0x0000000008004050       0x4c /Users/imac/Develop/stm32f4/arm_gcc/gcc-arm-none-eabi-4_7-2013q3/bin/../lib/gcc/arm-none-eabi/4.7.4/armv7-m/libgcc.a(_arm_fixsfsi.o)
                0x0000000008004050                __fixsfsi
                0x0000000008004050                __aeabi_f2iz
 .text          0x000000000800409c       0x40 /Users/imac/Develop/stm32f4/arm_gcc/gcc-arm-none-eabi-4_7-2013q3/bin/../lib/gcc/arm-none-eabi/4.7.4/armv7-m/libgcc.a(_arm_fixunssfsi.o)
                0x000000000800409c                __aeabi_f2uiz
                0x000000000800409c                __fixunssfsi
 *(.text*)
 .text.adcInit  0x00000000080040dc       0xec obj/SKYROVER/drv_adc.o
                0x00000000080040dc                adcInit
 .text.adcGetChannel
                0x00000000080041c8       0x10 obj/SKYROVER/drv_adc.o
                0x00000000080041c8                adcGetChannel
 .text.adxl345Read
                0x00000000080041d8       0xe0 obj/SKYROVER/drv_adxl345.o
 .text.adxl345Init
                0x00000000080042b8       0x64 obj/SKYROVER/drv_adxl345.o
 .text.adxl345Detect
                0x000000000800431c       0x58 obj/SKYROVER/drv_adxl345.o
                0x000000000800431c                adxl345Detect
 .text.bma280Read
                0x0000000008004374       0x58 obj/SKYROVER/drv_bma280.o
 .text.bma280Init
                0x00000000080043cc       0x30 obj/SKYROVER/drv_bma280.o
 .text.bma280Detect
                0x00000000080043fc       0x38 obj/SKYROVER/drv_bma280.o
                0x00000000080043fc                bma280Detect
 .text.bmp085_calculate
                0x0000000008004434       0xe0 obj/SKYROVER/drv_bmp085.o
 .text.bmp085_get_up
                0x0000000008004514       0x54 obj/SKYROVER/drv_bmp085.o
 .text.bmp085_get_ut
                0x0000000008004568       0x3c obj/SKYROVER/drv_bmp085.o
 .text.bmp085_start_up
                0x00000000080045a4       0x24 obj/SKYROVER/drv_bmp085.o
 .text.bmp085_start_ut
                0x00000000080045c8       0x14 obj/SKYROVER/drv_bmp085.o
 .text.EXTI15_10_IRQHandler
                0x00000000080045dc       0x24 obj/SKYROVER/drv_bmp085.o
                0x00000000080045dc                EXTI15_10_IRQHandler
 .text.bmp085Detect
                0x0000000008004600      0x1dc obj/SKYROVER/drv_bmp085.o
                0x0000000008004600                bmp085Detect
 .text.ms5611_calculate
                0x00000000080047dc      0x150 obj/SKYROVER/drv_ms5611.o
 .text.ms5611_read_adc
                0x000000000800492c       0x24 obj/SKYROVER/drv_ms5611.o
 .text.ms5611_get_up
                0x0000000008004950       0x10 obj/SKYROVER/drv_ms5611.o
 .text.ms5611_get_ut
                0x0000000008004960       0x10 obj/SKYROVER/drv_ms5611.o
 .text.ms5611_start_up
                0x0000000008004970        0xa obj/SKYROVER/drv_ms5611.o
 .text.ms5611_start_ut
                0x000000000800497a        0xa obj/SKYROVER/drv_ms5611.o
 .text.ms5611Detect
                0x0000000008004984      0x13c obj/SKYROVER/drv_ms5611.o
                0x0000000008004984                ms5611Detect
 .text.mma8452Read
                0x0000000008004ac0       0x6c obj/SKYROVER/drv_mma845x.o
 .text.mma8452Init
                0x0000000008004b2c       0x8c obj/SKYROVER/drv_mma845x.o
 .text.mma8452Detect
                0x0000000008004bb8       0x5c obj/SKYROVER/drv_mma845x.o
                0x0000000008004bb8                mma8452Detect
 .text.mpu3050ReadTemp
                0x0000000008004c14       0x30 obj/SKYROVER/drv_mpu3050.o
 .text.mpu3050Read
                0x0000000008004c44       0x68 obj/SKYROVER/drv_mpu3050.o
 .text.mpu3050Init
                0x0000000008004cac       0x5c obj/SKYROVER/drv_mpu3050.o
 .text.mpu3050Detect
                0x0000000008004d08       0x78 obj/SKYROVER/drv_mpu3050.o
                0x0000000008004d08                mpu3050Detect
 .text.mpu6050AccInit
                0x0000000008004d80       0x28 obj/SKYROVER/drv_mpu6050.o
 .text.mpu6050GyroRead
                0x0000000008004da8       0x68 obj/SKYROVER/drv_mpu6050.o
 .text.mpu6050AccRead
                0x0000000008004e10       0x54 obj/SKYROVER/drv_mpu6050.o
 .text.mpu6050GyroInit
                0x0000000008004e64       0xa8 obj/SKYROVER/drv_mpu6050.o
 .text.mpu6050Detect
                0x0000000008004f0c      0x128 obj/SKYROVER/drv_mpu6050.o
                0x0000000008004f0c                mpu6050Detect
 .text.l3g4200dRead
                0x0000000008005034       0x68 obj/SKYROVER/drv_l3g4200d.o
 .text.l3g4200dInit
                0x000000000800509c       0x44 obj/SKYROVER/drv_l3g4200d.o
 .text.l3g4200dDetect
                0x00000000080050e0       0x64 obj/SKYROVER/drv_l3g4200d.o
                0x00000000080050e0                l3g4200dDetect
 .text.pwmWriteBrushed
                0x0000000008005144       0x24 obj/SKYROVER/drv_pwm.o
 .text.pwmWriteStandard
                0x0000000008005168       0x10 obj/SKYROVER/drv_pwm.o
 .text.pwmOutConfig
                0x0000000008005178      0x134 obj/SKYROVER/drv_pwm.o
 .text.ppmCallback
                0x00000000080052ac       0x8c obj/SKYROVER/drv_pwm.o
 .text.pwmICConfig
                0x0000000008005338       0x30 obj/SKYROVER/drv_pwm.o
                0x0000000008005338                pwmICConfig
 .text.pwmInConfig
                0x0000000008005368       0x64 obj/SKYROVER/drv_pwm.o
 .text.pwmCallback
                0x00000000080053cc       0x60 obj/SKYROVER/drv_pwm.o
 .text.pwmInit  0x000000000800542c      0x160 obj/SKYROVER/drv_pwm.o
                0x000000000800542c                pwmInit
 .text.pwmWriteMotor
                0x000000000800558c       0x1c obj/SKYROVER/drv_pwm.o
                0x000000000800558c                pwmWriteMotor
 .text.pwmWriteServo
                0x00000000080055a8       0x1c obj/SKYROVER/drv_pwm.o
                0x00000000080055a8                pwmWriteServo
 .text.pwmRead  0x00000000080055c4        0xc obj/SKYROVER/drv_pwm.o
                0x00000000080055c4                pwmRead
 .text.spiTransfer
                0x00000000080055d0       0x54 obj/SKYROVER/drv_spi.o
                0x00000000080055d0                spiTransfer
 .text.spiInit  0x0000000008005624       0xf8 obj/SKYROVER/drv_spi.o
                0x0000000008005624                spiInit
 .text.configureTimerChannelCallback
                0x000000000800571c       0x4c obj/SKYROVER/drv_timer.o
                0x000000000800571c                configureTimerChannelCallback
 .text.configureTimerInputCaptureCompareChannel
                0x0000000008005768       0x2c obj/SKYROVER/drv_timer.o
                0x0000000008005768                configureTimerInputCaptureCompareChannel
 .text.configureTimerCaptureCompareInterrupt
                0x0000000008005794       0x1e obj/SKYROVER/drv_timer.o
                0x0000000008005794                configureTimerCaptureCompareInterrupt
 .text.timerNVICConfig
                0x00000000080057b2       0x1e obj/SKYROVER/drv_timer.o
                0x00000000080057b2                timerNVICConfig
 .text.configTimeBase
                0x00000000080057d0       0x44 obj/SKYROVER/drv_timer.o
                0x00000000080057d0                configTimeBase
 .text.timerInConfig
                0x0000000008005814       0x1c obj/SKYROVER/drv_timer.o
                0x0000000008005814                timerInConfig
 .text.findTimerConfig
                0x0000000008005830       0x40 obj/SKYROVER/drv_timer.o
                0x0000000008005830                findTimerConfig
 .text.timCCxHandler
                0x0000000008005870       0x9e obj/SKYROVER/drv_timer.o
 *fill*         0x000000000800590e        0x2 00
 .text.TIM1_CC_IRQHandler
                0x0000000008005910        0xc obj/SKYROVER/drv_timer.o
                0x0000000008005910                TIM1_CC_IRQHandler
 .text.TIM2_IRQHandler
                0x000000000800591c        0x8 obj/SKYROVER/drv_timer.o
                0x000000000800591c                TIM2_IRQHandler
 .text.TIM3_IRQHandler
                0x0000000008005924        0xc obj/SKYROVER/drv_timer.o
                0x0000000008005924                TIM3_IRQHandler
 .text.TIM4_IRQHandler
                0x0000000008005930        0xc obj/SKYROVER/drv_timer.o
                0x0000000008005930                TIM4_IRQHandler
 .text.hexairbotReadRawRC
                0x000000000800593c        0xc obj/SKYROVER/hexairbot.o
 .text.hexairbotInit
                0x0000000008005948       0x18 obj/SKYROVER/hexairbot.o
                0x0000000008005948                hexairbotInit
 .text.hexairbotSetData
                0x0000000008005960       0x1c obj/SKYROVER/hexairbot.o
                0x0000000008005960                hexairbotSetData
 .text.hexairbotFrameComplete
                0x000000000800597c       0x14 obj/SKYROVER/hexairbot.o
                0x000000000800597c                hexairbotFrameComplete
 .text.Reset_Handler
                0x0000000008005990       0xb0 obj/SKYROVER/startup_stm32f10x_md_gcc.o
                0x0000000008005990                Reset_Handler
 .text.Default_Handler
                0x0000000008005a40        0x4 obj/SKYROVER/startup_stm32f10x_md_gcc.o
                0x0000000008005a40                USBWakeUp_IRQHandler
                0x0000000008005a40                DebugMon_Handler
                0x0000000008005a40                PVD_IRQHandler
                0x0000000008005a40                PendSV_Handler
                0x0000000008005a40                NMI_Handler
                0x0000000008005a40                EXTI3_IRQHandler
                0x0000000008005a40                EXTI0_IRQHandler
                0x0000000008005a40                UsageFault_Handler
                0x0000000008005a40                ADC1_2_IRQHandler
                0x0000000008005a40                SPI1_IRQHandler
                0x0000000008005a40                TAMPER_IRQHandler
                0x0000000008005a40                USART3_IRQHandler
                0x0000000008005a40                RTC_IRQHandler
                0x0000000008005a40                DMA1_Channel7_IRQHandler
                0x0000000008005a40                CAN1_RX1_IRQHandler
                0x0000000008005a40                DMA1_Channel6_IRQHandler
                0x0000000008005a40                RCC_IRQHandler
                0x0000000008005a40                TIM1_TRG_COM_IRQHandler
                0x0000000008005a40                DMA1_Channel1_IRQHandler
                0x0000000008005a40                Default_Handler
                0x0000000008005a40                EXTI9_5_IRQHandler
                0x0000000008005a40                SPI2_IRQHandler
                0x0000000008005a40                MemManage_Handler
                0x0000000008005a40                SVC_Handler
                0x0000000008005a40                DMA1_Channel5_IRQHandler
                0x0000000008005a40                EXTI4_IRQHandler
                0x0000000008005a40                USB_LP_CAN1_RX0_IRQHandler
                0x0000000008005a40                USB_HP_CAN1_TX_IRQHandler
                0x0000000008005a40                DMA1_Channel3_IRQHandler
                0x0000000008005a40                TIM1_UP_IRQHandler
                0x0000000008005a40                WWDG_IRQHandler
                0x0000000008005a40                TIM1_BRK_IRQHandler
                0x0000000008005a40                EXTI1_IRQHandler
                0x0000000008005a40                RTCAlarm_IRQHandler
                0x0000000008005a40                DMA1_Channel2_IRQHandler
                0x0000000008005a40                CAN1_SCE_IRQHandler
                0x0000000008005a40                FLASH_IRQHandler
                0x0000000008005a40                BusFault_Handler
                0x0000000008005a40                EXTI2_IRQHandler
 .text.beep     0x0000000008005a44       0x70 obj/SKYROVER/buzzer.o
 .text.beep_code
                0x0000000008005ab4       0xa8 obj/SKYROVER/buzzer.o
 .text.buzzer   0x0000000008005b5c      0x120 obj/SKYROVER/buzzer.o
                0x0000000008005b5c                buzzer
 .text.i2a      0x0000000008005c7c       0x28 obj/SKYROVER/cli.o
 .text._atof    0x0000000008005ca4      0x12c obj/SKYROVER/cli.o
 .text.cliPrint
                0x0000000008005dd0       0x1c obj/SKYROVER/cli.o
 .text.cliVersion
                0x0000000008005dec        0xc obj/SKYROVER/cli.o
 .text.cliHelp  0x0000000008005df8       0x2c obj/SKYROVER/cli.o
 .text.cliStatus
                0x0000000008005e24       0xe4 obj/SKYROVER/cli.o
 .text.cliCompare
                0x0000000008005f08       0x1a obj/SKYROVER/cli.o
 *fill*         0x0000000008005f22        0x2 00
 .text.cliSave  0x0000000008005f24       0x30 obj/SKYROVER/cli.o
 .text.cliMap   0x0000000008005f54       0xa0 obj/SKYROVER/cli.o
 .text.cliGpsPassthrough
                0x0000000008005ff4       0x20 obj/SKYROVER/cli.o
 .text.cliFeature
                0x0000000008006014       0xec obj/SKYROVER/cli.o
 .text.cliExit  0x0000000008006100       0x38 obj/SKYROVER/cli.o
 .text.cliDefaults
                0x0000000008006138       0x2c obj/SKYROVER/cli.o
 .text.cliMixer
                0x0000000008006164       0xa0 obj/SKYROVER/cli.o
 .text.cliProfile
                0x0000000008006204       0x4c obj/SKYROVER/cli.o
 .text.cliMotor
                0x0000000008006250       0xa8 obj/SKYROVER/cli.o
 .text.cliAux   0x00000000080062f8       0x60 obj/SKYROVER/cli.o
 .text.itoa     0x0000000008006358       0x24 obj/SKYROVER/cli.o
                0x0000000008006358                itoa
 .text.ftoa     0x000000000800637c       0xd0 obj/SKYROVER/cli.o
 .text.cliPrintVar
                0x000000000800644c       0x9c obj/SKYROVER/cli.o
 .text.cliSet   0x00000000080064e8      0x154 obj/SKYROVER/cli.o
 .text.cliDump  0x000000000800663c      0x1b4 obj/SKYROVER/cli.o
 .text.cliCMix  0x00000000080067f0      0x244 obj/SKYROVER/cli.o
 .text.cliProcess
                0x0000000008006a34      0x1e0 obj/SKYROVER/cli.o
                0x0000000008006a34                cliProcess
 .text.validEEPROM
                0x0000000008006c14       0x44 obj/SKYROVER/config.o
 .text.parseRcChannels
                0x0000000008006c58       0x30 obj/SKYROVER/config.o
                0x0000000008006c58                parseRcChannels
 .text.readEEPROM
                0x0000000008006c88      0x110 obj/SKYROVER/config.o
                0x0000000008006c88                readEEPROM
 .text.writeEEPROM
                0x0000000008006d98       0xc8 obj/SKYROVER/config.o
                0x0000000008006d98                writeEEPROM
 .text.sensors  0x0000000008006e60       0x14 obj/SKYROVER/config.o
                0x0000000008006e60                sensors
 .text.sensorsSet
                0x0000000008006e74       0x10 obj/SKYROVER/config.o
                0x0000000008006e74                sensorsSet
 .text.sensorsClear
                0x0000000008006e84       0x10 obj/SKYROVER/config.o
                0x0000000008006e84                sensorsClear
 .text.sensorsMask
                0x0000000008006e94        0xc obj/SKYROVER/config.o
                0x0000000008006e94                sensorsMask
 .text.feature  0x0000000008006ea0       0x14 obj/SKYROVER/config.o
                0x0000000008006ea0                feature
 .text.featureSet
                0x0000000008006eb4       0x10 obj/SKYROVER/config.o
                0x0000000008006eb4                featureSet
 .text.checkFirstTime
                0x0000000008006ec4      0x2f0 obj/SKYROVER/config.o
                0x0000000008006ec4                checkFirstTime
 .text.featureClear
                0x00000000080071b4       0x10 obj/SKYROVER/config.o
                0x00000000080071b4                featureClear
 .text.featureMask
                0x00000000080071c4        0xc obj/SKYROVER/config.o
                0x00000000080071c4                featureMask
 .text.GPS_calc_longitude_scaling
                0x00000000080071d0       0x3c obj/SKYROVER/gps.o
 .text.gpsSetState
                0x000000000800720c       0x18 obj/SKYROVER/gps.o
 .text.GPS_distance_cm_bearing.isra.1
                0x0000000008007224       0x84 obj/SKYROVER/gps.o
 .text.get_I.isra.2
                0x00000000080072a8       0x4e obj/SKYROVER/gps.o
 *fill*         0x00000000080072f6        0x2 00
 .text.grab_fields.constprop.6
                0x00000000080072f8       0x3c obj/SKYROVER/gps.o
 .text.gpsInitHardware
                0x0000000008007334       0xd4 obj/SKYROVER/gps.o
                0x0000000008007334                gpsInitHardware
 .text.gpsThread
                0x0000000008007408       0x78 obj/SKYROVER/gps.o
                0x0000000008007408                gpsThread
 .text.GPS_reset_home_position
                0x0000000008007480       0x48 obj/SKYROVER/gps.o
                0x0000000008007480                GPS_reset_home_position
 .text.GPS_reset_nav
                0x00000000080074c8       0x5c obj/SKYROVER/gps.o
                0x00000000080074c8                GPS_reset_nav
 .text.gpsSetPIDs
                0x0000000008007524       0xa4 obj/SKYROVER/gps.o
                0x0000000008007524                gpsSetPIDs
 .text.gpsInit  0x00000000080075c8       0x70 obj/SKYROVER/gps.o
                0x00000000080075c8                gpsInit
 .text.gpsSetPassthrough
                0x0000000008007638       0x78 obj/SKYROVER/gps.o
                0x0000000008007638                gpsSetPassthrough
 .text.GPS_set_next_wp
                0x00000000080076b0       0x88 obj/SKYROVER/gps.o
                0x00000000080076b0                GPS_set_next_wp
 .text.wrap_18000
                0x0000000008007738       0x24 obj/SKYROVER/gps.o
                0x0000000008007738                wrap_18000
 .text.GPS_coord_to_degrees
                0x000000000800775c       0xa0 obj/SKYROVER/gps.o
                0x000000000800775c                GPS_coord_to_degrees
 *fill*         0x00000000080077fc        0x4 00
 .text.gpsNewData
                0x0000000008007800      0xc00 obj/SKYROVER/gps.o
 .text.calculateHeading
                0x0000000008008400       0xf8 obj/SKYROVER/imu.o
 .text.imuInit  0x00000000080084f8       0x48 obj/SKYROVER/imu.o
                0x00000000080084f8                imuInit
 .text.rotateV  0x0000000008008540      0x16e obj/SKYROVER/imu.o
                0x0000000008008540                rotateV
 .text.applyDeadband
                0x00000000080086ae       0x1e obj/SKYROVER/imu.o
                0x00000000080086ae                applyDeadband
 *fill*         0x00000000080086cc        0x4 00
 .text.acc_calc
                0x00000000080086d0      0x190 obj/SKYROVER/imu.o
                0x00000000080086d0                acc_calc
 .text.computeIMU
                0x0000000008008860      0x340 obj/SKYROVER/imu.o
                0x0000000008008860                computeIMU
 .text.accSum_reset
                0x0000000008008ba0       0x20 obj/SKYROVER/imu.o
                0x0000000008008ba0                accSum_reset
 .text.getEstimatedAltitude
                0x0000000008008bc0      0x37c obj/SKYROVER/imu.o
                0x0000000008008bc0                getEstimatedAltitude
 .text._putc    0x0000000008008f3c        0xc obj/SKYROVER/main.o
 .text.startup.main
                0x0000000008008f48      0x28c obj/SKYROVER/main.o
                0x0000000008008f48                main
 .text.HardFault_Handler
                0x00000000080091d4       0x14 obj/SKYROVER/main.o
                0x00000000080091d4                HardFault_Handler
 .text.servoMiddle
                0x00000000080091e8       0x28 obj/SKYROVER/mixer.o
                0x00000000080091e8                servoMiddle
 .text.mixerResetMotors
                0x0000000008009210       0x30 obj/SKYROVER/mixer.o
                0x0000000008009210                mixerResetMotors
 .text.mixerInit
                0x0000000008009240      0x114 obj/SKYROVER/mixer.o
                0x0000000008009240                mixerInit
 .text.mixerLoadMix
                0x0000000008009354       0x4c obj/SKYROVER/mixer.o
                0x0000000008009354                mixerLoadMix
 .text.writeServos
                0x00000000080093a0       0xc0 obj/SKYROVER/mixer.o
                0x00000000080093a0                writeServos
 .text.writeMotors
                0x0000000008009460       0x28 obj/SKYROVER/mixer.o
                0x0000000008009460                writeMotors
 .text.writeAllMotors
                0x0000000008009488       0x24 obj/SKYROVER/mixer.o
                0x0000000008009488                writeAllMotors
 .text.mixTable
                0x00000000080094ac      0x644 obj/SKYROVER/mixer.o
                0x00000000080094ac                mixTable
 .text.pidMultiWii
                0x0000000008009af0      0x230 obj/SKYROVER/mw.o
 .text.pidRewrite
                0x0000000008009d20      0x164 obj/SKYROVER/mw.o
 .text.blinkLED
                0x0000000008009e84       0x4c obj/SKYROVER/mw.o
                0x0000000008009e84                blinkLED
 .text.annexCode
                0x0000000008009ed0      0x410 obj/SKYROVER/mw.o
                0x0000000008009ed0                annexCode
 .text.pwmReadRawRC
                0x000000000800a2e0       0x28 obj/SKYROVER/mw.o
                0x000000000800a2e0                pwmReadRawRC
 .text.computeRC
                0x000000000800a308       0xa0 obj/SKYROVER/mw.o
                0x000000000800a308                computeRC
 .text.mwArm    0x000000000800a3a8       0x40 obj/SKYROVER/mw.o
                0x000000000800a3a8                mwArm
 .text.mwDisarm
                0x000000000800a3e8       0x10 obj/SKYROVER/mw.o
                0x000000000800a3e8                mwDisarm
 .text.setPIDController
                0x000000000800a3f8       0x1c obj/SKYROVER/mw.o
                0x000000000800a3f8                setPIDController
 .text.loop     0x000000000800a414      0xa1c obj/SKYROVER/mw.o
                0x000000000800a414                loop
 .text.sensorsAutodetect
                0x000000000800ae30      0x1b8 obj/SKYROVER/sensors.o
                0x000000000800ae30                sensorsAutodetect
 .text.batteryAdcToVoltage
                0x000000000800afe8       0x3c obj/SKYROVER/sensors.o
                0x000000000800afe8                batteryAdcToVoltage
 .text.batteryInit
                0x000000000800b024       0x58 obj/SKYROVER/sensors.o
                0x000000000800b024                batteryInit
 .text.ACC_getADC
                0x000000000800b07c      0x1cc obj/SKYROVER/sensors.o
                0x000000000800b07c                ACC_getADC
 .text.Baro_Common
                0x000000000800b248       0x44 obj/SKYROVER/sensors.o
                0x000000000800b248                Baro_Common
 .text.Baro_update
                0x000000000800b28c       0x70 obj/SKYROVER/sensors.o
                0x000000000800b28c                Baro_update
 .text.Gyro_getADC
                0x000000000800b2fc      0x198 obj/SKYROVER/sensors.o
                0x000000000800b2fc                Gyro_getADC
 .text.serialize32
                0x000000000800b494       0x6c obj/SKYROVER/serial.o
                0x000000000800b494                serialize32
 .text.serialize16
                0x000000000800b500       0x44 obj/SKYROVER/serial.o
                0x000000000800b500                serialize16
 .text.serialize8
                0x000000000800b544       0x20 obj/SKYROVER/serial.o
                0x000000000800b544                serialize8
 .text.read8    0x000000000800b564       0x18 obj/SKYROVER/serial.o
                0x000000000800b564                read8
 .text.read16   0x000000000800b57c       0x14 obj/SKYROVER/serial.o
                0x000000000800b57c                read16
 .text.read32   0x000000000800b590       0x12 obj/SKYROVER/serial.o
                0x000000000800b590                read32
 *fill*         0x000000000800b5a2        0x2 00
 .text.headSerialResponse
                0x000000000800b5a4       0x40 obj/SKYROVER/serial.o
                0x000000000800b5a4                headSerialResponse
 .text.headSerialReply
                0x000000000800b5e4        0x8 obj/SKYROVER/serial.o
                0x000000000800b5e4                headSerialReply
 .text.headSerialError
                0x000000000800b5ec        0x8 obj/SKYROVER/serial.o
                0x000000000800b5ec                headSerialError
 .text.tailSerialReply
                0x000000000800b5f4        0xc obj/SKYROVER/serial.o
                0x000000000800b5f4                tailSerialReply
 .text.s_struct
                0x000000000800b600       0x24 obj/SKYROVER/serial.o
                0x000000000800b600                s_struct
 .text.serializeNames
                0x000000000800b624       0x12 obj/SKYROVER/serial.o
                0x000000000800b624                serializeNames
 *fill*         0x000000000800b636        0x2 00
 .text.serializeBoxNamesReply
                0x000000000800b638       0x68 obj/SKYROVER/serial.o
                0x000000000800b638                serializeBoxNamesReply
 .text.serialInit
                0x000000000800b6a0      0x10c obj/SKYROVER/serial.o
                0x000000000800b6a0                serialInit
 .text.serialCom
                0x000000000800b7ac      0xbac obj/SKYROVER/serial.o
                0x000000000800b7ac                serialCom
 .text.sbusReadRawRC
                0x000000000800c358       0x20 obj/SKYROVER/sbus.o
 .text.sbusDataReceive
                0x000000000800c378       0x5c obj/SKYROVER/sbus.o
 .text.sbusInit
                0x000000000800c3d4       0x5c obj/SKYROVER/sbus.o
                0x000000000800c3d4                sbusInit
 .text.sbusFrameComplete
                0x000000000800c430       0xb0 obj/SKYROVER/sbus.o
                0x000000000800c430                sbusFrameComplete
 .text.sumdReadRawRC
                0x000000000800c4e0       0x1c obj/SKYROVER/sumd.o
 .text.sumdDataReceive
                0x000000000800c4fc       0x74 obj/SKYROVER/sumd.o
 .text.sumdInit
                0x000000000800c570       0x30 obj/SKYROVER/sumd.o
                0x000000000800c570                sumdInit
 .text.sumdFrameComplete
                0x000000000800c5a0       0x68 obj/SKYROVER/sumd.o
                0x000000000800c5a0                sumdFrameComplete
 .text.spektrumDataReceive
                0x000000000800c608       0x68 obj/SKYROVER/spektrum.o
 .text.spektrumReadRawRC
                0x000000000800c670       0x90 obj/SKYROVER/spektrum.o
 .text.spektrumInit
                0x000000000800c700       0x68 obj/SKYROVER/spektrum.o
                0x000000000800c700                spektrumInit
 .text.spektrumFrameComplete
                0x000000000800c768        0xc obj/SKYROVER/spektrum.o
                0x000000000800c768                spektrumFrameComplete
 .text.sendDataHead
                0x000000000800c774       0x20 obj/SKYROVER/telemetry.o
 .text.sendTelemetryTail
                0x000000000800c794       0x10 obj/SKYROVER/telemetry.o
 .text.serializeFrsky
                0x000000000800c7a4       0x30 obj/SKYROVER/telemetry.o
 .text.serialize16
                0x000000000800c7d4       0x16 obj/SKYROVER/telemetry.o
 *fill*         0x000000000800c7ea        0x2 00
 .text.initTelemetry
                0x000000000800c7ec       0x30 obj/SKYROVER/telemetry.o
                0x000000000800c7ec                initTelemetry
 .text.updateTelemetryState
                0x000000000800c81c       0x5c obj/SKYROVER/telemetry.o
                0x000000000800c81c                updateTelemetryState
 .text.sendTelemetry
                0x000000000800c878      0x30c obj/SKYROVER/telemetry.o
                0x000000000800c878                sendTelemetry
 .text.gpioInit
                0x000000000800cb84       0x76 obj/SKYROVER/drv_gpio.o
                0x000000000800cb84                gpioInit
 *fill*         0x000000000800cbfa        0x2 00
 .text.gpioExtiLineConfig
                0x000000000800cbfc       0x34 obj/SKYROVER/drv_gpio.o
                0x000000000800cbfc                gpioExtiLineConfig
 .text.i2c_ev_handler
                0x000000000800cc30      0x31c obj/SKYROVER/drv_i2c.o
 .text.I2C1_EV_IRQHandler
                0x000000000800cf4c        0x4 obj/SKYROVER/drv_i2c.o
                0x000000000800cf4c                I2C1_EV_IRQHandler
 .text.I2C2_EV_IRQHandler
                0x000000000800cf50        0x4 obj/SKYROVER/drv_i2c.o
                0x000000000800cf50                I2C2_EV_IRQHandler
 .text.i2cInit  0x000000000800cf54      0x130 obj/SKYROVER/drv_i2c.o
                0x000000000800cf54                i2cInit
 .text.i2cRead  0x000000000800d084       0xc4 obj/SKYROVER/drv_i2c.o
                0x000000000800d084                i2cRead
 .text.i2cWriteBuffer
                0x000000000800d148       0xc4 obj/SKYROVER/drv_i2c.o
                0x000000000800d148                i2cWriteBuffer
 .text.i2cWrite
                0x000000000800d20c       0x10 obj/SKYROVER/drv_i2c.o
                0x000000000800d20c                i2cWrite
 .text.i2c_er_handler
                0x000000000800d21c       0xac obj/SKYROVER/drv_i2c.o
 .text.I2C2_ER_IRQHandler
                0x000000000800d2c8        0x4 obj/SKYROVER/drv_i2c.o
                0x000000000800d2c8                I2C2_ER_IRQHandler
 .text.I2C1_ER_IRQHandler
                0x000000000800d2cc        0x4 obj/SKYROVER/drv_i2c.o
                0x000000000800d2cc                I2C1_ER_IRQHandler
 .text.i2cGetErrorCounter
                0x000000000800d2d0        0xc obj/SKYROVER/drv_i2c.o
                0x000000000800d2d0                i2cGetErrorCounter
 .text.SysTick_Handler
                0x000000000800d2dc       0x10 obj/SKYROVER/drv_system.o
                0x000000000800d2dc                SysTick_Handler
 .text.micros   0x000000000800d2ec       0x34 obj/SKYROVER/drv_system.o
                0x000000000800d2ec                micros
 .text.millis   0x000000000800d320        0xc obj/SKYROVER/drv_system.o
                0x000000000800d320                millis
 .text.delayMicroseconds
                0x000000000800d32c       0x16 obj/SKYROVER/drv_system.o
                0x000000000800d32c                delayMicroseconds
 .text.delay    0x000000000800d342       0x14 obj/SKYROVER/drv_system.o
                0x000000000800d342                delay
 *fill*         0x000000000800d356        0x2 00
 .text.systemInit
                0x000000000800d358      0x128 obj/SKYROVER/drv_system.o
                0x000000000800d358                systemInit
 .text.failureMode
                0x000000000800d480       0x38 obj/SKYROVER/drv_system.o
                0x000000000800d480                failureMode
 .text.systemReset
                0x000000000800d4b8       0x20 obj/SKYROVER/drv_system.o
                0x000000000800d4b8                systemReset
 .text.systemBeep
                0x000000000800d4d8        0x2 obj/SKYROVER/drv_system.o
                0x000000000800d4d8                systemBeep
 .text.serialWrite
                0x000000000800d4da        0xa obj/SKYROVER/drv_serial.o
                0x000000000800d4da                serialWrite
 .text.serialPrint
                0x000000000800d4e4       0x16 obj/SKYROVER/drv_serial.o
                0x000000000800d4e4                serialPrint
 .text.serialTotalBytesWaiting
                0x000000000800d4fa        0xa obj/SKYROVER/drv_serial.o
                0x000000000800d4fa                serialTotalBytesWaiting
 .text.serialRead
                0x000000000800d504        0xa obj/SKYROVER/drv_serial.o
                0x000000000800d504                serialRead
 .text.serialSetBaudRate
                0x000000000800d50e        0xa obj/SKYROVER/drv_serial.o
                0x000000000800d50e                serialSetBaudRate
 .text.isSerialTransmitBufferEmpty
                0x000000000800d518        0xa obj/SKYROVER/drv_serial.o
                0x000000000800d518                isSerialTransmitBufferEmpty
 .text.softSerialTotalBytesWaiting
                0x000000000800d522       0x18 obj/SKYROVER/drv_softserial.o
                0x000000000800d522                softSerialTotalBytesWaiting
 .text.softSerialWriteByte
                0x000000000800d53a       0x18 obj/SKYROVER/drv_softserial.o
                0x000000000800d53a                softSerialWriteByte
 .text.softSerialSetBaudRate
                0x000000000800d552        0x2 obj/SKYROVER/drv_softserial.o
                0x000000000800d552                softSerialSetBaudRate
 .text.isSoftSerialTransmitBufferEmpty
                0x000000000800d554        0xe obj/SKYROVER/drv_softserial.o
                0x000000000800d554                isSoftSerialTransmitBufferEmpty
 .text.softSerialReadByte
                0x000000000800d562       0x22 obj/SKYROVER/drv_softserial.o
                0x000000000800d562                softSerialReadByte
 .text.readRxSignal
                0x000000000800d584       0x20 obj/SKYROVER/drv_softserial.o
                0x000000000800d584                readRxSignal
 .text.setTxSignal
                0x000000000800d5a4       0x2e obj/SKYROVER/drv_softserial.o
                0x000000000800d5a4                setTxSignal
 .text.serialInputPortConfig
                0x000000000800d5d2       0x20 obj/SKYROVER/drv_softserial.o
                0x000000000800d5d2                serialInputPortConfig
 *fill*         0x000000000800d5f2        0x2 00
 .text.serialTimerConfig
                0x000000000800d5f4       0x2c obj/SKYROVER/drv_softserial.o
                0x000000000800d5f4                serialTimerConfig
 .text.serialOutputPortConfig
                0x000000000800d620       0x20 obj/SKYROVER/drv_softserial.o
                0x000000000800d620                serialOutputPortConfig
 .text.setupSoftSerial1
                0x000000000800d640       0x8c obj/SKYROVER/drv_softserial.o
                0x000000000800d640                setupSoftSerial1
 .text.updateBufferIndex
                0x000000000800d6cc       0x14 obj/SKYROVER/drv_softserial.o
                0x000000000800d6cc                updateBufferIndex
 .text.searchForStartBit
                0x000000000800d6e0       0x30 obj/SKYROVER/drv_softserial.o
                0x000000000800d6e0                searchForStartBit
 .text.searchForStopBit
                0x000000000800d710       0x38 obj/SKYROVER/drv_softserial.o
                0x000000000800d710                searchForStopBit
 .text.readDataBit
                0x000000000800d748       0x46 obj/SKYROVER/drv_softserial.o
                0x000000000800d748                readDataBit
 .text.processRxState
                0x000000000800d78e       0x2a obj/SKYROVER/drv_softserial.o
                0x000000000800d78e                processRxState
 .text.processTxState
                0x000000000800d7b8       0x74 obj/SKYROVER/drv_softserial.o
                0x000000000800d7b8                processTxState
 .text.onSerialTimer
                0x000000000800d82c       0x20 obj/SKYROVER/drv_softserial.o
                0x000000000800d82c                onSerialTimer
 .text.uartTotalBytesWaiting
                0x000000000800d84c       0x16 obj/SKYROVER/drv_uart.o
                0x000000000800d84c                uartTotalBytesWaiting
 .text.isUartTransmitBufferEmpty
                0x000000000800d862       0x18 obj/SKYROVER/drv_uart.o
                0x000000000800d862                isUartTransmitBufferEmpty
 .text.uartStartTxDMA
                0x000000000800d87a       0x30 obj/SKYROVER/drv_uart.o
 .text.uartSetBaudRate
                0x000000000800d8aa       0x4a obj/SKYROVER/drv_uart.o
                0x000000000800d8aa                uartSetBaudRate
 .text.uartRead
                0x000000000800d8f4       0x30 obj/SKYROVER/drv_uart.o
                0x000000000800d8f4                uartRead
 .text.uartWrite
                0x000000000800d924       0x3c obj/SKYROVER/drv_uart.o
                0x000000000800d924                uartWrite
 .text.serialUSART1
                0x000000000800d960       0xa0 obj/SKYROVER/drv_uart.o
                0x000000000800d960                serialUSART1
 .text.serialUSART2
                0x000000000800da00       0x98 obj/SKYROVER/drv_uart.o
                0x000000000800da00                serialUSART2
 .text.uartOpen
                0x000000000800da98      0x170 obj/SKYROVER/drv_uart.o
                0x000000000800da98                uartOpen
 .text.DMA1_Channel4_IRQHandler
                0x000000000800dc08       0x34 obj/SKYROVER/drv_uart.o
                0x000000000800dc08                DMA1_Channel4_IRQHandler
 .text.USART1_IRQHandler
                0x000000000800dc3c       0x3c obj/SKYROVER/drv_uart.o
                0x000000000800dc3c                USART1_IRQHandler
 .text.USART2_IRQHandler
                0x000000000800dc78       0x78 obj/SKYROVER/drv_uart.o
                0x000000000800dc78                USART2_IRQHandler
 .text.uli2a    0x000000000800dcf0       0x4a obj/SKYROVER/printf.o
 .text.ui2a     0x000000000800dd3a       0x4a obj/SKYROVER/printf.o
 .text.putchw   0x000000000800dd84       0x48 obj/SKYROVER/printf.o
 .text.tfp_format
                0x000000000800ddcc      0x16c obj/SKYROVER/printf.o
                0x000000000800ddcc                tfp_format
 .text.init_printf
                0x000000000800df38       0x14 obj/SKYROVER/printf.o
                0x000000000800df38                init_printf
 .text.tfp_printf
                0x000000000800df4c       0x38 obj/SKYROVER/printf.o
                0x000000000800df4c                tfp_printf
 .text.constrain
                0x000000000800df84       0x10 obj/SKYROVER/utils.o
                0x000000000800df84                constrain
 *fill*         0x000000000800df94        0x4 00
 .text.initBoardAlignment
                0x000000000800df98      0x170 obj/SKYROVER/utils.o
                0x000000000800df98                initBoardAlignment
 .text.alignBoard
                0x000000000800e108       0xc4 obj/SKYROVER/utils.o
                0x000000000800e108                alignBoard
 .text.alignSensors
                0x000000000800e1cc       0x7c obj/SKYROVER/utils.o
                0x000000000800e1cc                alignSensors
 .text.SystemInit
                0x000000000800e248       0x4c obj/SKYROVER/system_stm32f10x.o
                0x000000000800e248                SystemInit
 .text.SystemCoreClockUpdate
                0x000000000800e294       0x74 obj/SKYROVER/system_stm32f10x.o
                0x000000000800e294                SystemCoreClockUpdate
 .text.SetSysClock
                0x000000000800e308      0x15c obj/SKYROVER/system_stm32f10x.o
                0x000000000800e308                SetSysClock
 .text.NVIC_PriorityGroupConfig
                0x000000000800e464       0x14 obj/SKYROVER/misc.o
                0x000000000800e464                NVIC_PriorityGroupConfig
 .text.NVIC_Init
                0x000000000800e478       0x68 obj/SKYROVER/misc.o
                0x000000000800e478                NVIC_Init
 .text.ADC_Init
                0x000000000800e4e0       0x48 obj/SKYROVER/stm32f10x_adc.o
                0x000000000800e4e0                ADC_Init
 .text.ADC_Cmd  0x000000000800e528       0x12 obj/SKYROVER/stm32f10x_adc.o
                0x000000000800e528                ADC_Cmd
 .text.ADC_DMACmd
                0x000000000800e53a       0x12 obj/SKYROVER/stm32f10x_adc.o
                0x000000000800e53a                ADC_DMACmd
 .text.ADC_ResetCalibration
                0x000000000800e54c        0xa obj/SKYROVER/stm32f10x_adc.o
                0x000000000800e54c                ADC_ResetCalibration
 .text.ADC_GetResetCalibrationStatus
                0x000000000800e556        0x8 obj/SKYROVER/stm32f10x_adc.o
                0x000000000800e556                ADC_GetResetCalibrationStatus
 .text.ADC_StartCalibration
                0x000000000800e55e        0xa obj/SKYROVER/stm32f10x_adc.o
                0x000000000800e55e                ADC_StartCalibration
 .text.ADC_GetCalibrationStatus
                0x000000000800e568        0x8 obj/SKYROVER/stm32f10x_adc.o
                0x000000000800e568                ADC_GetCalibrationStatus
 .text.ADC_SoftwareStartConvCmd
                0x000000000800e570       0x12 obj/SKYROVER/stm32f10x_adc.o
                0x000000000800e570                ADC_SoftwareStartConvCmd
 .text.ADC_RegularChannelConfig
                0x000000000800e582       0x9a obj/SKYROVER/stm32f10x_adc.o
                0x000000000800e582                ADC_RegularChannelConfig
 .text.DMA_DeInit
                0x000000000800e61c       0xf0 obj/SKYROVER/stm32f10x_dma.o
                0x000000000800e61c                DMA_DeInit
 .text.DMA_Init
                0x000000000800e70c       0x40 obj/SKYROVER/stm32f10x_dma.o
                0x000000000800e70c                DMA_Init
 .text.DMA_StructInit
                0x000000000800e74c       0x1a obj/SKYROVER/stm32f10x_dma.o
                0x000000000800e74c                DMA_StructInit
 .text.DMA_Cmd  0x000000000800e766       0x16 obj/SKYROVER/stm32f10x_dma.o
                0x000000000800e766                DMA_Cmd
 .text.DMA_ITConfig
                0x000000000800e77c       0x10 obj/SKYROVER/stm32f10x_dma.o
                0x000000000800e77c                DMA_ITConfig
 .text.DMA_SetCurrDataCounter
                0x000000000800e78c        0x4 obj/SKYROVER/stm32f10x_dma.o
                0x000000000800e78c                DMA_SetCurrDataCounter
 .text.DMA_GetCurrDataCounter
                0x000000000800e790        0x6 obj/SKYROVER/stm32f10x_dma.o
                0x000000000800e790                DMA_GetCurrDataCounter
 *fill*         0x000000000800e796        0x2 00
 .text.DMA_ClearITPendingBit
                0x000000000800e798       0x14 obj/SKYROVER/stm32f10x_dma.o
                0x000000000800e798                DMA_ClearITPendingBit
 .text.EXTI_Init
                0x000000000800e7ac       0x78 obj/SKYROVER/stm32f10x_exti.o
                0x000000000800e7ac                EXTI_Init
 .text.EXTI_GetITStatus
                0x000000000800e824       0x20 obj/SKYROVER/stm32f10x_exti.o
                0x000000000800e824                EXTI_GetITStatus
 .text.EXTI_ClearITPendingBit
                0x000000000800e844        0xc obj/SKYROVER/stm32f10x_exti.o
                0x000000000800e844                EXTI_ClearITPendingBit
 .text.FLASH_Unlock
                0x000000000800e850       0x18 obj/SKYROVER/stm32f10x_flash.o
                0x000000000800e850                FLASH_Unlock
 .text.FLASH_Lock
                0x000000000800e868       0x10 obj/SKYROVER/stm32f10x_flash.o
                0x000000000800e868                FLASH_Lock
 .text.FLASH_ClearFlag
                0x000000000800e878        0xc obj/SKYROVER/stm32f10x_flash.o
                0x000000000800e878                FLASH_ClearFlag
 .text.FLASH_GetBank1Status
                0x000000000800e884       0x28 obj/SKYROVER/stm32f10x_flash.o
                0x000000000800e884                FLASH_GetBank1Status
 .text.FLASH_WaitForLastOperation
                0x000000000800e8ac       0x22 obj/SKYROVER/stm32f10x_flash.o
                0x000000000800e8ac                FLASH_WaitForLastOperation
 *fill*         0x000000000800e8ce        0x2 00
 .text.FLASH_ProgramWord
                0x000000000800e8d0       0x54 obj/SKYROVER/stm32f10x_flash.o
                0x000000000800e8d0                FLASH_ProgramWord
 .text.FLASH_ErasePage
                0x000000000800e924       0x3c obj/SKYROVER/stm32f10x_flash.o
                0x000000000800e924                FLASH_ErasePage
 .text.I2C_DeInit
                0x000000000800e960       0x34 obj/SKYROVER/stm32f10x_i2c.o
                0x000000000800e960                I2C_DeInit
 .text.I2C_Init
                0x000000000800e994       0xd4 obj/SKYROVER/stm32f10x_i2c.o
                0x000000000800e994                I2C_Init
 .text.I2C_StructInit
                0x000000000800ea68       0x1c obj/SKYROVER/stm32f10x_i2c.o
                0x000000000800ea68                I2C_StructInit
 .text.I2C_Cmd  0x000000000800ea84       0x18 obj/SKYROVER/stm32f10x_i2c.o
                0x000000000800ea84                I2C_Cmd
 .text.I2C_GenerateSTART
                0x000000000800ea9c       0x18 obj/SKYROVER/stm32f10x_i2c.o
                0x000000000800ea9c                I2C_GenerateSTART
 .text.I2C_GenerateSTOP
                0x000000000800eab4       0x18 obj/SKYROVER/stm32f10x_i2c.o
                0x000000000800eab4                I2C_GenerateSTOP
 .text.I2C_AcknowledgeConfig
                0x000000000800eacc       0x18 obj/SKYROVER/stm32f10x_i2c.o
                0x000000000800eacc                I2C_AcknowledgeConfig
 .text.I2C_ITConfig
                0x000000000800eae4       0x12 obj/SKYROVER/stm32f10x_i2c.o
                0x000000000800eae4                I2C_ITConfig
 .text.I2C_SendData
                0x000000000800eaf6        0x4 obj/SKYROVER/stm32f10x_i2c.o
                0x000000000800eaf6                I2C_SendData
 .text.I2C_ReceiveData
                0x000000000800eafa        0x6 obj/SKYROVER/stm32f10x_i2c.o
                0x000000000800eafa                I2C_ReceiveData
 .text.I2C_Send7bitAddress
                0x000000000800eb00       0x10 obj/SKYROVER/stm32f10x_i2c.o
                0x000000000800eb00                I2C_Send7bitAddress
 .text.RCC_GetClocksFreq
                0x000000000800eb10       0x9c obj/SKYROVER/stm32f10x_rcc.o
                0x000000000800eb10                RCC_GetClocksFreq
 .text.RCC_AHBPeriphClockCmd
                0x000000000800ebac       0x18 obj/SKYROVER/stm32f10x_rcc.o
                0x000000000800ebac                RCC_AHBPeriphClockCmd
 .text.RCC_APB2PeriphClockCmd
                0x000000000800ebc4       0x18 obj/SKYROVER/stm32f10x_rcc.o
                0x000000000800ebc4                RCC_APB2PeriphClockCmd
 .text.RCC_APB1PeriphClockCmd
                0x000000000800ebdc       0x18 obj/SKYROVER/stm32f10x_rcc.o
                0x000000000800ebdc                RCC_APB1PeriphClockCmd
 .text.RCC_APB2PeriphResetCmd
                0x000000000800ebf4       0x18 obj/SKYROVER/stm32f10x_rcc.o
                0x000000000800ebf4                RCC_APB2PeriphResetCmd
 .text.RCC_APB1PeriphResetCmd
                0x000000000800ec0c       0x18 obj/SKYROVER/stm32f10x_rcc.o
                0x000000000800ec0c                RCC_APB1PeriphResetCmd
 .text.RCC_ClearFlag
                0x000000000800ec24       0x10 obj/SKYROVER/stm32f10x_rcc.o
                0x000000000800ec24                RCC_ClearFlag
 .text.SPI_I2S_DeInit
                0x000000000800ec34       0x64 obj/SKYROVER/stm32f10x_spi.o
                0x000000000800ec34                SPI_I2S_DeInit
 .text.SPI_Init
                0x000000000800ec98       0x3e obj/SKYROVER/stm32f10x_spi.o
                0x000000000800ec98                SPI_Init
 .text.SPI_Cmd  0x000000000800ecd6       0x18 obj/SKYROVER/stm32f10x_spi.o
                0x000000000800ecd6                SPI_Cmd
 .text.SPI_I2S_SendData
                0x000000000800ecee        0x4 obj/SKYROVER/stm32f10x_spi.o
                0x000000000800ecee                SPI_I2S_SendData
 .text.SPI_I2S_ReceiveData
                0x000000000800ecf2        0x6 obj/SKYROVER/stm32f10x_spi.o
                0x000000000800ecf2                SPI_I2S_ReceiveData
 .text.SPI_I2S_GetFlagStatus
                0x000000000800ecf8        0xc obj/SKYROVER/stm32f10x_spi.o
                0x000000000800ecf8                SPI_I2S_GetFlagStatus
 .text.TI1_Config
                0x000000000800ed04       0x68 obj/SKYROVER/stm32f10x_tim.o
 .text.TI2_Config
                0x000000000800ed6c       0x78 obj/SKYROVER/stm32f10x_tim.o
 .text.TIM_TimeBaseInit
                0x000000000800ede4       0x94 obj/SKYROVER/stm32f10x_tim.o
                0x000000000800ede4                TIM_TimeBaseInit
 .text.TIM_OC1Init
                0x000000000800ee78       0x88 obj/SKYROVER/stm32f10x_tim.o
                0x000000000800ee78                TIM_OC1Init
 .text.TIM_OC2Init
                0x000000000800ef00       0x88 obj/SKYROVER/stm32f10x_tim.o
                0x000000000800ef00                TIM_OC2Init
 .text.TIM_OC3Init
                0x000000000800ef88       0x84 obj/SKYROVER/stm32f10x_tim.o
                0x000000000800ef88                TIM_OC3Init
 .text.TIM_OC4Init
                0x000000000800f00c       0x68 obj/SKYROVER/stm32f10x_tim.o
                0x000000000800f00c                TIM_OC4Init
 .text.TIM_TimeBaseStructInit
                0x000000000800f074       0x12 obj/SKYROVER/stm32f10x_tim.o
                0x000000000800f074                TIM_TimeBaseStructInit
 .text.TIM_OCStructInit
                0x000000000800f086       0x14 obj/SKYROVER/stm32f10x_tim.o
                0x000000000800f086                TIM_OCStructInit
 .text.TIM_ICStructInit
                0x000000000800f09a       0x10 obj/SKYROVER/stm32f10x_tim.o
                0x000000000800f09a                TIM_ICStructInit
 .text.TIM_Cmd  0x000000000800f0aa       0x18 obj/SKYROVER/stm32f10x_tim.o
                0x000000000800f0aa                TIM_Cmd
 .text.TIM_CtrlPWMOutputs
                0x000000000800f0c2       0x1c obj/SKYROVER/stm32f10x_tim.o
                0x000000000800f0c2                TIM_CtrlPWMOutputs
 .text.TIM_ITConfig
                0x000000000800f0de       0x12 obj/SKYROVER/stm32f10x_tim.o
                0x000000000800f0de                TIM_ITConfig
 .text.TIM_OC1PreloadConfig
                0x000000000800f0f0       0x10 obj/SKYROVER/stm32f10x_tim.o
                0x000000000800f0f0                TIM_OC1PreloadConfig
 .text.TIM_OC2PreloadConfig
                0x000000000800f100       0x14 obj/SKYROVER/stm32f10x_tim.o
                0x000000000800f100                TIM_OC2PreloadConfig
 .text.TIM_OC3PreloadConfig
                0x000000000800f114       0x10 obj/SKYROVER/stm32f10x_tim.o
                0x000000000800f114                TIM_OC3PreloadConfig
 .text.TIM_OC4PreloadConfig
                0x000000000800f124       0x14 obj/SKYROVER/stm32f10x_tim.o
                0x000000000800f124                TIM_OC4PreloadConfig
 .text.TIM_SetIC1Prescaler
                0x000000000800f138       0x16 obj/SKYROVER/stm32f10x_tim.o
                0x000000000800f138                TIM_SetIC1Prescaler
 .text.TIM_SetIC2Prescaler
                0x000000000800f14e       0x1a obj/SKYROVER/stm32f10x_tim.o
                0x000000000800f14e                TIM_SetIC2Prescaler
 .text.TIM_SetIC3Prescaler
                0x000000000800f168       0x16 obj/SKYROVER/stm32f10x_tim.o
                0x000000000800f168                TIM_SetIC3Prescaler
 .text.TIM_SetIC4Prescaler
                0x000000000800f17e       0x1a obj/SKYROVER/stm32f10x_tim.o
                0x000000000800f17e                TIM_SetIC4Prescaler
 .text.TIM_ICInit
                0x000000000800f198      0x138 obj/SKYROVER/stm32f10x_tim.o
                0x000000000800f198                TIM_ICInit
 .text.TIM_GetCapture1
                0x000000000800f2d0        0x6 obj/SKYROVER/stm32f10x_tim.o
                0x000000000800f2d0                TIM_GetCapture1
 .text.TIM_GetCapture2
                0x000000000800f2d6        0x6 obj/SKYROVER/stm32f10x_tim.o
                0x000000000800f2d6                TIM_GetCapture2
 .text.TIM_GetCapture3
                0x000000000800f2dc        0x6 obj/SKYROVER/stm32f10x_tim.o
                0x000000000800f2dc                TIM_GetCapture3
 .text.TIM_GetCapture4
                0x000000000800f2e2        0x8 obj/SKYROVER/stm32f10x_tim.o
                0x000000000800f2e2                TIM_GetCapture4
 .text.TIM_GetITStatus
                0x000000000800f2ea       0x16 obj/SKYROVER/stm32f10x_tim.o
                0x000000000800f2ea                TIM_GetITStatus
 .text.TIM_ClearITPendingBit
                0x000000000800f300        0x8 obj/SKYROVER/stm32f10x_tim.o
                0x000000000800f300                TIM_ClearITPendingBit
 .text.USART_Init
                0x000000000800f308       0xb0 obj/SKYROVER/stm32f10x_usart.o
                0x000000000800f308                USART_Init
 .text.USART_Cmd
                0x000000000800f3b8       0x18 obj/SKYROVER/stm32f10x_usart.o
                0x000000000800f3b8                USART_Cmd
 .text.USART_ITConfig
                0x000000000800f3d0       0x34 obj/SKYROVER/stm32f10x_usart.o
                0x000000000800f3d0                USART_ITConfig
 .text.USART_DMACmd
                0x000000000800f404       0x12 obj/SKYROVER/stm32f10x_usart.o
                0x000000000800f404                USART_DMACmd
 *fill*         0x000000000800f416        0x2 00
 .text.cosf     0x000000000800f418       0x68 /Users/imac/Develop/stm32f4/arm_gcc/gcc-arm-none-eabi-4_7-2013q3/bin/../lib/gcc/arm-none-eabi/4.7.4/../../../../arm-none-eabi/lib/armv7-m/libm.a(lib_a-sf_cos.o)
                0x000000000800f418                cosf
 .text.lrintf   0x000000000800f480       0x80 /Users/imac/Develop/stm32f4/arm_gcc/gcc-arm-none-eabi-4_7-2013q3/bin/../lib/gcc/arm-none-eabi/4.7.4/../../../../arm-none-eabi/lib/armv7-m/libm.a(lib_a-sf_lrint.o)
                0x000000000800f480                lrintf
 .text.sinf     0x000000000800f500       0x78 /Users/imac/Develop/stm32f4/arm_gcc/gcc-arm-none-eabi-4_7-2013q3/bin/../lib/gcc/arm-none-eabi/4.7.4/../../../../arm-none-eabi/lib/armv7-m/libm.a(lib_a-sf_sin.o)
                0x000000000800f500                sinf
 .text.atan2f   0x000000000800f578        0x4 /Users/imac/Develop/stm32f4/arm_gcc/gcc-arm-none-eabi-4_7-2013q3/bin/../lib/gcc/arm-none-eabi/4.7.4/../../../../arm-none-eabi/lib/armv7-m/libm.a(lib_a-wf_atan2.o)
                0x000000000800f578                atan2f
 .text.powf     0x000000000800f57c      0x328 /Users/imac/Develop/stm32f4/arm_gcc/gcc-arm-none-eabi-4_7-2013q3/bin/../lib/gcc/arm-none-eabi/4.7.4/../../../../arm-none-eabi/lib/armv7-m/libm.a(lib_a-wf_pow.o)
                0x000000000800f57c                powf
 .text.sqrtf    0x000000000800f8a4       0x9c /Users/imac/Develop/stm32f4/arm_gcc/gcc-arm-none-eabi-4_7-2013q3/bin/../lib/gcc/arm-none-eabi/4.7.4/../../../../arm-none-eabi/lib/armv7-m/libm.a(lib_a-wf_sqrt.o)
                0x000000000800f8a4                sqrtf
 .text.__ieee754_atan2f
                0x000000000800f940      0x14c /Users/imac/Develop/stm32f4/arm_gcc/gcc-arm-none-eabi-4_7-2013q3/bin/../lib/gcc/arm-none-eabi/4.7.4/../../../../arm-none-eabi/lib/armv7-m/libm.a(lib_a-ef_atan2.o)
                0x000000000800f940                __ieee754_atan2f
 .text.__ieee754_powf
                0x000000000800fa8c      0x740 /Users/imac/Develop/stm32f4/arm_gcc/gcc-arm-none-eabi-4_7-2013q3/bin/../lib/gcc/arm-none-eabi/4.7.4/../../../../arm-none-eabi/lib/armv7-m/libm.a(lib_a-ef_pow.o)
                0x000000000800fa8c                __ieee754_powf
 .text.__ieee754_rem_pio2f
                0x00000000080101cc      0x358 /Users/imac/Develop/stm32f4/arm_gcc/gcc-arm-none-eabi-4_7-2013q3/bin/../lib/gcc/arm-none-eabi/4.7.4/../../../../arm-none-eabi/lib/armv7-m/libm.a(lib_a-ef_rem_pio2.o)
                0x00000000080101cc                __ieee754_rem_pio2f
 .text.__ieee754_sqrtf
                0x0000000008010524       0xd4 /Users/imac/Develop/stm32f4/arm_gcc/gcc-arm-none-eabi-4_7-2013q3/bin/../lib/gcc/arm-none-eabi/4.7.4/../../../../arm-none-eabi/lib/armv7-m/libm.a(lib_a-ef_sqrt.o)
                0x0000000008010524                __ieee754_sqrtf
 .text.__kernel_cosf
                0x00000000080105f8      0x1b8 /Users/imac/Develop/stm32f4/arm_gcc/gcc-arm-none-eabi-4_7-2013q3/bin/../lib/gcc/arm-none-eabi/4.7.4/../../../../arm-none-eabi/lib/armv7-m/libm.a(lib_a-kf_cos.o)
                0x00000000080105f8                __kernel_cosf
 .text.__kernel_rem_pio2f
                0x00000000080107b0      0xba0 /Users/imac/Develop/stm32f4/arm_gcc/gcc-arm-none-eabi-4_7-2013q3/bin/../lib/gcc/arm-none-eabi/4.7.4/../../../../arm-none-eabi/lib/armv7-m/libm.a(lib_a-kf_rem_pio2.o)
                0x00000000080107b0                __kernel_rem_pio2f
 .text.__kernel_sinf
                0x0000000008011350      0x100 /Users/imac/Develop/stm32f4/arm_gcc/gcc-arm-none-eabi-4_7-2013q3/bin/../lib/gcc/arm-none-eabi/4.7.4/../../../../arm-none-eabi/lib/armv7-m/libm.a(lib_a-kf_sin.o)
                0x0000000008011350                __kernel_sinf
 .text.matherr  0x0000000008011450        0x4 /Users/imac/Develop/stm32f4/arm_gcc/gcc-arm-none-eabi-4_7-2013q3/bin/../lib/gcc/arm-none-eabi/4.7.4/../../../../arm-none-eabi/lib/armv7-m/libm.a(lib_a-s_matherr.o)
                0x0000000008011450                matherr
 .text.rint     0x0000000008011454      0x128 /Users/imac/Develop/stm32f4/arm_gcc/gcc-arm-none-eabi-4_7-2013q3/bin/../lib/gcc/arm-none-eabi/4.7.4/../../../../arm-none-eabi/lib/armv7-m/libm.a(lib_a-s_rint.o)
                0x0000000008011454                rint
 .text.atanf    0x000000000801157c      0x258 /Users/imac/Develop/stm32f4/arm_gcc/gcc-arm-none-eabi-4_7-2013q3/bin/../lib/gcc/arm-none-eabi/4.7.4/../../../../arm-none-eabi/lib/armv7-m/libm.a(lib_a-sf_atan.o)
                0x000000000801157c                atanf
 .text.fabsf    0x00000000080117d4        0x8 /Users/imac/Develop/stm32f4/arm_gcc/gcc-arm-none-eabi-4_7-2013q3/bin/../lib/gcc/arm-none-eabi/4.7.4/../../../../arm-none-eabi/lib/armv7-m/libm.a(lib_a-sf_fabs.o)
                0x00000000080117d4                fabsf
 .text.finitef  0x00000000080117dc       0x10 /Users/imac/Develop/stm32f4/arm_gcc/gcc-arm-none-eabi-4_7-2013q3/bin/../lib/gcc/arm-none-eabi/4.7.4/../../../../arm-none-eabi/lib/armv7-m/libm.a(lib_a-sf_finite.o)
                0x00000000080117dc                finitef
 .text.floorf   0x00000000080117ec       0x94 /Users/imac/Develop/stm32f4/arm_gcc/gcc-arm-none-eabi-4_7-2013q3/bin/../lib/gcc/arm-none-eabi/4.7.4/../../../../arm-none-eabi/lib/armv7-m/libm.a(lib_a-sf_floor.o)
                0x00000000080117ec                floorf
 .text.__fpclassifyf
                0x0000000008011880       0x58 /Users/imac/Develop/stm32f4/arm_gcc/gcc-arm-none-eabi-4_7-2013q3/bin/../lib/gcc/arm-none-eabi/4.7.4/../../../../arm-none-eabi/lib/armv7-m/libm.a(lib_a-sf_fpclassify.o)
                0x0000000008011880                __fpclassifyf
 .text.nanf     0x00000000080118d8        0x8 /Users/imac/Develop/stm32f4/arm_gcc/gcc-arm-none-eabi-4_7-2013q3/bin/../lib/gcc/arm-none-eabi/4.7.4/../../../../arm-none-eabi/lib/armv7-m/libm.a(lib_a-sf_nan.o)
                0x00000000080118d8                nanf
 .text.scalbnf  0x00000000080118e0       0xc0 /Users/imac/Develop/stm32f4/arm_gcc/gcc-arm-none-eabi-4_7-2013q3/bin/../lib/gcc/arm-none-eabi/4.7.4/../../../../arm-none-eabi/lib/armv7-m/libm.a(lib_a-sf_scalbn.o)
                0x00000000080118e0                scalbnf
 .text.copysignf
                0x00000000080119a0        0xc /Users/imac/Develop/stm32f4/arm_gcc/gcc-arm-none-eabi-4_7-2013q3/bin/../lib/gcc/arm-none-eabi/4.7.4/../../../../arm-none-eabi/lib/armv7-m/libm.a(lib_a-sf_copysign.o)
                0x00000000080119a0                copysignf
 .text.__register_exitproc
                0x00000000080119ac       0xac /Users/imac/Develop/stm32f4/arm_gcc/gcc-arm-none-eabi-4_7-2013q3/bin/../lib/gcc/arm-none-eabi/4.7.4/../../../../arm-none-eabi/lib/armv7-m/libc.a(lib_a-__atexit.o)
                0x00000000080119ac                __register_exitproc
 .text.atoi     0x0000000008011a58        0x8 /Users/imac/Develop/stm32f4/arm_gcc/gcc-arm-none-eabi-4_7-2013q3/bin/../lib/gcc/arm-none-eabi/4.7.4/../../../../arm-none-eabi/lib/armv7-m/libc.a(lib_a-atoi.o)
                0x0000000008011a58                atoi
 .text.bsearch  0x0000000008011a60       0x40 /Users/imac/Develop/stm32f4/arm_gcc/gcc-arm-none-eabi-4_7-2013q3/bin/../lib/gcc/arm-none-eabi/4.7.4/../../../../arm-none-eabi/lib/armv7-m/libc.a(lib_a-bsearch.o)
                0x0000000008011a60                bsearch
 .text.__errno  0x0000000008011aa0        0xc /Users/imac/Develop/stm32f4/arm_gcc/gcc-arm-none-eabi-4_7-2013q3/bin/../lib/gcc/arm-none-eabi/4.7.4/../../../../arm-none-eabi/lib/armv7-m/libc.a(lib_a-errno.o)
                0x0000000008011aa0                __errno
 .text.__libc_fini_array
                0x0000000008011aac       0x50 /Users/imac/Develop/stm32f4/arm_gcc/gcc-arm-none-eabi-4_7-2013q3/bin/../lib/gcc/arm-none-eabi/4.7.4/../../../../arm-none-eabi/lib/armv7-m/libc.a(lib_a-fini.o)
                0x0000000008011aac                __libc_fini_array
 .text.__libc_init_array
                0x0000000008011afc       0x94 /Users/imac/Develop/stm32f4/arm_gcc/gcc-arm-none-eabi-4_7-2013q3/bin/../lib/gcc/arm-none-eabi/4.7.4/../../../../arm-none-eabi/lib/armv7-m/libc.a(lib_a-init.o)
                0x0000000008011afc                __libc_init_array
 .text.memcpy   0x0000000008011b90      0x15c /Users/imac/Develop/stm32f4/arm_gcc/gcc-arm-none-eabi-4_7-2013q3/bin/../lib/gcc/arm-none-eabi/4.7.4/../../../../arm-none-eabi/lib/armv7-m/libc.a(lib_a-memcpy.o)
                0x0000000008011b90                memcpy
 .text.memset   0x0000000008011cec      0x12c /Users/imac/Develop/stm32f4/arm_gcc/gcc-arm-none-eabi-4_7-2013q3/bin/../lib/gcc/arm-none-eabi/4.7.4/../../../../arm-none-eabi/lib/armv7-m/libc.a(lib_a-memset.o)
                0x0000000008011cec                memset
 .text.strcat   0x0000000008011e18       0x4c /Users/imac/Develop/stm32f4/arm_gcc/gcc-arm-none-eabi-4_7-2013q3/bin/../lib/gcc/arm-none-eabi/4.7.4/../../../../arm-none-eabi/lib/armv7-m/libc.a(lib_a-strcat.o)
                0x0000000008011e18                strcat
 .text.strchr   0x0000000008011e64       0xfc /Users/imac/Develop/stm32f4/arm_gcc/gcc-arm-none-eabi-4_7-2013q3/bin/../lib/gcc/arm-none-eabi/4.7.4/../../../../arm-none-eabi/lib/armv7-m/libc.a(lib_a-strchr.o)
                0x0000000008011e64                strchr
 .text.strcpy   0x0000000008011f60       0xbc /Users/imac/Develop/stm32f4/arm_gcc/gcc-arm-none-eabi-4_7-2013q3/bin/../lib/gcc/arm-none-eabi/4.7.4/../../../../arm-none-eabi/lib/armv7-m/libc.a(lib_a-strcpy.o)
                0x0000000008011f60                strcpy
 .text.strlen   0x000000000801201c       0x60 /Users/imac/Develop/stm32f4/arm_gcc/gcc-arm-none-eabi-4_7-2013q3/bin/../lib/gcc/arm-none-eabi/4.7.4/../../../../arm-none-eabi/lib/armv7-m/libc.a(lib_a-strlen.o)
                0x000000000801201c                strlen
 .text.strncasecmp
                0x000000000801207c       0xdc /Users/imac/Develop/stm32f4/arm_gcc/gcc-arm-none-eabi-4_7-2013q3/bin/../lib/gcc/arm-none-eabi/4.7.4/../../../../arm-none-eabi/lib/armv7-m/libc.a(lib_a-strncasecmp.o)
                0x000000000801207c                strncasecmp
 .text.strncpy  0x0000000008012158      0x10c /Users/imac/Develop/stm32f4/arm_gcc/gcc-arm-none-eabi-4_7-2013q3/bin/../lib/gcc/arm-none-eabi/4.7.4/../../../../arm-none-eabi/lib/armv7-m/libc.a(lib_a-strncpy.o)
                0x0000000008012158                strncpy
 .text.critical_factorization
                0x0000000008012264       0xbc /Users/imac/Develop/stm32f4/arm_gcc/gcc-arm-none-eabi-4_7-2013q3/bin/../lib/gcc/arm-none-eabi/4.7.4/../../../../arm-none-eabi/lib/armv7-m/libc.a(lib_a-strstr.o)
 .text.two_way_long_needle
                0x0000000008012320      0x300 /Users/imac/Develop/stm32f4/arm_gcc/gcc-arm-none-eabi-4_7-2013q3/bin/../lib/gcc/arm-none-eabi/4.7.4/../../../../arm-none-eabi/lib/armv7-m/libc.a(lib_a-strstr.o)
 .text.strstr   0x0000000008012620      0x2ec /Users/imac/Develop/stm32f4/arm_gcc/gcc-arm-none-eabi-4_7-2013q3/bin/../lib/gcc/arm-none-eabi/4.7.4/../../../../arm-none-eabi/lib/armv7-m/libc.a(lib_a-strstr.o)
                0x0000000008012620                strstr
 .text.strtok   0x000000000801290c       0x14 /Users/imac/Develop/stm32f4/arm_gcc/gcc-arm-none-eabi-4_7-2013q3/bin/../lib/gcc/arm-none-eabi/4.7.4/../../../../arm-none-eabi/lib/armv7-m/libc.a(lib_a-strtok.o)
                0x000000000801290c                strtok
 .text.__strtok_r
                0x0000000008012920       0x60 /Users/imac/Develop/stm32f4/arm_gcc/gcc-arm-none-eabi-4_7-2013q3/bin/../lib/gcc/arm-none-eabi/4.7.4/../../../../arm-none-eabi/lib/armv7-m/libc.a(lib_a-strtok_r.o)
                0x0000000008012920                __strtok_r
 .text._strtol_r
                0x0000000008012980      0x130 /Users/imac/Develop/stm32f4/arm_gcc/gcc-arm-none-eabi-4_7-2013q3/bin/../lib/gcc/arm-none-eabi/4.7.4/../../../../arm-none-eabi/lib/armv7-m/libc.a(lib_a-strtol.o)
                0x0000000008012980                _strtol_r
 .text.strtol   0x0000000008012ab0       0x1c /Users/imac/Develop/stm32f4/arm_gcc/gcc-arm-none-eabi-4_7-2013q3/bin/../lib/gcc/arm-none-eabi/4.7.4/../../../../arm-none-eabi/lib/armv7-m/libc.a(lib_a-strtol.o)
                0x0000000008012ab0                strtol
 .text.startup.register_fini
                0x0000000008012acc       0x14 /Users/imac/Develop/stm32f4/arm_gcc/gcc-arm-none-eabi-4_7-2013q3/bin/../lib/gcc/arm-none-eabi/4.7.4/../../../../arm-none-eabi/lib/armv7-m/libc.a(lib_a-__call_atexit.o)
 .text.atexit   0x0000000008012ae0        0xc /Users/imac/Develop/stm32f4/arm_gcc/gcc-arm-none-eabi-4_7-2013q3/bin/../lib/gcc/arm-none-eabi/4.7.4/../../../../arm-none-eabi/lib/armv7-m/libc.a(lib_a-atexit.o)
                0x0000000008012ae0                atexit
 .text.memchr   0x0000000008012aec      0x140 /Users/imac/Develop/stm32f4/arm_gcc/gcc-arm-none-eabi-4_7-2013q3/bin/../lib/gcc/arm-none-eabi/4.7.4/../../../../arm-none-eabi/lib/armv7-m/libc.a(lib_a-memchr.o)
                0x0000000008012aec                memchr
 .text.memcmp   0x0000000008012c2c       0xb8 /Users/imac/Develop/stm32f4/arm_gcc/gcc-arm-none-eabi-4_7-2013q3/bin/../lib/gcc/arm-none-eabi/4.7.4/../../../../arm-none-eabi/lib/armv7-m/libc.a(lib_a-memcmp.o)
                0x0000000008012c2c                memcmp
 *(.rodata)
 .rodata        0x0000000008012ce4        0x8 obj/SKYROVER/config.o
 .rodata        0x0000000008012cec       0x10 obj/SKYROVER/drv_system.o
 *(.rodata*)
 .rodata.airPPM
                0x0000000008012cfc        0xc obj/SKYROVER/drv_pwm.o
 .rodata.multiPPM
                0x0000000008012d08        0xc obj/SKYROVER/drv_pwm.o
 .rodata.hardwareMaps
                0x0000000008012d14       0x10 obj/SKYROVER/drv_pwm.o
 .rodata.multiPWM
                0x0000000008012d24        0xf obj/SKYROVER/drv_pwm.o
 .rodata.airPWM
                0x0000000008012d33        0xf obj/SKYROVER/drv_pwm.o
 *fill*         0x0000000008012d42        0x2 00
 .rodata.timerHardware
                0x0000000008012d44       0xe0 obj/SKYROVER/drv_timer.o
                0x0000000008012d44                timerHardware
 .rodata.timers
                0x0000000008012e24       0x10 obj/SKYROVER/drv_timer.o
 .rodata.channels
                0x0000000008012e34        0x4 obj/SKYROVER/drv_timer.o
 .rodata.CSWTCH.19
                0x0000000008012e38       0x16 obj/SKYROVER/buzzer.o
 *fill*         0x0000000008012e4e        0x2 00
 .rodata.featureNames
                0x0000000008012e50       0x40 obj/SKYROVER/cli.o
 .rodata.mixerNames
                0x0000000008012e90       0x5c obj/SKYROVER/cli.o
 .rodata.cmdTable
                0x0000000008012eec       0xc0 obj/SKYROVER/cli.o
                0x0000000008012eec                cmdTable
 .rodata.accNames
                0x0000000008012fac       0x1c obj/SKYROVER/cli.o
 .rodata.str1.1
                0x0000000008012fc8      0xdd0 obj/SKYROVER/cli.o
                                        0xe42 (size before relaxing)
 .rodata.sensorNames
                0x0000000008013d98       0x20 obj/SKYROVER/cli.o
 .rodata.valueTable
                0x0000000008013db8      0x820 obj/SKYROVER/cli.o
                0x0000000008013db8                valueTable
 .rodata.rcChannelLetters
                0x00000000080145d8        0x9 obj/SKYROVER/config.o
                0x00000000080145d8                rcChannelLetters
 .rodata.str1.1
                0x00000000080145e1        0x9 obj/SKYROVER/config.o
 .rodata.str1.1
                0x00000000080145ea       0xda obj/SKYROVER/gps.o
                                         0xdb (size before relaxing)
 .rodata.ubloxInit
                0x00000000080146c4       0x8c obj/SKYROVER/gps.o
 .rodata.gpsInitData
                0x0000000008014750       0x3c obj/SKYROVER/gps.o
 .rodata.str1.1
                0x000000000801478c       0x14 obj/SKYROVER/main.o
 .rodata.mixerY6
                0x00000000080147a0       0x60 obj/SKYROVER/mixer.o
 .rodata.mixerTri
                0x0000000008014800       0x30 obj/SKYROVER/mixer.o
 .rodata.mixerHex6H
                0x0000000008014830       0x60 obj/SKYROVER/mixer.o
 .rodata.mixerVtail4
                0x0000000008014890       0x40 obj/SKYROVER/mixer.o
 .rodata.mixers
                0x00000000080148d0       0xb8 obj/SKYROVER/mixer.o
                0x00000000080148d0                mixers
 .rodata.mixerOctoFlatP
                0x0000000008014988       0x80 obj/SKYROVER/mixer.o
 .rodata.mixerHex6P
                0x0000000008014a08       0x60 obj/SKYROVER/mixer.o
 .rodata.mixerBi
                0x0000000008014a68       0x20 obj/SKYROVER/mixer.o
 .rodata.mixerY4
                0x0000000008014a88       0x40 obj/SKYROVER/mixer.o
 .rodata.mixerQuadX
                0x0000000008014ac8       0x40 obj/SKYROVER/mixer.o
 .rodata.mixerOctoFlatX
                0x0000000008014b08       0x80 obj/SKYROVER/mixer.o
 .rodata.mixerQuadP
                0x0000000008014b88       0x40 obj/SKYROVER/mixer.o
 .rodata.mixerHex6X
                0x0000000008014bc8       0x60 obj/SKYROVER/mixer.o
 .rodata.mixerOctoX8
                0x0000000008014c28       0x80 obj/SKYROVER/mixer.o
 .rodata.mixerDualcopter
                0x0000000008014ca8       0x20 obj/SKYROVER/mixer.o
 .rodata.str1.1
                0x0000000008014cc8       0x37 obj/SKYROVER/sensors.o
 .rodata.pidnames
                0x0000000008014cff       0x30 obj/SKYROVER/serial.o
 .rodata.str1.1
                0x0000000008014d2f       0xaf obj/SKYROVER/serial.o
 *fill*         0x0000000008014dde        0x2 00
 .rodata.softSerialVTable
                0x0000000008014de0       0x14 obj/SKYROVER/drv_softserial.o
                0x0000000008014de0                softSerialVTable
 .rodata.uartVTable
                0x0000000008014df4       0x14 obj/SKYROVER/drv_uart.o
                0x0000000008014df4                uartVTable
 .rodata.TWO23  0x0000000008014e08        0x8 /Users/imac/Develop/stm32f4/arm_gcc/gcc-arm-none-eabi-4_7-2013q3/bin/../lib/gcc/arm-none-eabi/4.7.4/../../../../arm-none-eabi/lib/armv7-m/libm.a(lib_a-sf_lrint.o)
 .rodata.str1.4
                0x0000000008014e10        0x5 /Users/imac/Develop/stm32f4/arm_gcc/gcc-arm-none-eabi-4_7-2013q3/bin/../lib/gcc/arm-none-eabi/4.7.4/../../../../arm-none-eabi/lib/armv7-m/libm.a(lib_a-wf_pow.o)
                                          0x8 (size before relaxing)
 *fill*         0x0000000008014e15        0x3 00
 .rodata.str1.4
                0x0000000008014e18        0x6 /Users/imac/Develop/stm32f4/arm_gcc/gcc-arm-none-eabi-4_7-2013q3/bin/../lib/gcc/arm-none-eabi/4.7.4/../../../../arm-none-eabi/lib/armv7-m/libm.a(lib_a-wf_sqrt.o)
                                          0x8 (size before relaxing)
 *fill*         0x0000000008014e1e        0x2 00
 .rodata.dp_h   0x0000000008014e20        0x8 /Users/imac/Develop/stm32f4/arm_gcc/gcc-arm-none-eabi-4_7-2013q3/bin/../lib/gcc/arm-none-eabi/4.7.4/../../../../arm-none-eabi/lib/armv7-m/libm.a(lib_a-ef_pow.o)
 .rodata.dp_l   0x0000000008014e28        0x8 /Users/imac/Develop/stm32f4/arm_gcc/gcc-arm-none-eabi-4_7-2013q3/bin/../lib/gcc/arm-none-eabi/4.7.4/../../../../arm-none-eabi/lib/armv7-m/libm.a(lib_a-ef_pow.o)
 .rodata.bp     0x0000000008014e30        0x8 /Users/imac/Develop/stm32f4/arm_gcc/gcc-arm-none-eabi-4_7-2013q3/bin/../lib/gcc/arm-none-eabi/4.7.4/../../../../arm-none-eabi/lib/armv7-m/libm.a(lib_a-ef_pow.o)
 .rodata.str1.4
                0x0000000000000000        0x6 /Users/imac/Develop/stm32f4/arm_gcc/gcc-arm-none-eabi-4_7-2013q3/bin/../lib/gcc/arm-none-eabi/4.7.4/../../../../arm-none-eabi/lib/armv7-m/libm.a(lib_a-ef_pow.o)
                                          0x4 (size before relaxing)
 .rodata.npio2_hw
                0x0000000008014e38       0x80 /Users/imac/Develop/stm32f4/arm_gcc/gcc-arm-none-eabi-4_7-2013q3/bin/../lib/gcc/arm-none-eabi/4.7.4/../../../../arm-none-eabi/lib/armv7-m/libm.a(lib_a-ef_rem_pio2.o)
 .rodata.two_over_pi
                0x0000000008014eb8      0x318 /Users/imac/Develop/stm32f4/arm_gcc/gcc-arm-none-eabi-4_7-2013q3/bin/../lib/gcc/arm-none-eabi/4.7.4/../../../../arm-none-eabi/lib/armv7-m/libm.a(lib_a-ef_rem_pio2.o)
 .rodata.init_jk
                0x00000000080151d0        0xc /Users/imac/Develop/stm32f4/arm_gcc/gcc-arm-none-eabi-4_7-2013q3/bin/../lib/gcc/arm-none-eabi/4.7.4/../../../../arm-none-eabi/lib/armv7-m/libm.a(lib_a-kf_rem_pio2.o)
 .rodata.PIo2   0x00000000080151dc       0x2c /Users/imac/Develop/stm32f4/arm_gcc/gcc-arm-none-eabi-4_7-2013q3/bin/../lib/gcc/arm-none-eabi/4.7.4/../../../../arm-none-eabi/lib/armv7-m/libm.a(lib_a-kf_rem_pio2.o)
 .rodata.TWO52  0x0000000008015208       0x10 /Users/imac/Develop/stm32f4/arm_gcc/gcc-arm-none-eabi-4_7-2013q3/bin/../lib/gcc/arm-none-eabi/4.7.4/../../../../arm-none-eabi/lib/armv7-m/libm.a(lib_a-s_rint.o)
 .rodata.atanlo
                0x0000000008015218       0x10 /Users/imac/Develop/stm32f4/arm_gcc/gcc-arm-none-eabi-4_7-2013q3/bin/../lib/gcc/arm-none-eabi/4.7.4/../../../../arm-none-eabi/lib/armv7-m/libm.a(lib_a-sf_atan.o)
 .rodata.atanhi
                0x0000000008015228       0x10 /Users/imac/Develop/stm32f4/arm_gcc/gcc-arm-none-eabi-4_7-2013q3/bin/../lib/gcc/arm-none-eabi/4.7.4/../../../../arm-none-eabi/lib/armv7-m/libm.a(lib_a-sf_atan.o)
 .rodata._ctype_
                0x0000000008015238      0x104 /Users/imac/Develop/stm32f4/arm_gcc/gcc-arm-none-eabi-4_7-2013q3/bin/../lib/gcc/arm-none-eabi/4.7.4/../../../../arm-none-eabi/lib/armv7-m/libc.a(lib_a-ctype_.o)
                0x0000000008015238                _ctype_
 .rodata.str1.4
                0x000000000801533c        0x4 /Users/imac/Develop/stm32f4/arm_gcc/gcc-arm-none-eabi-4_7-2013q3/bin/../lib/gcc/arm-none-eabi/4.7.4/../../../../arm-none-eabi/lib/armv7-m/libc.a(lib_a-impure.o)
 .rodata._global_impure_ptr
                0x0000000008015340        0x4 /Users/imac/Develop/stm32f4/arm_gcc/gcc-arm-none-eabi-4_7-2013q3/bin/../lib/gcc/arm-none-eabi/4.7.4/../../../../arm-none-eabi/lib/armv7-m/libc.a(lib_a-impure.o)
                0x0000000008015340                _global_impure_ptr
 *(.glue_7)
 .glue_7        0x0000000000000000        0x0 linker stubs
 *(.glue_7t)
 .glue_7t       0x0000000000000000        0x0 linker stubs
 *(.eh_frame)
 .eh_frame      0x0000000008015344        0x0 /Users/imac/Develop/stm32f4/arm_gcc/gcc-arm-none-eabi-4_7-2013q3/bin/../lib/gcc/arm-none-eabi/4.7.4/armv7-m/crtbegin.o
 *(.init)
 .init          0x0000000008015344        0x4 /Users/imac/Develop/stm32f4/arm_gcc/gcc-arm-none-eabi-4_7-2013q3/bin/../lib/gcc/arm-none-eabi/4.7.4/armv7-m/crti.o
                0x0000000008015344                _init
 .init          0x0000000008015348        0x8 /Users/imac/Develop/stm32f4/arm_gcc/gcc-arm-none-eabi-4_7-2013q3/bin/../lib/gcc/arm-none-eabi/4.7.4/armv7-m/crtn.o
 *(.fini)
 .fini          0x0000000008015350        0x4 /Users/imac/Develop/stm32f4/arm_gcc/gcc-arm-none-eabi-4_7-2013q3/bin/../lib/gcc/arm-none-eabi/4.7.4/armv7-m/crti.o
                0x0000000008015350                _fini
 .fini          0x0000000008015354        0x8 /Users/imac/Develop/stm32f4/arm_gcc/gcc-arm-none-eabi-4_7-2013q3/bin/../lib/gcc/arm-none-eabi/4.7.4/armv7-m/crtn.o
                0x000000000801535c                . = ALIGN (0x4)
                0x000000000801535c                _etext = .

.vfp11_veneer   0x000000000801535c        0x0
 .vfp11_veneer  0x0000000000000000        0x0 linker stubs

.v4_bx          0x000000000801535c        0x0
 .v4_bx         0x0000000000000000        0x0 linker stubs

.iplt           0x000000000801535c        0x0
 .iplt          0x0000000000000000        0x0 /Users/imac/Develop/stm32f4/arm_gcc/gcc-arm-none-eabi-4_7-2013q3/bin/../lib/gcc/arm-none-eabi/4.7.4/armv7-m/crtbegin.o

.rel.dyn        0x000000000801535c        0x0
 .rel.iplt      0x0000000000000000        0x0 /Users/imac/Develop/stm32f4/arm_gcc/gcc-arm-none-eabi-4_7-2013q3/bin/../lib/gcc/arm-none-eabi/4.7.4/armv7-m/crtbegin.o

.ARM.extab
 *(.ARM.extab* .gnu.linkonce.armextab.*)

.ARM            0x000000000801535c        0x0
                0x000000000801535c                __exidx_start = .
 *(.ARM.exidx*)
                0x000000000801535c                __exidx_end = .

.preinit_array  0x000000000801535c        0x0
                0x000000000801535c                PROVIDE (__preinit_array_start, .)
 *(.preinit_array*)
                0x000000000801535c                PROVIDE (__preinit_array_end, .)

.init_array     0x000000000801535c        0x8
                0x000000000801535c                PROVIDE (__init_array_start, .)
 *(SORT(.init_array.*))
 .init_array.00000
                0x000000000801535c        0x4 /Users/imac/Develop/stm32f4/arm_gcc/gcc-arm-none-eabi-4_7-2013q3/bin/../lib/gcc/arm-none-eabi/4.7.4/../../../../arm-none-eabi/lib/armv7-m/libc.a(lib_a-__call_atexit.o)
 *(.init_array*)
 .init_array    0x0000000008015360        0x4 /Users/imac/Develop/stm32f4/arm_gcc/gcc-arm-none-eabi-4_7-2013q3/bin/../lib/gcc/arm-none-eabi/4.7.4/armv7-m/crtbegin.o
                0x0000000008015364                PROVIDE (__init_array_end, .)

.fini_array     0x0000000008015364        0x4
                0x0000000008015364                PROVIDE (__fini_array_start, .)
 *(.fini_array*)
 .fini_array    0x0000000008015364        0x4 /Users/imac/Develop/stm32f4/arm_gcc/gcc-arm-none-eabi-4_7-2013q3/bin/../lib/gcc/arm-none-eabi/4.7.4/armv7-m/crtbegin.o
 *(SORT(.fini_array.*))
                0x0000000008015368                PROVIDE (__fini_array_end, .)
                0x0000000008015368                _sidata = .

.data           0x0000000020000000      0x5a4 load address 0x0000000008015368
                0x0000000020000000                . = ALIGN (0x4)
                0x0000000020000000                _sdata = .
 *(.data)
 *(.data*)
 .data.accAlign
                0x0000000020000000        0x1 obj/SKYROVER/drv_adxl345.o
 .data.accAlign
                0x0000000020000001        0x1 obj/SKYROVER/drv_bma280.o
 .data.accAlign
                0x0000000020000002        0x1 obj/SKYROVER/drv_mma845x.o
 .data.mpuLowPassFilter
                0x0000000020000003        0x1 obj/SKYROVER/drv_mpu3050.o
 .data.gyroAlign
                0x0000000020000004        0x1 obj/SKYROVER/drv_mpu3050.o
 .data.accAlign
                0x0000000020000005        0x1 obj/SKYROVER/drv_mpu6050.o
 .data.mpuLowPassFilter
                0x0000000020000006        0x1 obj/SKYROVER/drv_mpu6050.o
 .data.gyroAlign
                0x0000000020000007        0x1 obj/SKYROVER/drv_mpu6050.o
 .data.gyroAlign
                0x0000000020000008        0x1 obj/SKYROVER/drv_l3g4200d.o
 *fill*         0x0000000020000009        0x1 00
 .data.failsafeThreshold
                0x000000002000000a        0x2 obj/SKYROVER/drv_pwm.o
 .data.GPS_scaleLonDown
                0x000000002000000c        0x4 obj/SKYROVER/gps.o
 .data.EstN.9397
                0x0000000020000010        0xc obj/SKYROVER/imu.o
 .data.servo    0x000000002000001c       0x10 obj/SKYROVER/mixer.o
                0x000000002000001c                servo
 .data.batteryCellCount
                0x000000002000002c        0x1 obj/SKYROVER/mw.o
                0x000000002000002c                batteryCellCount
 .data.GPSNavReset.9477
                0x000000002000002d        0x1 obj/SKYROVER/mw.o
 *fill*         0x000000002000002e        0x2 00
 .data.pid_controller
                0x0000000020000030        0x4 obj/SKYROVER/mw.o
                0x0000000020000030                pid_controller
 .data.acc_1G   0x0000000020000034        0x2 obj/SKYROVER/sensors.o
                0x0000000020000034                acc_1G
 *fill*         0x0000000020000036        0x2 00
 .data.boxes    0x0000000020000038      0x108 obj/SKYROVER/serial.o
                0x0000000020000038                boxes
 .data.standardBoardAlignment
                0x0000000020000140        0x1 obj/SKYROVER/utils.o
 .data.AHBPrescTable
                0x0000000020000141       0x10 obj/SKYROVER/system_stm32f10x.o
                0x0000000020000141                AHBPrescTable
 *fill*         0x0000000020000151        0x3 00
 .data.hse_value
                0x0000000020000154        0x4 obj/SKYROVER/system_stm32f10x.o
                0x0000000020000154                hse_value
 .data.SystemCoreClock
                0x0000000020000158        0x4 obj/SKYROVER/system_stm32f10x.o
                0x0000000020000158                SystemCoreClock
 .data.ADCPrescTable
                0x000000002000015c        0x4 obj/SKYROVER/stm32f10x_rcc.o
 .data.APBAHBPrescTable
                0x0000000020000160       0x10 obj/SKYROVER/stm32f10x_rcc.o
 .data.__fdlib_version
                0x0000000020000170        0x1 /Users/imac/Develop/stm32f4/arm_gcc/gcc-arm-none-eabi-4_7-2013q3/bin/../lib/gcc/arm-none-eabi/4.7.4/../../../../arm-none-eabi/lib/armv7-m/libm.a(lib_a-s_lib_ver.o)
                0x0000000020000170                __fdlib_version
 *fill*         0x0000000020000171        0x3 00
 .data.__ctype_ptr__
                0x0000000020000174        0x4 /Users/imac/Develop/stm32f4/arm_gcc/gcc-arm-none-eabi-4_7-2013q3/bin/../lib/gcc/arm-none-eabi/4.7.4/../../../../arm-none-eabi/lib/armv7-m/libc.a(lib_a-ctype_.o)
                0x0000000020000174                __ctype_ptr__
 .data.impure_data
                0x0000000020000178      0x428 /Users/imac/Develop/stm32f4/arm_gcc/gcc-arm-none-eabi-4_7-2013q3/bin/../lib/gcc/arm-none-eabi/4.7.4/../../../../arm-none-eabi/lib/armv7-m/libc.a(lib_a-impure.o)
 .data._impure_ptr
                0x00000000200005a0        0x4 /Users/imac/Develop/stm32f4/arm_gcc/gcc-arm-none-eabi-4_7-2013q3/bin/../lib/gcc/arm-none-eabi/4.7.4/../../../../arm-none-eabi/lib/armv7-m/libc.a(lib_a-impure.o)
                0x00000000200005a0                _impure_ptr
                0x00000000200005a4                . = ALIGN (0x4)
                0x00000000200005a4                _edata = .

.jcr            0x00000000200005a4        0x0 load address 0x000000000801590c
 .jcr           0x00000000200005a4        0x0 /Users/imac/Develop/stm32f4/arm_gcc/gcc-arm-none-eabi-4_7-2013q3/bin/../lib/gcc/arm-none-eabi/4.7.4/armv7-m/crtbegin.o

.igot.plt       0x00000000200005a4        0x0 load address 0x000000000801590c
 .igot.plt      0x0000000000000000        0x0 /Users/imac/Develop/stm32f4/arm_gcc/gcc-arm-none-eabi-4_7-2013q3/bin/../lib/gcc/arm-none-eabi/4.7.4/armv7-m/crtbegin.o
                0x00000000200005a4                . = ALIGN (0x4)

.bss            0x00000000200005a4     0x18a0 load address 0x000000000801590c
                0x00000000200005a4                _sbss = .
                0x00000000200005a4                __bss_start__ = _sbss
 *(.bss)
 .bss           0x00000000200005a4       0x1c /Users/imac/Develop/stm32f4/arm_gcc/gcc-arm-none-eabi-4_7-2013q3/bin/../lib/gcc/arm-none-eabi/4.7.4/armv7-m/crtbegin.o
 *(.bss*)
 .bss.adcValues
                0x00000000200005c0        0x4 obj/SKYROVER/drv_adc.o
 .bss.useFifo   0x00000000200005c4        0x1 obj/SKYROVER/drv_adxl345.o
 .bss.acc_samples
                0x00000000200005c5        0x1 obj/SKYROVER/drv_adxl345.o
                0x00000000200005c5                acc_samples
 .bss.convDone  0x00000000200005c6        0x1 obj/SKYROVER/drv_bmp085.o
 *fill*         0x00000000200005c7        0x1 00
 .bss.convOverrun
                0x00000000200005c8        0x2 obj/SKYROVER/drv_bmp085.o
 *fill*         0x00000000200005ca        0x2 00
 .bss.bmp085    0x00000000200005cc       0x24 obj/SKYROVER/drv_bmp085.o
 .bss.bmp085_up
                0x00000000200005f0        0x4 obj/SKYROVER/drv_bmp085.o
 .bss.bmp085InitDone
                0x00000000200005f4        0x1 obj/SKYROVER/drv_bmp085.o
 *fill*         0x00000000200005f5        0x1 00
 .bss.bmp085_ut
                0x00000000200005f6        0x2 obj/SKYROVER/drv_bmp085.o
 .bss.ms5611_up
                0x00000000200005f8        0x4 obj/SKYROVER/drv_ms5611.o
 .bss.ms5611_ut
                0x00000000200005fc        0x4 obj/SKYROVER/drv_ms5611.o
 .bss.ms5611_c  0x0000000020000600       0x10 obj/SKYROVER/drv_ms5611.o
 .bss.device_id
                0x0000000020000610        0x1 obj/SKYROVER/drv_mma845x.o
 .bss.mpuAccelHalf
                0x0000000020000611        0x1 obj/SKYROVER/drv_mpu6050.o
 .bss.mpuLowPassFilter
                0x0000000020000612        0x1 obj/SKYROVER/drv_l3g4200d.o
 *fill*         0x0000000020000613        0x1 00
 .bss.captures  0x0000000020000614       0x10 obj/SKYROVER/drv_pwm.o
 .bss.chan.8949
                0x0000000020000624        0x1 obj/SKYROVER/drv_pwm.o
 *fill*         0x0000000020000625        0x3 00
 .bss.pwmPorts  0x0000000020000628       0xe0 obj/SKYROVER/drv_pwm.o
 .bss.numInputs