Archive member included because of file (symbol)

c:/program files/gnu tools arm embedded/4.8 2013q4/bin/../lib/gcc/arm-none-eabi/4.8.3/../../../../arm-none-eabi/lib/armv7-m\libm.a(lib_a-sf_cos.o)
                              gps.o (cosf)
c:/program files/gnu tools arm embedded/4.8 2013q4/bin/../lib/gcc/arm-none-eabi/4.8.3/../../../../arm-none-eabi/lib/armv7-m\libm.a(lib_a-sf_lrint.o)
                              imu.o (lrintf)
c:/program files/gnu tools arm embedded/4.8 2013q4/bin/../lib/gcc/arm-none-eabi/4.8.3/../../../../arm-none-eabi/lib/armv7-m\libm.a(lib_a-sf_sin.o)
                              gps.o (sinf)
c:/program files/gnu tools arm embedded/4.8 2013q4/bin/../lib/gcc/arm-none-eabi/4.8.3/../../../../arm-none-eabi/lib/armv7-m\libm.a(lib_a-wf_atan2.o)
                              gps.o (atan2f)
c:/program files/gnu tools arm embedded/4.8 2013q4/bin/../lib/gcc/arm-none-eabi/4.8.3/../../../../arm-none-eabi/lib/armv7-m\libm.a(lib_a-wf_pow.o)
                              imu.o (powf)
c:/program files/gnu tools arm embedded/4.8 2013q4/bin/../lib/gcc/arm-none-eabi/4.8.3/../../../../arm-none-eabi/lib/armv7-m\libm.a(lib_a-wf_sqrt.o)
                              gps.o (sqrtf)
c:/program files/gnu tools arm embedded/4.8 2013q4/bin/../lib/gcc/arm-none-eabi/4.8.3/../../../../arm-none-eabi/lib/armv7-m\libm.a(lib_a-ef_atan2.o)
                              c:/program files/gnu tools arm embedded/4.8 2013q4/bin/../lib/gcc/arm-none-eabi/4.8.3/../../../../arm-none-eabi/lib/armv7-m\libm.a(lib_a-wf_atan2.o) (__ieee754_atan2f)
c:/program files/gnu tools arm embedded/4.8 2013q4/bin/../lib/gcc/arm-none-eabi/4.8.3/../../../../arm-none-eabi/lib/armv7-m\libm.a(lib_a-ef_pow.o)
                              c:/program files/gnu tools arm embedded/4.8 2013q4/bin/../lib/gcc/arm-none-eabi/4.8.3/../../../../arm-none-eabi/lib/armv7-m\libm.a(lib_a-wf_pow.o) (__ieee754_powf)
c:/program files/gnu tools arm embedded/4.8 2013q4/bin/../lib/gcc/arm-none-eabi/4.8.3/../../../../arm-none-eabi/lib/armv7-m\libm.a(lib_a-ef_rem_pio2.o)
                              c:/program files/gnu tools arm embedded/4.8 2013q4/bin/../lib/gcc/arm-none-eabi/4.8.3/../../../../arm-none-eabi/lib/armv7-m\libm.a(lib_a-sf_cos.o) (__ieee754_rem_pio2f)
c:/program files/gnu tools arm embedded/4.8 2013q4/bin/../lib/gcc/arm-none-eabi/4.8.3/../../../../arm-none-eabi/lib/armv7-m\libm.a(lib_a-ef_sqrt.o)
                              c:/program files/gnu tools arm embedded/4.8 2013q4/bin/../lib/gcc/arm-none-eabi/4.8.3/../../../../arm-none-eabi/lib/armv7-m\libm.a(lib_a-wf_sqrt.o) (__ieee754_sqrtf)
c:/program files/gnu tools arm embedded/4.8 2013q4/bin/../lib/gcc/arm-none-eabi/4.8.3/../../../../arm-none-eabi/lib/armv7-m\libm.a(lib_a-kf_cos.o)
                              c:/program files/gnu tools arm embedded/4.8 2013q4/bin/../lib/gcc/arm-none-eabi/4.8.3/../../../../arm-none-eabi/lib/armv7-m\libm.a(lib_a-sf_cos.o) (__kernel_cosf)
c:/program files/gnu tools arm embedded/4.8 2013q4/bin/../lib/gcc/arm-none-eabi/4.8.3/../../../../arm-none-eabi/lib/armv7-m\libm.a(lib_a-kf_rem_pio2.o)
                              c:/program files/gnu tools arm embedded/4.8 2013q4/bin/../lib/gcc/arm-none-eabi/4.8.3/../../../../arm-none-eabi/lib/armv7-m\libm.a(lib_a-ef_rem_pio2.o) (__kernel_rem_pio2f)
c:/program files/gnu tools arm embedded/4.8 2013q4/bin/../lib/gcc/arm-none-eabi/4.8.3/../../../../arm-none-eabi/lib/armv7-m\libm.a(lib_a-kf_sin.o)
                              c:/program files/gnu tools arm embedded/4.8 2013q4/bin/../lib/gcc/arm-none-eabi/4.8.3/../../../../arm-none-eabi/lib/armv7-m\libm.a(lib_a-sf_cos.o) (__kernel_sinf)
c:/program files/gnu tools arm embedded/4.8 2013q4/bin/../lib/gcc/arm-none-eabi/4.8.3/../../../../arm-none-eabi/lib/armv7-m\libm.a(lib_a-s_lib_ver.o)
                              c:/program files/gnu tools arm embedded/4.8 2013q4/bin/../lib/gcc/arm-none-eabi/4.8.3/../../../../arm-none-eabi/lib/armv7-m\libm.a(lib_a-wf_pow.o) (__fdlib_version)
c:/program files/gnu tools arm embedded/4.8 2013q4/bin/../lib/gcc/arm-none-eabi/4.8.3/../../../../arm-none-eabi/lib/armv7-m\libm.a(lib_a-s_matherr.o)
                              c:/program files/gnu tools arm embedded/4.8 2013q4/bin/../lib/gcc/arm-none-eabi/4.8.3/../../../../arm-none-eabi/lib/armv7-m\libm.a(lib_a-wf_pow.o) (matherr)
c:/program files/gnu tools arm embedded/4.8 2013q4/bin/../lib/gcc/arm-none-eabi/4.8.3/../../../../arm-none-eabi/lib/armv7-m\libm.a(lib_a-s_rint.o)
                              c:/program files/gnu tools arm embedded/4.8 2013q4/bin/../lib/gcc/arm-none-eabi/4.8.3/../../../../arm-none-eabi/lib/armv7-m\libm.a(lib_a-wf_pow.o) (rint)
c:/program files/gnu tools arm embedded/4.8 2013q4/bin/../lib/gcc/arm-none-eabi/4.8.3/../../../../arm-none-eabi/lib/armv7-m\libm.a(lib_a-sf_atan.o)
[...]
Memory Configuration

Name             Origin             Length             Attributes
FLASH            0x08003000         0x0001cc00         xr
RAM              0x20000000         0x00005000         xrw
MEMORY_B1        0x60000000         0x00000000         xr
*default*        0x00000000         0xffffffff

Linker script and memory map

LOAD c:/program files/gnu tools arm embedded/4.8 2013q4/bin/../lib/gcc/arm-none-eabi/4.8.3/armv7-m/crti.o
LOAD c:/program files/gnu tools arm embedded/4.8 2013q4/bin/../lib/gcc/arm-none-eabi/4.8.3/armv7-m/crtbegin.o
LOAD c:/program files/gnu tools arm embedded/4.8 2013q4/bin/../lib/gcc/arm-none-eabi/4.8.3/../../../../arm-none-eabi/lib/armv7-m/crt0.o
LOAD drv_adc.o
LOAD drv_adxl345.o
LOAD drv_bma280.o
LOAD drv_bmp085.o
LOAD drv_ms5611.o
LOAD drv_hcsr04.o
LOAD drv_hmc5883l.o
LOAD drv_ledring.o
LOAD drv_mma845x.o
LOAD drv_mpu3050.o
LOAD drv_mpu6050.o
LOAD drv_l3g4200d.o
LOAD drv_pwm.o
LOAD drv_spi.o
LOAD drv_timer.o
LOAD hexairbot.o
LOAD startup_stm32f10x_md_gcc.o
LOAD buzzer.o
LOAD cli.o
LOAD config.o
LOAD gps.o
LOAD imu.o
LOAD main.o
LOAD mixer.o
LOAD mw.o
LOAD sensors.o
LOAD serial.o
LOAD sbus.o
LOAD sumd.o
LOAD spektrum.o
LOAD telemetry.o
LOAD drv_gpio.o
LOAD drv_i2c.o
LOAD drv_i2c_soft.o
LOAD drv_system.o
LOAD drv_serial.o
LOAD drv_softserial.o
LOAD drv_uart.o
LOAD printf.o
LOAD utils.o
LOAD core_cm3.o
LOAD system_stm32f10x.o
LOAD misc.o
LOAD stm32f10x_adc.o
LOAD stm32f10x_bkp.o
LOAD stm32f10x_can.o
LOAD stm32f10x_cec.o
LOAD stm32f10x_crc.o
LOAD stm32f10x_dac.o
LOAD stm32f10x_dbgmcu.o
LOAD stm32f10x_dma.o
LOAD stm32f10x_exti.o
LOAD stm32f10x_flash.o
LOAD stm32f10x_fsmc.o
LOAD stm32f10x_gpio.o
LOAD stm32f10x_i2c.o
LOAD stm32f10x_iwdg.o
LOAD stm32f10x_pwr.o
LOAD stm32f10x_rcc.o
LOAD stm32f10x_rtc.o
LOAD stm32f10x_sdio.o
LOAD stm32f10x_spi.o
LOAD stm32f10x_tim.o
LOAD stm32f10x_usart.o
LOAD stm32f10x_wwdg.o
LOAD c:/program files/gnu tools arm embedded/4.8 2013q4/bin/../lib/gcc/arm-none-eabi/4.8.3/../../../../arm-none-eabi/lib/armv7-m\libm.a
START GROUP
LOAD c:/program files/gnu tools arm embedded/4.8 2013q4/bin/../lib/gcc/arm-none-eabi/4.8.3/armv7-m\libgcc.a
LOAD c:/program files/gnu tools arm embedded/4.8 2013q4/bin/../lib/gcc/arm-none-eabi/4.8.3/../../../../arm-none-eabi/lib/armv7-m\libc.a
END GROUP
LOAD c:/program files/gnu tools arm embedded/4.8 2013q4/bin/../lib/gcc/arm-none-eabi/4.8.3/armv7-m/crtend.o
LOAD c:/program files/gnu tools arm embedded/4.8 2013q4/bin/../lib/gcc/arm-none-eabi/4.8.3/armv7-m/crtn.o
                0x20005000                _estack = 0x20005000
                0x00000000                _Min_Heap_Size = 0x0
                0x00000400                _Min_Stack_Size = 0x400

.isr_vector     0x08003000      0x10c
                0x08003000                . = ALIGN (0x4)
 *(.isr_vector)
 .isr_vector    0x08003000      0x10c startup_stm32f10x_md_gcc.o
                0x08003000                g_pfnVectors
                0x0800310c                . = ALIGN (0x4)

.text           0x08003110    0x11a04
                0x08003110                . = ALIGN (0x4)
 *(.text)
 .text          0x08003110       0x54 c:/program files/gnu tools arm embedded/4.8 2013q4/bin/../lib/gcc/arm-none-eabi/4.8.3/armv7-m/crtbegin.o
 .text          0x08003164      0x370 c:/program files/gnu tools arm embedded/4.8 2013q4/bin/../lib/gcc/arm-none-eabi/4.8.3/armv7-m\libgcc.a(_arm_addsubdf3.o)
                0x08003164                __aeabi_drsub
                0x0800316c                __aeabi_dsub
                0x0800316c                __subdf3
                0x08003170                __aeabi_dadd
                0x08003170                __adddf3
                0x080033e8                __floatunsidf
                0x080033e8                __aeabi_ui2d
                0x08003408                __floatsidf
                0x08003408                __aeabi_i2d
                0x0800342c                __aeabi_f2d
                0x0800342c                __extendsfdf2
                0x08003468                __floatundidf
                0x08003468                __aeabi_ul2d
                0x08003478                __floatdidf
                0x08003478                __aeabi_l2d
 .text          0x080034d4      0x424 c:/program files/gnu tools arm embedded/4.8 2013q4/bin/../lib/gcc/arm-none-eabi/4.8.3/armv7-m\libgcc.a(_arm_muldivdf3.o)
                0x080034d4                __aeabi_dmul
                0x080034d4                __muldf3
                0x08003728                __divdf3
                0x08003728                __aeabi_ddiv
 .text          0x080038f8      0x110 c:/program files/gnu tools arm embedded/4.8 2013q4/bin/../lib/gcc/arm-none-eabi/4.8.3/armv7-m\libgcc.a(_arm_cmpdf2.o)
                0x080038f8                __gtdf2
                0x080038f8                __gedf2
                0x08003900                __ltdf2
                0x08003900                __ledf2
                0x08003908                __nedf2
                0x08003908                __eqdf2
                0x08003908                __cmpdf2
                0x08003984                __aeabi_cdrcmple
                0x08003994                __aeabi_cdcmpeq
                0x08003994                __aeabi_cdcmple
                0x080039a4                __aeabi_dcmpeq
                0x080039b8                __aeabi_dcmplt
                0x080039cc                __aeabi_dcmple
                0x080039e0                __aeabi_dcmpge
                0x080039f4                __aeabi_dcmpgt
 .text          0x08003a08       0xa0 c:/program files/gnu tools arm embedded/4.8 2013q4/bin/../lib/gcc/arm-none-eabi/4.8.3/armv7-m\libgcc.a(_arm_truncdfsf2.o)
                0x08003a08                __truncdfsf2
                0x08003a08                __aeabi_d2f
 .text          0x08003aa8      0x21c c:/program files/gnu tools arm embedded/4.8 2013q4/bin/../lib/gcc/arm-none-eabi/4.8.3/armv7-m\libgcc.a(_arm_addsubsf3.o)
                0x08003aa8                __aeabi_frsub
                0x08003ab0                __subsf3
                0x08003ab0                __aeabi_fsub
                0x08003ab4                __aeabi_fadd
                0x08003ab4                __addsf3
                0x08003c14                __aeabi_ui2f
                0x08003c14                __floatunsisf
                0x08003c1c                __aeabi_i2f
                0x08003c1c                __floatsisf
                0x08003c38                __aeabi_ul2f
                0x08003c38                __floatundisf
                0x08003c48                __aeabi_l2f
                0x08003c48                __floatdisf
 .text          0x08003cc4      0x2a0 c:/program files/gnu tools arm embedded/4.8 2013q4/bin/../lib/gcc/arm-none-eabi/4.8.3/armv7-m\libgcc.a(_arm_muldivsf3.o)
                0x08003cc4                __mulsf3
                0x08003cc4                __aeabi_fmul
                0x08003e2c                __aeabi_fdiv
                0x08003e2c                __divsf3
 .text          0x08003f64       0xec c:/program files/gnu tools arm embedded/4.8 2013q4/bin/../lib/gcc/arm-none-eabi/4.8.3/armv7-m\libgcc.a(_arm_cmpsf2.o)
                0x08003f64                __gesf2
                0x08003f64                __gtsf2
                0x08003f6c                __lesf2
                0x08003f6c                __ltsf2
                0x08003f74                __nesf2
                0x08003f74                __eqsf2
                0x08003f74                __cmpsf2
                0x08003fd4                __aeabi_cfrcmple
                0x08003fdc                __aeabi_cfcmpeq
                0x08003fdc                __aeabi_cfcmple
                0x08003fec                __aeabi_fcmpeq
                0x08004000                __aeabi_fcmplt
                0x08004014                __aeabi_fcmple
                0x08004028                __aeabi_fcmpge
                0x0800403c                __aeabi_fcmpgt
 .text          0x08004050       0x4c c:/program files/gnu tools arm embedded/4.8 2013q4/bin/../lib/gcc/arm-none-eabi/4.8.3/armv7-m\libgcc.a(_arm_fixsfsi.o)
                0x08004050                __aeabi_f2iz
                0x08004050                __fixsfsi
 .text          0x0800409c       0x40 c:/program files/gnu tools arm embedded/4.8 2013q4/bin/../lib/gcc/arm-none-eabi/4.8.3/armv7-m\libgcc.a(_arm_fixunssfsi.o)
                0x0800409c                __fixunssfsi
                0x0800409c                __aeabi_f2uiz
 .text          0x080040dc       0xec c:/program files/gnu tools arm embedded/4.8 2013q4/bin/../lib/gcc/arm-none-eabi/4.8.3/../../../../arm-none-eabi/lib/armv7-m\libc.a(lib_a-memcpy.o)
                0x080040dc                memcpy
 *(.text*)
 .text.adcInit  0x080041c8       0xf0 drv_adc.o
                0x080041c8                adcInit
 .text.adcGetChannel
                0x080042b8       0x10 drv_adc.o
                0x080042b8                adcGetChannel
 .text.adxl345Read
                0x080042c8       0xe0 drv_adxl345.o
 .text.adxl345Init
                0x080043a8       0x64 drv_adxl345.o
 .text.adxl345Detect
                0x0800440c       0x5c drv_adxl345.o
                0x0800440c                adxl345Detect
 .text.bma280Read
                0x08004468       0x5c drv_bma280.o
 .text.bma280Init
                0x080044c4       0x30 drv_bma280.o
 .text.bma280Detect
                0x080044f4       0x3c drv_bma280.o
                0x080044f4                bma280Detect
 .text.bmp085_calculate
                0x08004530       0xdc drv_bmp085.o
 .text.bmp085_get_up
                0x0800460c       0x58 drv_bmp085.o
 .text.bmp085_get_ut
                0x08004664       0x40 drv_bmp085.o
 .text.bmp085_start_up
                0x080046a4       0x24 drv_bmp085.o
 .text.bmp085_start_ut
                0x080046c8       0x14 drv_bmp085.o
 .text.EXTI15_10_IRQHandler
                0x080046dc       0x24 drv_bmp085.o
                0x080046dc                EXTI15_10_IRQHandler
 .text.bmp085Detect
                0x08004700      0x1dc drv_bmp085.o
                0x08004700                bmp085Detect
 .text.ms5611_calculate
                0x080048dc      0x158 drv_ms5611.o
 .text.ms5611_read_adc
                0x08004a34       0x28 drv_ms5611.o
 .text.ms5611_get_up
                0x08004a5c       0x10 drv_ms5611.o
 .text.ms5611_get_ut
                0x08004a6c       0x10 drv_ms5611.o
 .text.ms5611_start_up
                0x08004a7c        0xa drv_ms5611.o
 .text.ms5611_start_ut
                0x08004a86        0xa drv_ms5611.o
 .text.ms5611Detect
                0x08004a90      0x138 drv_ms5611.o
                0x08004a90                ms5611Detect
 .text.hmc5883lDetect
                0x08004bc8       0x38 drv_hmc5883l.o
                0x08004bc8                hmc5883lDetect
 .text.hmc5883lRead
                0x08004c00       0x8c drv_hmc5883l.o
                0x08004c00                hmc5883lRead
 .text.hmc5883lInit
                0x08004c8c      0x1b4 drv_hmc5883l.o
                0x08004c8c                hmc5883lInit
 .text.mma8452Read
                0x08004e40       0x70 drv_mma845x.o
 .text.mma8452Init
                0x08004eb0       0x90 drv_mma845x.o
 .text.mma8452Detect
                0x08004f40       0x5c drv_mma845x.o
                0x08004f40                mma8452Detect
 .text.mpu3050ReadTemp
                0x08004f9c       0x32 drv_mpu3050.o
 *fill*         0x08004fce        0x2 
 .text.mpu3050Read
                0x08004fd0       0x68 drv_mpu3050.o
 .text.mpu3050Init
                0x08005038       0x5c drv_mpu3050.o
 .text.mpu3050Detect
                0x08005094       0x78 drv_mpu3050.o
                0x08005094                mpu3050Detect
 .text.mpu6050AccInit
                0x0800510c       0x28 drv_mpu6050.o
 .text.mpu6050GyroRead
                0x08005134       0x68 drv_mpu6050.o
 .text.mpu6050AccRead
                0x0800519c       0x54 drv_mpu6050.o
 .text.mpu6050GyroInit
                0x080051f0       0xa8 drv_mpu6050.o
 .text.mpu6050Detect
                0x08005298      0x128 drv_mpu6050.o
                0x08005298                mpu6050Detect
 .text.l3g4200dRead
                0x080053c0       0x68 drv_l3g4200d.o
 .text.l3g4200dInit
                0x08005428       0x44 drv_l3g4200d.o
 .text.l3g4200dDetect
                0x0800546c       0x64 drv_l3g4200d.o
                0x0800546c                l3g4200dDetect
 .text.pwmWriteBrushed
                0x080054d0       0x24 drv_pwm.o
 .text.pwmWriteStandard
                0x080054f4       0x10 drv_pwm.o
 .text.pwmOutConfig
                0x08005504      0x128 drv_pwm.o
 .text.ppmCallback
                0x0800562c       0x8c drv_pwm.o
 .text.pwmICConfig
                0x080056b8       0x32 drv_pwm.o
                0x080056b8                pwmICConfig
 *fill*         0x080056ea        0x2 
 .text.pwmCallback
                0x080056ec       0x5c drv_pwm.o
 .text.pwmInConfig
                0x08005748       0x64 drv_pwm.o
 .text.pwmInit  0x080057ac      0x158 drv_pwm.o
                0x080057ac                pwmInit
 .text.pwmWriteMotor
                0x08005904       0x1c drv_pwm.o
                0x08005904                pwmWriteMotor
 .text.pwmWriteServo
                0x08005920       0x1c drv_pwm.o
                0x08005920                pwmWriteServo
 .text.pwmRead  0x0800593c        0xc drv_pwm.o
                0x0800593c                pwmRead
 .text.spiTransfer
                0x08005948       0x54 drv_spi.o
                0x08005948                spiTransfer
 .text.spiInit  0x0800599c       0xf4 drv_spi.o
                0x0800599c                spiInit
 .text.configureTimerChannelCallback
                0x08005a90       0x48 drv_timer.o
                0x08005a90                configureTimerChannelCallback
 .text.configureTimerInputCaptureCompareChannel
                0x08005ad8       0x2c drv_timer.o
                0x08005ad8                configureTimerInputCaptureCompareChannel
 .text.configureTimerCaptureCompareInterrupt
                0x08005b04       0x1e drv_timer.o
                0x08005b04                configureTimerCaptureCompareInterrupt
 .text.timerNVICConfig
                0x08005b22       0x22 drv_timer.o
                0x08005b22                timerNVICConfig
 .text.configTimeBase
                0x08005b44       0x44 drv_timer.o
                0x08005b44                configTimeBase
 .text.timerInConfig
                0x08005b88       0x1c drv_timer.o
                0x08005b88                timerInConfig
 .text.findTimerConfig
                0x08005ba4       0x3c drv_timer.o
                0x08005ba4                findTimerConfig
 .text.timCCxHandler
                0x08005be0       0x9e drv_timer.o
 *fill*         0x08005c7e        0x2 
 .text.TIM1_CC_IRQHandler
                0x08005c80        0xc drv_timer.o
                0x08005c80                TIM1_CC_IRQHandler
 .text.TIM2_IRQHandler
                0x08005c8c        0x8 drv_timer.o
                0x08005c8c                TIM2_IRQHandler
 .text.TIM3_IRQHandler
                0x08005c94        0xc drv_timer.o
                0x08005c94                TIM3_IRQHandler
 .text.TIM4_IRQHandler
                0x08005ca0        0xc drv_timer.o
                0x08005ca0                TIM4_IRQHandler
 .text.hexairbotReadRawRC
                0x08005cac        0xc hexairbot.o
 .text.hexairbotInit
                0x08005cb8       0x18 hexairbot.o
                0x08005cb8                hexairbotInit
 .text.hexairbotSetData
                0x08005cd0       0x1c hexairbot.o
                0x08005cd0                hexairbotSetData
 .text.hexairbotFrameComplete
                0x08005cec       0x14 hexairbot.o
                0x08005cec                hexairbotFrameComplete
 .text.Reset_Handler
                0x08005d00       0xb0 startup_stm32f10x_md_gcc.o
                0x08005d00                Reset_Handler
 .text.Default_Handler
                0x08005db0        0x4 startup_stm32f10x_md_gcc.o
                0x08005db0                EXTI2_IRQHandler
                0x08005db0                DebugMon_Handler
                0x08005db0                PVD_IRQHandler
                0x08005db0                PendSV_Handler
                0x08005db0                NMI_Handler
                0x08005db0                EXTI3_IRQHandler
                0x08005db0                EXTI0_IRQHandler
                0x08005db0                UsageFault_Handler
                0x08005db0                ADC1_2_IRQHandler
                0x08005db0                SPI1_IRQHandler
                0x08005db0                TAMPER_IRQHandler
                0x08005db0                USART3_IRQHandler
                0x08005db0                RTC_IRQHandler
                0x08005db0                DMA1_Channel7_IRQHandler
                0x08005db0                CAN1_RX1_IRQHandler
                0x08005db0                DMA1_Channel6_IRQHandler
                0x08005db0                RCC_IRQHandler
                0x08005db0                TIM1_TRG_COM_IRQHandler
                0x08005db0                DMA1_Channel1_IRQHandler
                0x08005db0                Default_Handler
                0x08005db0                EXTI9_5_IRQHandler
                0x08005db0                SPI2_IRQHandler
                0x08005db0                MemManage_Handler
                0x08005db0                SVC_Handler
                0x08005db0                DMA1_Channel5_IRQHandler
                0x08005db0                EXTI4_IRQHandler
                0x08005db0                USB_LP_CAN1_RX0_IRQHandler
                0x08005db0                USB_HP_CAN1_TX_IRQHandler
                0x08005db0                DMA1_Channel3_IRQHandler
                0x08005db0                TIM1_UP_IRQHandler
                0x08005db0                WWDG_IRQHandler
                0x08005db0                TIM1_BRK_IRQHandler
                0x08005db0                EXTI1_IRQHandler
                0x08005db0                RTCAlarm_IRQHandler
                0x08005db0                DMA1_Channel2_IRQHandler
                0x08005db0                CAN1_SCE_IRQHandler
                0x08005db0                FLASH_IRQHandler
                0x08005db0                BusFault_Handler
                0x08005db0                USBWakeUp_IRQHandler
 .text.beep     0x08005db4       0x70 buzzer.o
 .text.beep_code
                0x08005e24       0xa8 buzzer.o
 .text.buzzer   0x08005ecc      0x128 buzzer.o
                0x08005ecc                buzzer
 .text.i2a      0x08005ff4       0x28 cli.o
 .text._atof    0x0800601c      0x12c cli.o
 .text.cliPrint
                0x08006148       0x1c cli.o
 .text.cliVersion
                0x08006164        0xc cli.o
 .text.cliHelp  0x08006170       0x2c cli.o
 .text.cliStatus
                0x0800619c       0xe4 cli.o
 .text.cliCompare
                0x08006280       0x1a cli.o
 *fill*         0x0800629a        0x2 
 .text.cliSave  0x0800629c       0x30 cli.o
 .text.cliMap   0x080062cc       0xa4 cli.o
 .text.cliGpsPassthrough
                0x08006370       0x20 cli.o
 .text.cliFeature
                0x08006390       0xe8 cli.o
 .text.cliExit  0x08006478       0x38 cli.o
 .text.cliDefaults
                0x080064b0       0x2c cli.o
 .text.cliMixer
                0x080064dc       0xa0 cli.o
 .text.cliProfile
                0x0800657c       0x4c cli.o
 .text.cliMotor
                0x080065c8       0xa8 cli.o
 .text.cliAux   0x08006670       0x60 cli.o
 .text.itoa     0x080066d0       0x24 cli.o
                0x080066d0                itoa
 .text.ftoa     0x080066f4       0xd0 cli.o
 .text.cliPrintVar
                0x080067c4       0xa0 cli.o
 .text.cliSet   0x08006864      0x158 cli.o
 .text.cliDump  0x080069bc      0x1b0 cli.o
 .text.cliCMix  0x08006b6c      0x248 cli.o
 .text.cliProcess
                0x08006db4      0x1e4 cli.o
                0x08006db4                cliProcess
 .text.validEEPROM
                0x08006f98       0x44 config.o
 .text.parseRcChannels
                0x08006fdc       0x30 config.o
                0x08006fdc                parseRcChannels
 .text.readEEPROM
                0x0800700c      0x10c config.o
                0x0800700c                readEEPROM
 .text.writeEEPROM
                0x08007118       0xcc config.o
                0x08007118                writeEEPROM
 .text.sensors  0x080071e4       0x14 config.o
                0x080071e4                sensors
 .text.sensorsSet
                0x080071f8       0x10 config.o
                0x080071f8                sensorsSet
 .text.sensorsClear
                0x08007208       0x10 config.o
                0x08007208                sensorsClear
 .text.sensorsMask
                0x08007218        0xc config.o
                0x08007218                sensorsMask
 .text.feature  0x08007224       0x14 config.o
                0x08007224                feature
 .text.featureSet
                0x08007238       0x10 config.o
                0x08007238                featureSet
 .text.checkFirstTime
                0x08007248      0x2ec config.o
                0x08007248                checkFirstTime
 .text.featureClear
                0x08007534       0x10 config.o
                0x08007534                featureClear
 .text.featureMask
                0x08007544        0xc config.o
                0x08007544                featureMask
 .text.gpsSetState
                0x08007550       0x18 gps.o
 .text.GPS_calc_longitude_scaling
                0x08007568       0x3c gps.o
 .text.GPS_distance_cm_bearing.isra.3
                0x080075a4       0x84 gps.o
 .text.get_I.isra.4
                0x08007628       0x4e gps.o
 *fill*         0x08007676        0x2 
 .text.grab_fields.constprop.6
                0x08007678       0x3c gps.o
 .text.gpsInitHardware
                0x080076b4       0xd0 gps.o
                0x080076b4                gpsInitHardware
 .text.gpsThread
                0x08007784       0x78 gps.o
                0x08007784                gpsThread
 .text.GPS_reset_home_position
                0x080077fc       0x48 gps.o
                0x080077fc                GPS_reset_home_position
 .text.GPS_reset_nav
                0x08007844       0x58 gps.o
                0x08007844                GPS_reset_nav
 .text.gpsSetPIDs
                0x0800789c       0xa4 gps.o
                0x0800789c                gpsSetPIDs
 .text.gpsInit  0x08007940       0x70 gps.o
                0x08007940                gpsInit
 .text.gpsSetPassthrough
                0x080079b0       0x7c gps.o
                0x080079b0                gpsSetPassthrough
 .text.GPS_set_next_wp
                0x08007a2c       0x8c gps.o
                0x08007a2c                GPS_set_next_wp
 .text.wrap_18000
                0x08007ab8       0x24 gps.o
                0x08007ab8                wrap_18000
 .text.GPS_coord_to_degrees
                0x08007adc       0xa0 gps.o
                0x08007adc                GPS_coord_to_degrees
 *fill*         0x08007b7c        0x4 
 .text.gpsNewData
                0x08007b80      0xbd8 gps.o
 .text.calculateHeading
                0x08008758       0xf8 imu.o
 .text.imuInit  0x08008850       0x58 imu.o
                0x08008850                imuInit
 .text.rotateV  0x080088a8      0x170 imu.o
                0x080088a8                rotateV
 .text.applyDeadband
                0x08008a18       0x1e imu.o
                0x08008a18                applyDeadband
 *fill*         0x08008a36        0x2 
 .text.acc_calc
                0x08008a38      0x190 imu.o
                0x08008a38                acc_calc
 .text.computeIMU
                0x08008bc8      0x358 imu.o
                0x08008bc8                computeIMU
 .text.accSum_reset
                0x08008f20       0x20 imu.o
                0x08008f20                accSum_reset
 .text.getEstimatedAltitude
                0x08008f40      0x37c imu.o
                0x08008f40                getEstimatedAltitude
 .text._putc    0x080092bc        0xc main.o
 .text.startup.main
                0x080092c8      0x280 main.o
                0x080092c8                main
 .text.HardFault_Handler
                0x08009548       0x14 main.o
                0x08009548                HardFault_Handler
 .text.servoMiddle
                0x0800955c       0x28 mixer.o
                0x0800955c                servoMiddle
 .text.mixerResetMotors
                0x08009584       0x30 mixer.o
                0x08009584                mixerResetMotors
 .text.mixerInit
                0x080095b4      0x114 mixer.o
                0x080095b4                mixerInit
 .text.mixerLoadMix
                0x080096c8       0x50 mixer.o
                0x080096c8                mixerLoadMix
 .text.writeServos
                0x08009718       0xc0 mixer.o
                0x08009718                writeServos
 .text.writeMotors
                0x080097d8       0x28 mixer.o
                0x080097d8                writeMotors
 .text.writeAllMotors
                0x08009800       0x24 mixer.o
                0x08009800                writeAllMotors
 .text.mixTable
                0x08009824      0x664 mixer.o
                0x08009824                mixTable
 .text.pidMultiWii
                0x08009e88      0x238 mw.o
 .text.pidRewrite
                0x0800a0c0      0x178 mw.o
 .text.blinkLED
                0x0800a238       0x4c mw.o
                0x0800a238                blinkLED
 *fill*         0x0800a284        0x4 
 .text.annexCode
                0x0800a288      0x418 mw.o
                0x0800a288                annexCode
 .text.pwmReadRawRC
                0x0800a6a0       0x28 mw.o
                0x0800a6a0                pwmReadRawRC
 .text.computeRC
                0x0800a6c8       0xb0 mw.o
                0x0800a6c8                computeRC
 .text.mwArm    0x0800a778       0x40 mw.o
                0x0800a778                mwArm
 .text.mwDisarm
                0x0800a7b8       0x10 mw.o
                0x0800a7b8                mwDisarm
 .text.setPIDController
                0x0800a7c8       0x1c mw.o
                0x0800a7c8                setPIDController
 .text.loop     0x0800a7e4      0xae8 mw.o
                0x0800a7e4                loop
 .text.sensorsAutodetect
                0x0800b2cc      0x1c8 sensors.o
                0x0800b2cc                sensorsAutodetect
 .text.batteryAdcToVoltage
                0x0800b494       0x3c sensors.o
                0x0800b494                batteryAdcToVoltage
 .text.batteryInit
                0x0800b4d0       0x54 sensors.o
                0x0800b4d0                batteryInit
 .text.ACC_getADC
                0x0800b524      0x1d4 sensors.o
                0x0800b524                ACC_getADC
 .text.Baro_Common
                0x0800b6f8       0x44 sensors.o
                0x0800b6f8                Baro_Common
 .text.Baro_update
                0x0800b73c       0x70 sensors.o
                0x0800b73c                Baro_update
 .text.Gyro_getADC
                0x0800b7ac      0x194 sensors.o
                0x0800b7ac                Gyro_getADC
 .text.Mag_init
                0x0800b940       0x20 sensors.o
                0x0800b940                Mag_init
 .text.Mag_getADC
                0x0800b960      0x114 sensors.o
                0x0800b960                Mag_getADC
 .text.serialize32
                0x0800ba74       0x64 serial.o
                0x0800ba74                serialize32
 .text.serialize16
                0x0800bad8       0x40 serial.o
                0x0800bad8                serialize16
 .text.serialize8
                0x0800bb18       0x20 serial.o
                0x0800bb18                serialize8
 .text.read8    0x0800bb38       0x18 serial.o
                0x0800bb38                read8
 .text.read16   0x0800bb50       0x14 serial.o
                0x0800bb50                read16
 .text.read32   0x0800bb64       0x12 serial.o
                0x0800bb64                read32
 *fill*         0x0800bb76        0x2 
 .text.headSerialResponse
                0x0800bb78       0x40 serial.o
                0x0800bb78                headSerialResponse
 .text.headSerialReply
                0x0800bbb8        0x8 serial.o
                0x0800bbb8                headSerialReply
 .text.headSerialError
                0x0800bbc0        0x8 serial.o
                0x0800bbc0                headSerialError
 .text.tailSerialReply
                0x0800bbc8        0xc serial.o
                0x0800bbc8                tailSerialReply
 .text.s_struct
                0x0800bbd4       0x20 serial.o
                0x0800bbd4                s_struct
 .text.serializeNames
                0x0800bbf4       0x12 serial.o
                0x0800bbf4                serializeNames
 *fill*         0x0800bc06        0x2 
 .text.serializeBoxNamesReply
                0x0800bc08       0x6c serial.o
                0x0800bc08                serializeBoxNamesReply
 .text.serialInit
                0x0800bc74      0x104 serial.o
                0x0800bc74                serialInit
 .text.serialCom
                0x0800bd78      0xbb8 serial.o
                0x0800bd78                serialCom
 .text.sbusReadRawRC
                0x0800c930       0x20 sbus.o
 .text.sbusDataReceive
                0x0800c950       0x58 sbus.o
 .text.sbusInit
                0x0800c9a8       0x54 sbus.o
                0x0800c9a8                sbusInit
 .text.sbusFrameComplete
                0x0800c9fc       0xb0 sbus.o
                0x0800c9fc                sbusFrameComplete
 .text.sumdReadRawRC
                0x0800caac       0x1c sumd.o
 .text.sumdDataReceive
                0x0800cac8       0x70 sumd.o
 .text.sumdInit
                0x0800cb38       0x30 sumd.o
                0x0800cb38                sumdInit
 .text.sumdFrameComplete
                0x0800cb68       0x6c sumd.o
                0x0800cb68                sumdFrameComplete
 .text.spektrumDataReceive
                0x0800cbd4       0x68 spektrum.o
 .text.spektrumReadRawRC
                0x0800cc3c       0x90 spektrum.o
 .text.spektrumInit
                0x0800cccc       0x68 spektrum.o
                0x0800cccc                spektrumInit
 .text.spektrumFrameComplete
                0x0800cd34        0xc spektrum.o
                0x0800cd34                spektrumFrameComplete
 .text.sendDataHead
                0x0800cd40       0x20 telemetry.o
 .text.sendTelemetryTail
                0x0800cd60       0x10 telemetry.o
 .text.serializeFrsky
                0x0800cd70       0x30 telemetry.o
 .text.serialize16
                0x0800cda0       0x16 telemetry.o
 *fill*         0x0800cdb6        0x2 
 .text.initTelemetry
                0x0800cdb8       0x30 telemetry.o
                0x0800cdb8                initTelemetry
 .text.updateTelemetryState
                0x0800cde8       0x5c telemetry.o
                0x0800cde8                updateTelemetryState
 .text.sendTelemetry
                0x0800ce44      0x314 telemetry.o
                0x0800ce44                sendTelemetry
 .text.gpioInit
                0x0800d158       0x72 drv_gpio.o
                0x0800d158                gpioInit
 .text.gpioExtiLineConfig
                0x0800d1ca       0x2a drv_gpio.o
                0x0800d1ca                gpioExtiLineConfig
 .text.i2c_ev_handler
                0x0800d1f4      0x2fc drv_i2c.o
 .text.I2C1_EV_IRQHandler
                0x0800d4f0        0x4 drv_i2c.o
                0x0800d4f0                I2C1_EV_IRQHandler
 .text.I2C2_EV_IRQHandler
                0x0800d4f4        0x4 drv_i2c.o
                0x0800d4f4                I2C2_EV_IRQHandler
 .text.i2cInit  0x0800d4f8      0x134 drv_i2c.o
                0x0800d4f8                i2cInit
 .text.i2c_er_handler
                0x0800d62c       0x98 drv_i2c.o
 .text.I2C1_ER_IRQHandler
                0x0800d6c4        0x4 drv_i2c.o
                0x0800d6c4                I2C1_ER_IRQHandler
 .text.I2C2_ER_IRQHandler
                0x0800d6c8        0x4 drv_i2c.o
                0x0800d6c8                I2C2_ER_IRQHandler
 .text.i2cWriteBuffer
                0x0800d6cc       0xb8 drv_i2c.o
                0x0800d6cc                i2cWriteBuffer
 .text.i2cWrite
                0x0800d784       0x14 drv_i2c.o
                0x0800d784                i2cWrite
 .text.i2cRead  0x0800d798       0xb8 drv_i2c.o
                0x0800d798                i2cRead
 .text.i2cGetErrorCounter
                0x0800d850        0xc drv_i2c.o
                0x0800d850                i2cGetErrorCounter
 .text.SysTick_Handler
                0x0800d85c       0x10 drv_system.o
                0x0800d85c                SysTick_Handler
 .text.micros   0x0800d86c       0x34 drv_system.o
                0x0800d86c                micros
 .text.millis   0x0800d8a0        0xc drv_system.o
                0x0800d8a0                millis
 .text.delayMicroseconds
                0x0800d8ac       0x16 drv_system.o
                0x0800d8ac                delayMicroseconds
 .text.delay    0x0800d8c2       0x14 drv_system.o
                0x0800d8c2                delay
 *fill*         0x0800d8d6        0x2 
 .text.systemInit
                0x0800d8d8      0x114 drv_system.o
                0x0800d8d8                systemInit
 .text.failureMode
                0x0800d9ec       0x38 drv_system.o
                0x0800d9ec                failureMode
 .text.systemReset
                0x0800da24       0x20 drv_system.o
                0x0800da24                systemReset
 .text.systemBeep
                0x0800da44        0x2 drv_system.o
                0x0800da44                systemBeep
 .text.serialWrite
                0x0800da46        0xa drv_serial.o
                0x0800da46                serialWrite
 .text.serialPrint
                0x0800da50       0x16 drv_serial.o
                0x0800da50                serialPrint
 .text.serialTotalBytesWaiting
                0x0800da66        0xa drv_serial.o
                0x0800da66                serialTotalBytesWaiting
 .text.serialRead
                0x0800da70        0xa drv_serial.o
                0x0800da70                serialRead
 .text.serialSetBaudRate
                0x0800da7a        0xa drv_serial.o
                0x0800da7a                serialSetBaudRate
 .text.isSerialTransmitBufferEmpty
                0x0800da84        0xa drv_serial.o
                0x0800da84                isSerialTransmitBufferEmpty
 .text.softSerialTotalBytesWaiting
                0x0800da8e       0x18 drv_softserial.o
                0x0800da8e                softSerialTotalBytesWaiting
 .text.softSerialWriteByte
                0x0800daa6       0x18 drv_softserial.o
                0x0800daa6                softSerialWriteByte
 .text.softSerialSetBaudRate
                0x0800dabe        0x2 drv_softserial.o
                0x0800dabe                softSerialSetBaudRate
 .text.isSoftSerialTransmitBufferEmpty
                0x0800dac0        0xc drv_softserial.o
                0x0800dac0                isSoftSerialTransmitBufferEmpty
 .text.softSerialReadByte
                0x0800dacc       0x22 drv_softserial.o
                0x0800dacc                softSerialReadByte
 .text.readRxSignal
                0x0800daee       0x20 drv_softserial.o
                0x0800daee                readRxSignal
 .text.setTxSignal
                0x0800db0e       0x2a drv_softserial.o
                0x0800db0e                setTxSignal
 .text.serialInputPortConfig
                0x0800db38       0x24 drv_softserial.o
                0x0800db38                serialInputPortConfig
 .text.serialTimerConfig
                0x0800db5c       0x2c drv_softserial.o
                0x0800db5c                serialTimerConfig
 .text.serialOutputPortConfig
                0x0800db88       0x24 drv_softserial.o
                0x0800db88                serialOutputPortConfig
 .text.setupSoftSerial1
                0x0800dbac       0x8c drv_softserial.o
                0x0800dbac                setupSoftSerial1
 .text.updateBufferIndex
                0x0800dc38       0x12 drv_softserial.o
                0x0800dc38                updateBufferIndex
 .text.searchForStartBit
                0x0800dc4a       0x30 drv_softserial.o
                0x0800dc4a                searchForStartBit
 .text.searchForStopBit
                0x0800dc7a       0x38 drv_softserial.o
                0x0800dc7a                searchForStopBit
 .text.readDataBit
                0x0800dcb2       0x40 drv_softserial.o
                0x0800dcb2                readDataBit
 .text.processRxState
                0x0800dcf2       0x28 drv_softserial.o
                0x0800dcf2                processRxState
 .text.processTxState
                0x0800dd1a       0x7c drv_softserial.o
                0x0800dd1a                processTxState
 *fill*         0x0800dd96        0x2 
 .text.onSerialTimer
                0x0800dd98       0x20 drv_softserial.o
                0x0800dd98                onSerialTimer
 .text.uartTotalBytesWaiting
                0x0800ddb8       0x16 drv_uart.o
                0x0800ddb8                uartTotalBytesWaiting
 .text.isUartTransmitBufferEmpty
                0x0800ddce       0x16 drv_uart.o
                0x0800ddce                isUartTransmitBufferEmpty
 .text.uartSetBaudRate
                0x0800dde4       0x4a drv_uart.o
                0x0800dde4                uartSetBaudRate
 .text.uartStartTxDMA
                0x0800de2e       0x30 drv_uart.o
 .text.uartRead
                0x0800de5e       0x32 drv_uart.o
                0x0800de5e                uartRead
 .text.uartWrite
                0x0800de90       0x3c drv_uart.o
                0x0800de90                uartWrite
 .text.serialUSART1
                0x0800decc       0xa4 drv_uart.o
                0x0800decc                serialUSART1
 .text.serialUSART2
                0x0800df70       0x9c drv_uart.o
                0x0800df70                serialUSART2
 .text.uartOpen
                0x0800e00c      0x170 drv_uart.o
                0x0800e00c                uartOpen
 .text.DMA1_Channel4_IRQHandler
                0x0800e17c       0x34 drv_uart.o
                0x0800e17c                DMA1_Channel4_IRQHandler
 .text.USART1_IRQHandler
                0x0800e1b0       0x3c drv_uart.o
                0x0800e1b0                USART1_IRQHandler
 .text.USART2_IRQHandler
                0x0800e1ec       0x74 drv_uart.o
                0x0800e1ec                USART2_IRQHandler
 .text.uli2a    0x0800e260       0x50 printf.o
 .text.ui2a     0x0800e2b0       0x50 printf.o
 .text.putchw   0x0800e300       0x48 printf.o
 .text.tfp_format
                0x0800e348      0x190 printf.o
                0x0800e348                tfp_format
 .text.init_printf
                0x0800e4d8       0x14 printf.o
                0x0800e4d8                init_printf
 .text.tfp_printf
                0x0800e4ec       0x3c printf.o
                0x0800e4ec                tfp_printf
 .text.constrain
                0x0800e528       0x10 utils.o
                0x0800e528                constrain
 .text.initBoardAlignment
                0x0800e538      0x170 utils.o
                0x0800e538                initBoardAlignment
 .text.alignBoard
                0x0800e6a8       0xc4 utils.o
                0x0800e6a8                alignBoard
 .text.alignSensors
                0x0800e76c       0x7c utils.o
                0x0800e76c                alignSensors
 .text.SystemInit
                0x0800e7e8       0x4c system_stm32f10x.o
                0x0800e7e8                SystemInit
 .text.SystemCoreClockUpdate
                0x0800e834       0x6c system_stm32f10x.o
                0x0800e834                SystemCoreClockUpdate
 .text.SetSysClock
                0x0800e8a0      0x150 system_stm32f10x.o
                0x0800e8a0                SetSysClock
 .text.NVIC_PriorityGroupConfig
                0x0800e9f0       0x14 misc.o
                0x0800e9f0                NVIC_PriorityGroupConfig
 .text.NVIC_Init
                0x0800ea04       0x68 misc.o
                0x0800ea04                NVIC_Init
 .text.ADC_Init
                0x0800ea6c       0x48 stm32f10x_adc.o
                0x0800ea6c                ADC_Init
 .text.ADC_Cmd  0x0800eab4       0x12 stm32f10x_adc.o
                0x0800eab4                ADC_Cmd
 .text.ADC_DMACmd
                0x0800eac6       0x12 stm32f10x_adc.o
                0x0800eac6                ADC_DMACmd
 .text.ADC_ResetCalibration
                0x0800ead8        0xa stm32f10x_adc.o
                0x0800ead8                ADC_ResetCalibration
 .text.ADC_GetResetCalibrationStatus
                0x0800eae2        0x8 stm32f10x_adc.o
                0x0800eae2                ADC_GetResetCalibrationStatus
 .text.ADC_StartCalibration
                0x0800eaea        0xa stm32f10x_adc.o
                0x0800eaea                ADC_StartCalibration
 .text.ADC_GetCalibrationStatus
                0x0800eaf4        0x8 stm32f10x_adc.o
                0x0800eaf4                ADC_GetCalibrationStatus
 .text.ADC_SoftwareStartConvCmd
                0x0800eafc       0x12 stm32f10x_adc.o
                0x0800eafc                ADC_SoftwareStartConvCmd
 .text.ADC_RegularChannelConfig
                0x0800eb0e       0x90 stm32f10x_adc.o
                0x0800eb0e                ADC_RegularChannelConfig
 *fill*         0x0800eb9e        0x2 
 .text.DMA_DeInit
                0x0800eba0       0xf0 stm32f10x_dma.o
                0x0800eba0                DMA_DeInit
 .text.DMA_Init
                0x0800ec90       0x3c stm32f10x_dma.o
                0x0800ec90                DMA_Init
 .text.DMA_StructInit
                0x0800eccc       0x1a stm32f10x_dma.o
                0x0800eccc                DMA_StructInit
 .text.DMA_Cmd  0x0800ece6       0x16 stm32f10x_dma.o
                0x0800ece6                DMA_Cmd
 .text.DMA_ITConfig
                0x0800ecfc       0x10 stm32f10x_dma.o
                0x0800ecfc                DMA_ITConfig
 .text.DMA_SetCurrDataCounter
                0x0800ed0c        0x4 stm32f10x_dma.o
                0x0800ed0c                DMA_SetCurrDataCounter
 .text.DMA_GetCurrDataCounter
                0x0800ed10        0x6 stm32f10x_dma.o
                0x0800ed10                DMA_GetCurrDataCounter
 *fill*         0x0800ed16        0x2 
 .text.DMA_ClearITPendingBit
                0x0800ed18       0x14 stm32f10x_dma.o
                0x0800ed18                DMA_ClearITPendingBit
 .text.EXTI_Init
                0x0800ed2c       0x74 stm32f10x_exti.o
                0x0800ed2c                EXTI_Init
 .text.EXTI_GetITStatus
                0x0800eda0       0x1c stm32f10x_exti.o
                0x0800eda0                EXTI_GetITStatus
 .text.EXTI_ClearITPendingBit
                0x0800edbc        0xc stm32f10x_exti.o
                0x0800edbc                EXTI_ClearITPendingBit
 .text.FLASH_Unlock
                0x0800edc8       0x18 stm32f10x_flash.o
                0x0800edc8                FLASH_Unlock
 .text.FLASH_Lock
                0x0800ede0       0x10 stm32f10x_flash.o
                0x0800ede0                FLASH_Lock
 .text.FLASH_ClearFlag
                0x0800edf0        0xc stm32f10x_flash.o
                0x0800edf0                FLASH_ClearFlag
 .text.FLASH_GetBank1Status
                0x0800edfc       0x28 stm32f10x_flash.o
                0x0800edfc                FLASH_GetBank1Status
 .text.FLASH_WaitForLastOperation
                0x0800ee24       0x22 stm32f10x_flash.o
                0x0800ee24                FLASH_WaitForLastOperation
 *fill*         0x0800ee46        0x2 
 .text.FLASH_ErasePage
                0x0800ee48       0x3c stm32f10x_flash.o
                0x0800ee48                FLASH_ErasePage
 .text.FLASH_ProgramWord
                0x0800ee84       0x54 stm32f10x_flash.o
                0x0800ee84                FLASH_ProgramWord
 .text.I2C_DeInit
                0x0800eed8       0x34 stm32f10x_i2c.o
                0x0800eed8                I2C_DeInit
 .text.I2C_Init
                0x0800ef0c       0xdc stm32f10x_i2c.o
                0x0800ef0c                I2C_Init
 .text.I2C_StructInit
                0x0800efe8       0x1c stm32f10x_i2c.o
                0x0800efe8                I2C_StructInit
 .text.I2C_Cmd  0x0800f004       0x18 stm32f10x_i2c.o
                0x0800f004                I2C_Cmd
 .text.I2C_GenerateSTART
                0x0800f01c       0x18 stm32f10x_i2c.o
                0x0800f01c                I2C_GenerateSTART
 .text.I2C_GenerateSTOP
                0x0800f034       0x18 stm32f10x_i2c.o
                0x0800f034                I2C_GenerateSTOP
 .text.I2C_AcknowledgeConfig
                0x0800f04c       0x18 stm32f10x_i2c.o
                0x0800f04c                I2C_AcknowledgeConfig
 .text.I2C_ITConfig
                0x0800f064       0x12 stm32f10x_i2c.o
                0x0800f064                I2C_ITConfig
 .text.I2C_SendData
                0x0800f076        0x4 stm32f10x_i2c.o
                0x0800f076                I2C_SendData
 .text.I2C_ReceiveData
                0x0800f07a        0x6 stm32f10x_i2c.o
                0x0800f07a                I2C_ReceiveData
 .text.I2C_Send7bitAddress
                0x0800f080       0x10 stm32f10x_i2c.o
                0x0800f080                I2C_Send7bitAddress
 .text.RCC_GetClocksFreq
                0x0800f090       0x98 stm32f10x_rcc.o
                0x0800f090                RCC_GetClocksFreq
 .text.RCC_AHBPeriphClockCmd
                0x0800f128       0x18 stm32f10x_rcc.o
                0x0800f128                RCC_AHBPeriphClockCmd
 .text.RCC_APB2PeriphClockCmd
                0x0800f140       0x18 stm32f10x_rcc.o
                0x0800f140                RCC_APB2PeriphClockCmd
 .text.RCC_APB1PeriphClockCmd
                0x0800f158       0x18 stm32f10x_rcc.o
                0x0800f158                RCC_APB1PeriphClockCmd
 .text.RCC_APB2PeriphResetCmd
                0x0800f170       0x18 stm32f10x_rcc.o
                0x0800f170                RCC_APB2PeriphResetCmd
 .text.RCC_APB1PeriphResetCmd
                0x0800f188       0x18 stm32f10x_rcc.o
                0x0800f188                RCC_APB1PeriphResetCmd
 .text.RCC_ClearFlag
                0x0800f1a0       0x10 stm32f10x_rcc.o
                0x0800f1a0                RCC_ClearFlag
 .text.SPI_I2S_DeInit
                0x0800f1b0       0x64 stm32f10x_spi.o
                0x0800f1b0                SPI_I2S_DeInit
 .text.SPI_Init
                0x0800f214       0x3e stm32f10x_spi.o
                0x0800f214                SPI_Init
 .text.SPI_Cmd  0x0800f252       0x18 stm32f10x_spi.o
                0x0800f252                SPI_Cmd
 .text.SPI_I2S_SendData
                0x0800f26a        0x4 stm32f10x_spi.o
                0x0800f26a                SPI_I2S_SendData
 .text.SPI_I2S_ReceiveData
                0x0800f26e        0x6 stm32f10x_spi.o
                0x0800f26e                SPI_I2S_ReceiveData
 .text.SPI_I2S_GetFlagStatus
                0x0800f274        0xc stm32f10x_spi.o
                0x0800f274                SPI_I2S_GetFlagStatus
 .text.TI1_Config
                0x0800f280       0x68 stm32f10x_tim.o
 .text.TI2_Config
                0x0800f2e8       0x78 stm32f10x_tim.o
 .text.TIM_TimeBaseInit
                0x0800f360       0x94 stm32f10x_tim.o
                0x0800f360                TIM_TimeBaseInit
 .text.TIM_OC1Init
                0x0800f3f4       0x88 stm32f10x_tim.o
                0x0800f3f4                TIM_OC1Init
 .text.TIM_OC2Init
                0x0800f47c       0x88 stm32f10x_tim.o
                0x0800f47c                TIM_OC2Init
 .text.TIM_OC3Init
                0x0800f504       0x84 stm32f10x_tim.o
                0x0800f504                TIM_OC3Init
 .text.TIM_OC4Init
                0x0800f588       0x68 stm32f10x_tim.o
                0x0800f588                TIM_OC4Init
 .text.TIM_TimeBaseStructInit
                0x0800f5f0       0x12 stm32f10x_tim.o
                0x0800f5f0                TIM_TimeBaseStructInit
 .text.TIM_OCStructInit
                0x0800f602       0x14 stm32f10x_tim.o
                0x0800f602                TIM_OCStructInit
 .text.TIM_ICStructInit
                0x0800f616       0x10 stm32f10x_tim.o
                0x0800f616                TIM_ICStructInit
 .text.TIM_Cmd  0x0800f626       0x18 stm32f10x_tim.o
                0x0800f626                TIM_Cmd
 .text.TIM_CtrlPWMOutputs
                0x0800f63e       0x1c stm32f10x_tim.o
                0x0800f63e                TIM_CtrlPWMOutputs
 .text.TIM_ITConfig
                0x0800f65a       0x12 stm32f10x_tim.o
                0x0800f65a                TIM_ITConfig
 .text.TIM_OC1PreloadConfig
                0x0800f66c       0x10 stm32f10x_tim.o
                0x0800f66c                TIM_OC1PreloadConfig
 .text.TIM_OC2PreloadConfig
                0x0800f67c       0x14 stm32f10x_tim.o
                0x0800f67c                TIM_OC2PreloadConfig
 .text.TIM_OC3PreloadConfig
                0x0800f690       0x10 stm32f10x_tim.o
                0x0800f690                TIM_OC3PreloadConfig
 .text.TIM_OC4PreloadConfig
                0x0800f6a0       0x14 stm32f10x_tim.o
                0x0800f6a0                TIM_OC4PreloadConfig
 .text.TIM_SetIC1Prescaler
                0x0800f6b4       0x16 stm32f10x_tim.o
                0x0800f6b4                TIM_SetIC1Prescaler
 .text.TIM_SetIC2Prescaler
                0x0800f6ca       0x1a stm32f10x_tim.o
                0x0800f6ca                TIM_SetIC2Prescaler
 .text.TIM_SetIC3Prescaler
                0x0800f6e4       0x16 stm32f10x_tim.o
                0x0800f6e4                TIM_SetIC3Prescaler
 .text.TIM_SetIC4Prescaler
                0x0800f6fa       0x1a stm32f10x_tim.o
                0x0800f6fa                TIM_SetIC4Prescaler
 .text.TIM_ICInit
                0x0800f714      0x130 stm32f10x_tim.o
                0x0800f714                TIM_ICInit
 .text.TIM_GetCapture1
                0x0800f844        0x6 stm32f10x_tim.o
                0x0800f844                TIM_GetCapture1
 .text.TIM_GetCapture2
                0x0800f84a        0x6 stm32f10x_tim.o
                0x0800f84a                TIM_GetCapture2
 .text.TIM_GetCapture3
                0x0800f850        0x6 stm32f10x_tim.o
                0x0800f850                TIM_GetCapture3
 .text.TIM_GetCapture4
                0x0800f856        0x8 stm32f10x_tim.o
                0x0800f856                TIM_GetCapture4
 .text.TIM_GetITStatus
                0x0800f85e       0x16 stm32f10x_tim.o
                0x0800f85e                TIM_GetITStatus
 .text.TIM_ClearITPendingBit
                0x0800f874        0x8 stm32f10x_tim.o
                0x0800f874                TIM_ClearITPendingBit
 .text.USART_Init
                0x0800f87c       0xa8 stm32f10x_usart.o
                0x0800f87c                USART_Init
 .text.USART_Cmd
                0x0800f924       0x18 stm32f10x_usart.o
                0x0800f924                USART_Cmd
 .text.USART_ITConfig
                0x0800f93c       0x30 stm32f10x_usart.o
                0x0800f93c                USART_ITConfig
 .text.USART_DMACmd
                0x0800f96c       0x12 stm32f10x_usart.o
                0x0800f96c                USART_DMACmd
 *fill*         0x0800f97e        0x2 
 .text.cosf     0x0800f980       0x6c c:/program files/gnu tools arm embedded/4.8 2013q4/bin/../lib/gcc/arm-none-eabi/4.8.3/../../../../arm-none-eabi/lib/armv7-m\libm.a(lib_a-sf_cos.o)
                0x0800f980                cosf
 .text.lrintf   0x0800f9ec       0x7c c:/program files/gnu tools arm embedded/4.8 2013q4/bin/../lib/gcc/arm-none-eabi/4.8.3/../../../../arm-none-eabi/lib/armv7-m\libm.a(lib_a-sf_lrint.o)
                0x0800f9ec                lrintf
 .text.sinf     0x0800fa68       0x7c c:/program files/gnu tools arm embedded/4.8 2013q4/bin/../lib/gcc/arm-none-eabi/4.8.3/../../../../arm-none-eabi/lib/armv7-m\libm.a(lib_a-sf_sin.o)
                0x0800fa68                sinf
 .text.atan2f   0x0800fae4        0x4 c:/program files/gnu tools arm embedded/4.8 2013q4/bin/../lib/gcc/arm-none-eabi/4.8.3/../../../../arm-none-eabi/lib/armv7-m\libm.a(lib_a-wf_atan2.o)
                0x0800fae4                atan2f
 .text.powf     0x0800fae8      0x310 c:/program files/gnu tools arm embedded/4.8 2013q4/bin/../lib/gcc/arm-none-eabi/4.8.3/../../../../arm-none-eabi/lib/armv7-m\libm.a(lib_a-wf_pow.o)
                0x0800fae8                powf
 .text.sqrtf    0x0800fdf8       0x9c c:/program files/gnu tools arm embedded/4.8 2013q4/bin/../lib/gcc/arm-none-eabi/4.8.3/../../../../arm-none-eabi/lib/armv7-m\libm.a(lib_a-wf_sqrt.o)
                0x0800fdf8                sqrtf
 .text.__ieee754_atan2f
                0x0800fe94      0x120 c:/program files/gnu tools arm embedded/4.8 2013q4/bin/../lib/gcc/arm-none-eabi/4.8.3/../../../../arm-none-eabi/lib/armv7-m\libm.a(lib_a-ef_atan2.o)
                0x0800fe94                __ieee754_atan2f
 .text.__ieee754_powf
                0x0800ffb4      0x6f8 c:/program files/gnu tools arm embedded/4.8 2013q4/bin/../lib/gcc/arm-none-eabi/4.8.3/../../../../arm-none-eabi/lib/armv7-m\libm.a(lib_a-ef_pow.o)
                0x0800ffb4                __ieee754_powf
 .text.__ieee754_rem_pio2f
                0x080106ac      0x2e8 c:/program files/gnu tools arm embedded/4.8 2013q4/bin/../lib/gcc/arm-none-eabi/4.8.3/../../../../arm-none-eabi/lib/armv7-m\libm.a(lib_a-ef_rem_pio2.o)
                0x080106ac                __ieee754_rem_pio2f
 .text.__ieee754_sqrtf
                0x08010994       0xa8 c:/program files/gnu tools arm embedded/4.8 2013q4/bin/../lib/gcc/arm-none-eabi/4.8.3/../../../../arm-none-eabi/lib/armv7-m\libm.a(lib_a-ef_sqrt.o)
                0x08010994                __ieee754_sqrtf
 .text.__kernel_cosf
                0x08010a3c      0x188 c:/program files/gnu tools arm embedded/4.8 2013q4/bin/../lib/gcc/arm-none-eabi/4.8.3/../../../../arm-none-eabi/lib/armv7-m\libm.a(lib_a-kf_cos.o)
                0x08010a3c                __kernel_cosf
 .text.__kernel_rem_pio2f
                0x08010bc4      0x670 c:/program files/gnu tools arm embedded/4.8 2013q4/bin/../lib/gcc/arm-none-eabi/4.8.3/../../../../arm-none-eabi/lib/armv7-m\libm.a(lib_a-kf_rem_pio2.o)
                0x08010bc4                __kernel_rem_pio2f
 .text.__kernel_sinf
                0x08011234       0xec c:/program files/gnu tools arm embedded/4.8 2013q4/bin/../lib/gcc/arm-none-eabi/4.8.3/../../../../arm-none-eabi/lib/armv7-m\libm.a(lib_a-kf_sin.o)
                0x08011234                __kernel_sinf
 .text.matherr  0x08011320        0x4 c:/program files/gnu tools arm embedded/4.8 2013q4/bin/../lib/gcc/arm-none-eabi/4.8.3/../../../../arm-none-eabi/lib/armv7-m\libm.a(lib_a-s_matherr.o)
                0x08011320                matherr
 .text.rint     0x08011324      0x118 c:/program files/gnu tools arm embedded/4.8 2013q4/bin/../lib/gcc/arm-none-eabi/4.8.3/../../../../arm-none-eabi/lib/armv7-m\libm.a(lib_a-s_rint.o)
                0x08011324                rint
 .text.atanf    0x0801143c      0x22c c:/program files/gnu tools arm embedded/4.8 2013q4/bin/../lib/gcc/arm-none-eabi/4.8.3/../../../../arm-none-eabi/lib/armv7-m\libm.a(lib_a-sf_atan.o)
                0x0801143c                atanf
 .text.fabsf    0x08011668        0x8 c:/program files/gnu tools arm embedded/4.8 2013q4/bin/../lib/gcc/arm-none-eabi/4.8.3/../../../../arm-none-eabi/lib/armv7-m\libm.a(lib_a-sf_fabs.o)
                0x08011668                fabsf
 .text.finitef  0x08011670       0x10 c:/program files/gnu tools arm embedded/4.8 2013q4/bin/../lib/gcc/arm-none-eabi/4.8.3/../../../../arm-none-eabi/lib/armv7-m\libm.a(lib_a-sf_finite.o)
                0x08011670                finitef
 .text.floorf   0x08011680       0x8c c:/program files/gnu tools arm embedded/4.8 2013q4/bin/../lib/gcc/arm-none-eabi/4.8.3/../../../../arm-none-eabi/lib/armv7-m\libm.a(lib_a-sf_floor.o)
                0x08011680                floorf
 .text.__fpclassifyf
                0x0801170c       0x34 c:/program files/gnu tools arm embedded/4.8 2013q4/bin/../lib/gcc/arm-none-eabi/4.8.3/../../../../arm-none-eabi/lib/armv7-m\libm.a(lib_a-sf_fpclassify.o)
                0x0801170c                __fpclassifyf
 .text.nanf     0x08011740        0x8 c:/program files/gnu tools arm embedded/4.8 2013q4/bin/../lib/gcc/arm-none-eabi/4.8.3/../../../../arm-none-eabi/lib/armv7-m\libm.a(lib_a-sf_nan.o)
                0x08011740                nanf
 .text.scalbnf  0x08011748       0xb4 c:/program files/gnu tools arm embedded/4.8 2013q4/bin/../lib/gcc/arm-none-eabi/4.8.3/../../../../arm-none-eabi/lib/armv7-m\libm.a(lib_a-sf_scalbn.o)
                0x08011748                scalbnf
 .text.copysignf
                0x080117fc        0xc c:/program files/gnu tools arm embedded/4.8 2013q4/bin/../lib/gcc/arm-none-eabi/4.8.3/../../../../arm-none-eabi/lib/armv7-m\libm.a(lib_a-sf_copysign.o)
                0x080117fc                copysignf
 .text.atoi     0x08011808        0x8 c:/program files/gnu tools arm embedded/4.8 2013q4/bin/../lib/gcc/arm-none-eabi/4.8.3/../../../../arm-none-eabi/lib/armv7-m\libc.a(lib_a-atoi.o)
                0x08011808                atoi
 .text.bsearch  0x08011810       0x44 c:/program files/gnu tools arm embedded/4.8 2013q4/bin/../lib/gcc/arm-none-eabi/4.8.3/../../../../arm-none-eabi/lib/armv7-m\libc.a(lib_a-bsearch.o)
                0x08011810                bsearch
 .text.__errno  0x08011854        0xc c:/program files/gnu tools arm embedded/4.8 2013q4/bin/../lib/gcc/arm-none-eabi/4.8.3/../../../../arm-none-eabi/lib/armv7-m\libc.a(lib_a-errno.o)
                0x08011854                __errno
 .text.__libc_init_array
                0x08011860       0x50 c:/program files/gnu tools arm embedded/4.8 2013q4/bin/../lib/gcc/arm-none-eabi/4.8.3/../../../../arm-none-eabi/lib/armv7-m\libc.a(lib_a-init.o)
                0x08011860                __libc_init_array
 .text.memset   0x080118b0       0x94 c:/program files/gnu tools arm embedded/4.8 2013q4/bin/../lib/gcc/arm-none-eabi/4.8.3/../../../../arm-none-eabi/lib/armv7-m\libc.a(lib_a-memset.o)
                0x080118b0                memset
 .text.strcat   0x08011944       0x4c c:/program files/gnu tools arm embedded/4.8 2013q4/bin/../lib/gcc/arm-none-eabi/4.8.3/../../../../arm-none-eabi/lib/armv7-m\libc.a(lib_a-strcat.o)
                0x08011944                strcat
 .text.strchr   0x08011990       0xf4 c:/program files/gnu tools arm embedded/4.8 2013q4/bin/../lib/gcc/arm-none-eabi/4.8.3/../../../../arm-none-eabi/lib/armv7-m\libc.a(lib_a-strchr.o)
                0x08011990                strchr
 .text.strcpy   0x08011a84       0xbc c:/program files/gnu tools arm embedded/4.8 2013q4/bin/../lib/gcc/arm-none-eabi/4.8.3/../../../../arm-none-eabi/lib/armv7-m\libc.a(lib_a-strcpy.o)
                0x08011a84                strcpy
 .text.strlen   0x08011b40       0x60 c:/program files/gnu tools arm embedded/4.8 2013q4/bin/../lib/gcc/arm-none-eabi/4.8.3/../../../../arm-none-eabi/lib/armv7-m\libc.a(lib_a-strlen.o)
                0x08011b40                strlen
 .text.strncasecmp
                0x08011ba0       0x50 c:/program files/gnu tools arm embedded/4.8 2013q4/bin/../lib/gcc/arm-none-eabi/4.8.3/../../../../arm-none-eabi/lib/armv7-m\libc.a(lib_a-strncasecmp.o)
                0x08011ba0                strncasecmp
 .text.strncpy  0x08011bf0       0x64 c:/program files/gnu tools arm embedded/4.8 2013q4/bin/../lib/gcc/arm-none-eabi/4.8.3/../../../../arm-none-eabi/lib/armv7-m\libc.a(lib_a-strncpy.o)
                0x08011bf0                strncpy
 .text.critical_factorization
                0x08011c54       0xbc c:/program files/gnu tools arm embedded/4.8 2013q4/bin/../lib/gcc/arm-none-eabi/4.8.3/../../../../arm-none-eabi/lib/armv7-m\libc.a(lib_a-strstr.o)
 .text.two_way_long_needle
                0x08011d10      0x1ec c:/program files/gnu tools arm embedded/4.8 2013q4/bin/../lib/gcc/arm-none-eabi/4.8.3/../../../../arm-none-eabi/lib/armv7-m\libc.a(lib_a-strstr.o)
 .text.strstr   0x08011efc      0x200 c:/program files/gnu tools arm embedded/4.8 2013q4/bin/../lib/gcc/arm-none-eabi/4.8.3/../../../../arm-none-eabi/lib/armv7-m\libc.a(lib_a-strstr.o)
                0x08011efc                strstr
 .text.strtok   0x080120fc       0x10 c:/program files/gnu tools arm embedded/4.8 2013q4/bin/../lib/gcc/arm-none-eabi/4.8.3/../../../../arm-none-eabi/lib/armv7-m\libc.a(lib_a-strtok.o)
                0x080120fc                strtok
 .text.__strtok_r
                0x0801210c       0x64 c:/program files/gnu tools arm embedded/4.8 2013q4/bin/../lib/gcc/arm-none-eabi/4.8.3/../../../../arm-none-eabi/lib/armv7-m\libc.a(lib_a-strtok_r.o)
                0x0801210c                __strtok_r
 .text._strtol_r
                0x08012170      0x114 c:/program files/gnu tools arm embedded/4.8 2013q4/bin/../lib/gcc/arm-none-eabi/4.8.3/../../../../arm-none-eabi/lib/armv7-m\libc.a(lib_a-strtol.o)
                0x08012170                _strtol_r
 .text.strtol   0x08012284       0x18 c:/program files/gnu tools arm embedded/4.8 2013q4/bin/../lib/gcc/arm-none-eabi/4.8.3/../../../../arm-none-eabi/lib/armv7-m\libc.a(lib_a-strtol.o)
                0x08012284                strtol
 .text.startup.register_fini
                0x0801229c       0x14 c:/program files/gnu tools arm embedded/4.8 2013q4/bin/../lib/gcc/arm-none-eabi/4.8.3/../../../../arm-none-eabi/lib/armv7-m\libc.a(lib_a-__call_atexit.o)
 .text.atexit   0x080122b0        0xc c:/program files/gnu tools arm embedded/4.8 2013q4/bin/../lib/gcc/arm-none-eabi/4.8.3/../../../../arm-none-eabi/lib/armv7-m\libc.a(lib_a-atexit.o)
                0x080122b0                atexit
 .text.__libc_fini_array
                0x080122bc       0x30 c:/program files/gnu tools arm embedded/4.8 2013q4/bin/../lib/gcc/arm-none-eabi/4.8.3/../../../../arm-none-eabi/lib/armv7-m\libc.a(lib_a-fini.o)
                0x080122bc                __libc_fini_array
 .text.memchr   0x080122ec       0x94 c:/program files/gnu tools arm embedded/4.8 2013q4/bin/../lib/gcc/arm-none-eabi/4.8.3/../../../../arm-none-eabi/lib/armv7-m\libc.a(lib_a-memchr-stub.o)
                0x080122ec                memchr
 .text.memcmp   0x08012380       0x68 c:/program files/gnu tools arm embedded/4.8 2013q4/bin/../lib/gcc/arm-none-eabi/4.8.3/../../../../arm-none-eabi/lib/armv7-m\libc.a(lib_a-memcmp.o)
                0x08012380                memcmp
 .text.__register_exitproc
                0x080123e8       0xa8 c:/program files/gnu tools arm embedded/4.8 2013q4/bin/../lib/gcc/arm-none-eabi/4.8.3/../../../../arm-none-eabi/lib/armv7-m\libc.a(lib_a-__atexit.o)
                0x080123e8                __register_exitproc
 *(.rodata)
 .rodata        0x08012490        0x8 config.o
 .rodata        0x08012498       0x10 drv_system.o
 *(.rodata*)
 .rodata.airPPM
                0x080124a8        0xc drv_pwm.o
 .rodata.multiPPM
                0x080124b4        0xc drv_pwm.o
 .rodata.airPWM
                0x080124c0        0xf drv_pwm.o
 *fill*         0x080124cf        0x1 
 .rodata.hardwareMaps
                0x080124d0       0x10 drv_pwm.o
 .rodata.multiPWM
                0x080124e0        0xf drv_pwm.o
 *fill*         0x080124ef        0x1 
 .rodata.timerHardware
                0x080124f0       0xe0 drv_timer.o
                0x080124f0                timerHardware
 .rodata.timers
                0x080125d0       0x10 drv_timer.o
 .rodata.channels
                0x080125e0        0x4 drv_timer.o
 .rodata.CSWTCH.20
                0x080125e4       0x16 buzzer.o
 *fill*         0x080125fa        0x2 
 .rodata.featureNames
                0x080125fc       0x40 cli.o
 .rodata.mixerNames
                0x0801263c       0x5c cli.o
 .rodata.cmdTable
                0x08012698       0xc0 cli.o
                0x08012698                cmdTable
 .rodata.accNames
                0x08012758       0x1c cli.o
 .rodata.str1.1
                0x08012774      0xdd0 cli.o
                                0xe42 (size before relaxing)
 .rodata.sensorNames
                0x08013544       0x20 cli.o
 .rodata.valueTable
                0x08013564      0x820 cli.o
                0x08013564                valueTable
 .rodata.rcChannelLetters
                0x08013d84        0x9 config.o
                0x08013d84                rcChannelLetters
 .rodata.str1.1
                0x08013d8d        0x9 config.o
 .rodata.str1.1
                0x08013d96       0xda gps.o
                                 0xdb (size before relaxing)
 .rodata.ubloxInit
                0x08013e70       0x8c gps.o
 .rodata.gpsInitData
                0x08013efc       0x3c gps.o
 .rodata.str1.1
                0x08013f38        0x8 main.o
 .rodata.mixerOctoFlatX
                0x08013f40       0x80 mixer.o
 .rodata.mixerTri
                0x08013fc0       0x30 mixer.o
 .rodata.mixerHex6H
                0x08013ff0       0x60 mixer.o
 .rodata.mixerY6
                0x08014050       0x60 mixer.o
 .rodata.mixers
                0x080140b0       0xb8 mixer.o
                0x080140b0                mixers
 .rodata.mixerOctoFlatP
                0x08014168       0x80 mixer.o
 .rodata.mixerQuadX
                0x080141e8       0x40 mixer.o
 .rodata.mixerHex6P
                0x08014228       0x60 mixer.o
 .rodata.mixerY4
                0x08014288       0x40 mixer.o
 .rodata.mixerVtail4
                0x080142c8       0x40 mixer.o
 .rodata.mixerDualcopter
                0x08014308       0x20 mixer.o
 .rodata.mixerQuadP
                0x08014328       0x40 mixer.o
 .rodata.mixerHex6X
                0x08014368       0x60 mixer.o
 .rodata.mixerOctoX8
                0x080143c8       0x80 mixer.o
 .rodata.mixerBi
                0x08014448       0x20 mixer.o
 .rodata.str1.1
                0x08014468       0x4a sensors.o
 .rodata.pidnames
                0x080144b2       0x30 serial.o
 .rodata.str1.1
                0x080144e2       0xaf serial.o
 *fill*         0x08014591        0x3 
 .rodata.softSerialVTable
                0x08014594       0x14 drv_softserial.o
                0x08014594                softSerialVTable
 .rodata.uartVTable
                0x080145a8       0x14 drv_uart.o
                0x080145a8                uartVTable
 .rodata.TWO23  0x080145bc        0x8 c:/program files/gnu tools arm embedded/4.8 2013q4/bin/../lib/gcc/arm-none-eabi/4.8.3/../../../../arm-none-eabi/lib/armv7-m\libm.a(lib_a-sf_lrint.o)
 .rodata.str1.4
                0x080145c4        0x5 c:/program files/gnu tools arm embedded/4.8 2013q4/bin/../lib/gcc/arm-none-eabi/4.8.3/../../../../arm-none-eabi/lib/armv7-m\libm.a(lib_a-wf_pow.o)
                                  0x8 (size before relaxing)
 *fill*         0x080145c9        0x3 
 .rodata.str1.4
                0x080145cc        0x6 c:/program files/gnu tools arm embedded/4.8 2013q4/bin/../lib/gcc/arm-none-eabi/4.8.3/../../../../arm-none-eabi/lib/armv7-m\libm.a(lib_a-wf_sqrt.o)
                                  0x8 (size before relaxing)
 *fill*         0x080145d2        0x2 
 .rodata.dp_h   0x080145d4        0x8 c:/program files/gnu tools arm embedded/4.8 2013q4/bin/../lib/gcc/arm-none-eabi/4.8.3/../../../../arm-none-eabi/lib/armv7-m\libm.a(lib_a-ef_pow.o)
 .rodata.dp_l   0x080145dc        0x8 c:/program files/gnu tools arm embedded/4.8 2013q4/bin/../lib/gcc/arm-none-eabi/4.8.3/../../../../arm-none-eabi/lib/armv7-m\libm.a(lib_a-ef_pow.o)
 .rodata.bp     0x080145e4        0x8 c:/program files/gnu tools arm embedded/4.8 2013q4/bin/../lib/gcc/arm-none-eabi/4.8.3/../../../../arm-none-eabi/lib/armv7-m\libm.a(lib_a-ef_pow.o)
 .rodata.str1.4
                0x00000000        0x6 c:/program files/gnu tools arm embedded/4.8 2013q4/bin/../lib/gcc/arm-none-eabi/4.8.3/../../../../arm-none-eabi/lib/armv7-m\libm.a(lib_a-ef_pow.o)
                                  0x4 (size before relaxing)
 .rodata.npio2_hw
                0x080145ec       0x80 c:/program files/gnu tools arm embedded/4.8 2013q4/bin/../lib/gcc/arm-none-eabi/4.8.3/../../../../arm-none-eabi/lib/armv7-m\libm.a(lib_a-ef_rem_pio2.o)
 .rodata.two_over_pi
                0x0801466c      0x318 c:/program files/gnu tools arm embedded/4.8 2013q4/bin/../lib/gcc/arm-none-eabi/4.8.3/../../../../arm-none-eabi/lib/armv7-m\libm.a(lib_a-ef_rem_pio2.o)
 .rodata.init_jk
                0x08014984        0xc c:/program files/gnu tools arm embedded/4.8 2013q4/bin/../lib/gcc/arm-none-eabi/4.8.3/../../../../arm-none-eabi/lib/armv7-m\libm.a(lib_a-kf_rem_pio2.o)
 .rodata.PIo2   0x08014990       0x2c c:/program files/gnu tools arm embedded/4.8 2013q4/bin/../lib/gcc/arm-none-eabi/4.8.3/../../../../arm-none-eabi/lib/armv7-m\libm.a(lib_a-kf_rem_pio2.o)
 *fill*         0x080149bc        0x4 
 .rodata.TWO52  0x080149c0       0x10 c:/program files/gnu tools arm embedded/4.8 2013q4/bin/../lib/gcc/arm-none-eabi/4.8.3/../../../../arm-none-eabi/lib/armv7-m\libm.a(lib_a-s_rint.o)
 .rodata.atanlo
                0x080149d0       0x10 c:/program files/gnu tools arm embedded/4.8 2013q4/bin/../lib/gcc/arm-none-eabi/4.8.3/../../../../arm-none-eabi/lib/armv7-m\libm.a(lib_a-sf_atan.o)
 .rodata.atanhi
                0x080149e0       0x10 c:/program files/gnu tools arm embedded/4.8 2013q4/bin/../lib/gcc/arm-none-eabi/4.8.3/../../../../arm-none-eabi/lib/armv7-m\libm.a(lib_a-sf_atan.o)
 .rodata._ctype_
                0x080149f0      0x104 c:/program files/gnu tools arm embedded/4.8 2013q4/bin/../lib/gcc/arm-none-eabi/4.8.3/../../../../arm-none-eabi/lib/armv7-m\libc.a(lib_a-ctype_.o)
                0x080149f0                _ctype_
 .rodata.str1.4
                0x08014af4        0x4 c:/program files/gnu tools arm embedded/4.8 2013q4/bin/../lib/gcc/arm-none-eabi/4.8.3/../../../../arm-none-eabi/lib/armv7-m\libc.a(lib_a-impure.o)
 .rodata._global_impure_ptr
                0x08014af8        0x4 c:/program files/gnu tools arm embedded/4.8 2013q4/bin/../lib/gcc/arm-none-eabi/4.8.3/../../../../arm-none-eabi/lib/armv7-m\libc.a(lib_a-impure.o)
                0x08014af8                _global_impure_ptr
 *(.glue_7)
 .glue_7        0x00000000        0x0 linker stubs
 *(.glue_7t)
 .glue_7t       0x00000000        0x0 linker stubs
 *(.eh_frame)
 .eh_frame      0x08014afc        0x0 c:/program files/gnu tools arm embedded/4.8 2013q4/bin/../lib/gcc/arm-none-eabi/4.8.3/armv7-m/crtbegin.o
 *(.init)
 .init          0x08014afc        0x4 c:/program files/gnu tools arm embedded/4.8 2013q4/bin/../lib/gcc/arm-none-eabi/4.8.3/armv7-m/crti.o
                0x08014afc                _init
 .init          0x08014b00        0x8 c:/program files/gnu tools arm embedded/4.8 2013q4/bin/../lib/gcc/arm-none-eabi/4.8.3/armv7-m/crtn.o
 *(.fini)
 .fini          0x08014b08        0x4 c:/program files/gnu tools arm embedded/4.8 2013q4/bin/../lib/gcc/arm-none-eabi/4.8.3/armv7-m/crti.o
                0x08014b08                _fini
 .fini          0x08014b0c        0x8 c:/program files/gnu tools arm embedded/4.8 2013q4/bin/../lib/gcc/arm-none-eabi/4.8.3/armv7-m/crtn.o
                0x08014b14                . = ALIGN (0x4)
                0x08014b14                _etext = .

.vfp11_veneer   0x08014b14        0x0
 .vfp11_veneer  0x00000000        0x0 linker stubs

.v4_bx          0x08014b14        0x0
 .v4_bx         0x00000000        0x0 linker stubs

.iplt           0x08014b14        0x0
 .iplt          0x00000000        0x0 c:/program files/gnu tools arm embedded/4.8 2013q4/bin/../lib/gcc/arm-none-eabi/4.8.3/armv7-m/crtbegin.o

.rel.dyn        0x08014b14        0x0
 .rel.iplt      0x00000000        0x0 c:/program files/gnu tools arm embedded/4.8 2013q4/bin/../lib/gcc/arm-none-eabi/4.8.3/armv7-m/crtbegin.o

.ARM.extab
 *(.ARM.extab* .gnu.linkonce.armextab.*)

.ARM            0x08014b14        0x0
                0x08014b14                __exidx_start = .
 *(.ARM.exidx*)
                0x08014b14                __exidx_end = .

.preinit_array  0x08014b14        0x0
                0x08014b14                PROVIDE (__preinit_array_start, .)
 *(.preinit_array*)
                0x08014b14                PROVIDE (__preinit_array_end, .)

.init_array     0x08014b14        0x8
                0x08014b14                PROVIDE (__init_array_start, .)
 *(SORT(.init_array.*))
 .init_array.00000
                0x08014b14        0x4 c:/program files/gnu tools arm embedded/4.8 2013q4/bin/../lib/gcc/arm-none-eabi/4.8.3/../../../../arm-none-eabi/lib/armv7-m\libc.a(lib_a-__call_atexit.o)
 *(.init_array*)
 .init_array    0x08014b18        0x4 c:/program files/gnu tools arm embedded/4.8 2013q4/bin/../lib/gcc/arm-none-eabi/4.8.3/armv7-m/crtbegin.o
                0x08014b1c                PROVIDE (__init_array_end, .)

.fini_array     0x08014b1c        0x4
                0x08014b1c                PROVIDE (__fini_array_start, .)
 *(.fini_array*)
 .fini_array    0x08014b1c        0x4 c:/program files/gnu tools arm embedded/4.8 2013q4/bin/../lib/gcc/arm-none-eabi/4.8.3/armv7-m/crtbegin.o
 *(SORT(.fini_array.*))
                0x08014b20                PROVIDE (__fini_array_end, .)
                0x08014b20                _sidata = .

.data           0x20000000      0x5b4 load address 0x08014b20
                0x20000000                . = ALIGN (0x4)
                0x20000000                _sdata = .
 *(.data)
 *(.data*)
 .data.accAlign
                0x20000000        0x1 drv_adxl345.o
 .data.accAlign
                0x20000001        0x1 drv_bma280.o
 *fill*         0x20000002        0x2 
 .data.magGain  0x20000004        0xc drv_hmc5883l.o
 .data.magAlign
                0x20000010        0x1 drv_hmc5883l.o
 .data.accAlign
                0x20000011        0x1 drv_mma845x.o
 .data.mpuLowPassFilter
                0x20000012        0x1 drv_mpu3050.o
 .data.gyroAlign
                0x20000013        0x1 drv_mpu3050.o
 .data.accAlign
                0x20000014        0x1 drv_mpu6050.o
 .data.mpuLowPassFilter
                0x20000015        0x1 drv_mpu6050.o
 .data.gyroAlign
                0x20000016        0x1 drv_mpu6050.o
 .data.gyroAlign
                0x20000017        0x1 drv_l3g4200d.o
 .data.failsafeThreshold
                0x20000018        0x2 drv_pwm.o
 *fill*         0x2000001a        0x2 
 .data.GPS_scaleLonDown
                0x2000001c        0x4 gps.o
 .data.EstN.9417
                0x20000020        0xc imu.o
 .data.servo    0x2000002c       0x10 mixer.o
                0x2000002c                servo
 .data.GPSNavReset.9497
                0x2000003c        0x1 mw.o
 *fill*         0x2000003d        0x3 
 .data.pid_controller
                0x20000040        0x4 mw.o
                0x20000040                pid_controller
 .data.batteryCellCount
                0x20000044        0x1 mw.o
                0x20000044                batteryCellCount
 *fill*         0x20000045        0x1 
 .data.acc_1G   0x20000046        0x2 sensors.o
                0x20000046                acc_1G
 .data.boxes    0x20000048      0x108 serial.o
                0x20000048                boxes
 .data.standardBoardAlignment
                0x20000150        0x1 utils.o
 .data.AHBPrescTable
                0x20000151       0x10 system_stm32f10x.o
                0x20000151                AHBPrescTable
 *fill*         0x20000161        0x3 
 .data.hse_value
                0x20000164        0x4 system_stm32f10x.o
                0x20000164                hse_value
 .data.SystemCoreClock
                0x20000168        0x4 system_stm32f10x.o
                0x20000168                SystemCoreClock
 .data.ADCPrescTable
                0x2000016c        0x4 stm32f10x_rcc.o
 .data.APBAHBPrescTable
                0x20000170       0x10 stm32f10x_rcc.o
 .data.__fdlib_version
                0x20000180        0x1 c:/program files/gnu tools arm embedded/4.8 2013q4/bin/../lib/gcc/arm-none-eabi/4.8.3/../../../../arm-none-eabi/lib/armv7-m\libm.a(lib_a-s_lib_ver.o)
                0x20000180                __fdlib_version
 *fill*         0x20000181        0x3 
 .data.__ctype_ptr__
                0x20000184        0x4 c:/program files/gnu tools arm embedded/4.8 2013q4/bin/../lib/gcc/arm-none-eabi/4.8.3/../../../../arm-none-eabi/lib/armv7-m\libc.a(lib_a-ctype_.o)
                0x20000184                __ctype_ptr__
 .data.impure_data
                0x20000188      0x428 c:/program files/gnu tools arm embedded/4.8 2013q4/bin/../lib/gcc/arm-none-eabi/4.8.3/../../../../arm-none-eabi/lib/armv7-m\libc.a(lib_a-impure.o)
 .data._impure_ptr
                0x200005b0        0x4 c:/program files/gnu tools arm embedded/4.8 2013q4/bin/../lib/gcc/arm-none-eabi/4.8.3/../../../../arm-none-eabi/lib/armv7-m\libc.a(lib_a-impure.o)
                0x200005b0                _impure_ptr
                0x200005b4                . = ALIGN (0x4)
                0x200005b4                _edata = .

.jcr            0x200005b4        0x0 load address 0x080150d4
 .jcr           0x200005b4        0x0 c:/program files/gnu tools arm embedded/4.8 2013q4/bin/../lib/gcc/arm-none-eabi/4.8.3/armv7-m/crtbegin.o

.igot.plt       0x200005b4        0x0 load address 0x080150d4
 .igot.plt      0x00000000        0x0 c:/program files/gnu tools arm embedded/4.8 2013q4/bin/../lib/gcc/arm-none-eabi/4.8.3/armv7-m/crtbegin.o
                0x200005b4                . = ALIGN (0x4)

.bss            0x200005b4     0x18b0 load address 0x080150d4
                0x200005b4                _sbss = .
                0x200005b4                __bss_start__ = _sbss
 *(.bss)
 .bss           0x200005b4       0x1c c:/program files/gnu tools arm embedded/4.8 2013q4/bin/../lib/gcc/arm-none-eabi/4.8.3/armv7-m/crtbegin.o
 *(.bss*)
 .bss.adcValues
                0x200005d0        0x4 drv_adc.o
 .bss.useFifo   0x200005d4        0x1 drv_adxl345.o
 .bss.acc_samples
                0x200005d5        0x1 drv_adxl345.o
                0x200005d5                acc_samples
 .bss.convDone  0x200005d6        0x1 drv_bmp085.o
 *fill*         0x200005d7        0x1 
 .bss.convOverrun
                0x200005d8        0x2 drv_bmp085.o
 *fill*         0x200005da        0x2 
 .bss.bmp085    0x200005dc       0x24 drv_bmp085.o
 .bss.bmp085_up
                0x20000600        0x4 drv_bmp085.o
 .bss.bmp085InitDone
                0x20000604        0x1 drv_bmp085.o
 *fill*         0x20000605        0x1 
 .bss.bmp085_ut
                0x20000606        0x2 drv_bmp085.o
 .bss.ms5611_up
                0x20000608        0x4 drv_ms5611.o
 .bss.ms5611_ut
                0x2000060c        0x4 drv_ms5611.o
 .bss.ms5611_c  0x20000610       0x10 drv_ms5611.o
 .bss.device_id
                0x20000620        0x1 drv_mma845x.o
 .bss.mpuAccelHalf
                0x20000621        0x1 drv_mpu6050.o
 .bss.mpuLowPassFilter
                0x20000622        0x1 drv_l3g4200d.o
 *fill*         0x20000623        0x1 
 .bss.now.8967  0x20000624        0x2 drv_pwm.o
 .bss.captures  0x20000626       0x10 drv_pwm.o
 *fill*         0x20000636        0x2 
 .bss.pwmPorts  0x20000638       0xe0 drv_pwm.o
 .bss.numInputs
                0x20000718        0x1 drv_pwm.o
 .bss.numMotors
                0x20000719        0x1 drv_pwm.o
 .bss.last.8968
                0x2000071a        0x2 drv_pwm.o
 .bss.chan.8969
                0x2000071c        0x1 drv_pwm.o
 .bss.GoodPulses.8970
                0x2000071d        0x1 drv_pwm.o
 .bss.numServos
                0x2000071e        0x1 drv_pwm.o
 *fill*         0x2000071f        0x1 
 .bss.pwmWritePtr
                0x20000720        0x4 drv_pwm.o
 .bss.motors    0x20000724       0x30 drv_pwm.o
 .bss.servos    0x20000754       0x20 drv_pwm.o
 .bss.hexairbotChannelData
                0x20000774       0x20 hexairbot.o
 .bss.hexairbotFrameDone
                0x20000794        0x1 hexairbot.o
 .bss.icnt.9340
                0x20000795        0x1 buzzer.o
 .bss.buzzerIsOn
                0x20000796        0x1 buzzer.o
 .bss.warn_failsafe.9330
                0x20000797        0x1 buzzer.o
 .bss.beepDone  0x20000798        0x1 buzzer.o
 .bss.beeperOnBox.9328
                0x20000799        0x1 buzzer.o
 .bss.warn_noGPSfix.9329
                0x2000079a        0x1 buzzer.o
 *fill*         0x2000079b        0x1 
 .bss.buzzerLastToggleTime
                0x2000079c        0x4 buzzer.o
 .bss.cliBuffer
                0x200007a0       0x30 cli.o
 .bss.bufferIndex
                0x200007d0        0x4 cli.o
 .bss.enabledSensors
                0x200007d4        0x4 config.o
 .bss.GPS_filter
                0x200007d8       0x28 gps.o
 .bss.frame.9625
                0x20000800        0x1 gps.o
 *fill*         0x20000801        0x3 
 .bss.nav_loopTimer.9489
                0x20000804        0x4 gps.o
 .bss._msg_id   0x20000808        0x1 gps.o
 *fill*         0x20000809        0x3 
 .bss.poshold_ratePID
                0x2000080c       0x28 gps.o
 .bss.rate_error
                0x20000834        0x4 gps.o
 .bss.GPS_filtered
                0x20000838        0x8 gps.o
 .bss.crosstrack_error
                0x20000840        0x2 gps.o
 .bss.speed_old.9541
                0x20000842        0x4 gps.o
 *fill*         0x20000846        0x2 
 .bss.navPID_PARAM
                0x20000848       0x10 gps.o
 .bss.string.9623
                0x20000858        0xf gps.o
 *fill*         0x20000867        0x1 
 .bss.posholdPID
                0x20000868       0x28 gps.o
 .bss._payload_counter
                0x20000890        0x2 gps.o
 *fill*         0x20000892        0x2 
 .bss.posholdPID_PARAM
                0x20000894       0x10 gps.o
 .bss._ck_a     0x200008a4        0x1 gps.o
 .bss._ck_b     0x200008a5        0x1 gps.o
 .bss.param.9620
                0x200008a6        0x1 gps.o
 .bss._new_position
                0x200008a7        0x1 gps.o
 .bss._payload_length
                0x200008a8        0x2 gps.o
 .bss.nav_takeoff_bearing
                0x200008aa        0x2 gps.o
 .bss.nav_bearing
                0x200008ac        0x4 gps.o
 .bss.GPS_WP    0x200008b0        0x8 gps.o
 .bss.offset.9621
                0x200008b8        0x1 gps.o
 *fill*         0x200008b9        0x1 
 .bss.fraction3
                0x200008ba        0x4 gps.o
 .bss.init.9543
                0x200008be        0x1 gps.o
 *fill*         0x200008bf        0x1 
 .bss.poshold_ratePID_PARAM
                0x200008c0       0x10 gps.o
 .bss.dTnav     0x200008d0        0x4 gps.o
 .bss.GPS_degree
                0x200008d4        0x8 gps.o
 .bss.actual_speed
                0x200008dc        0x4 gps.o
 .bss._step     0x200008e0        0x1 gps.o
 *fill*         0x200008e1        0x3 
 .bss.navPID    0x200008e4       0x28 gps.o
 .bss.target_bearing
                0x2000090c        0x4 gps.o
 .bss.GPS_filter_sum
                0x20000910        0x8 gps.o
 .bss.wp_distance
                0x20000918        0x4 gps.o
 .bss.original_target_bearing
                0x2000091c        0x4 gps.o
 .bss._class    0x20000920        0x1 gps.o
 .bss._new_speed
                0x20000921        0x1 gps.o
 .bss.checksum_param.9624
                0x20000922        0x1 gps.o
 *fill*         0x20000923        0x1 
 .bss.GPS_read  0x20000924        0x8 gps.o
 .bss.next_fix  0x2000092c        0x1 gps.o
 *fill*         0x2000092d        0x3 
 .bss.last.9542
                0x20000930        0x8 gps.o
 .bss.waypoint_speed_gov
                0x20000938        0x2 gps.o
 .bss.parity.9622
                0x2000093a        0x1 gps.o
 *fill*         0x2000093b        0x1 
 .bss.error     0x2000093c        0x8 gps.o
 .bss.GPS_filter_index
                0x20000944        0x1 gps.o
 *fill*         0x20000945        0x3 
 .bss._buffer   0x20000948       0xc8 gps.o
 .bss.baroGroundAltitude.9452
                0x20000a10        0x4 imu.o
 .bss.baroTemperature
                0x20000a14        0x4 imu.o
                0x20000a14                baroTemperature
 .bss.accZ_old.9448
                0x20000a18        0x4 imu.o
 .bss.previousT.9419
                0x20000a1c        0x4 imu.o
 .bss.gyroZero  0x20000a20        0x6 imu.o
                0x20000a20                gyroZero
 .bss.accZ_25deg
                0x20000a26        0x2 imu.o
                0x20000a26                accZ_25deg
 .bss.magneticDeclination
                0x20000a28        0x4 imu.o
                0x20000a28                magneticDeclination
 .bss.previousT.9437
                0x20000a2c        0x4 imu.o
 .bss.gyroData  0x20000a30        0x6 imu.o
                0x20000a30                gyroData
 .bss.throttleAngleCorrection
                0x20000a36        0x2 imu.o
                0x20000a36                throttleAngleCorrection
 .bss.accLPF.9418
                0x20000a38        0xc imu.o
 .bss.angle     0x20000a44        0x4 imu.o
                0x20000a44                angle
 .bss.accZoffset.9393
                0x20000a48        0x4 imu.o
 .bss.BaroAlt   0x20000a4c        0x4 imu.o
                0x20000a4c                BaroAlt
 .bss.baroPressure
                0x20000a50        0x4 imu.o
                0x20000a50                baroPressure
 .bss.errorAltitudeI
                0x20000a54        0x4 imu.o
                0x20000a54                errorAltitudeI
 .bss.EstM.9416
                0x20000a58        0xc imu.o
 .bss.accSumCount
                0x20000a64        0x4 imu.o
                0x20000a64                accSumCount
 .bss.accz_smooth.9394
                0x20000a68        0x4 imu.o
 .bss.anglerad  0x20000a6c        0x8 imu.o
                0x20000a6c                anglerad
 .bss.BaroPID   0x20000a74        0x4 imu.o
                0x20000a74                BaroPID
 .bss.lastBaroAlt.9451
                0x20000a78        0x4 imu.o
 .bss.vario     0x20000a7c        0x4 imu.o
                0x20000a7c                vario
 .bss.baroPressureSum
                0x20000a80        0x4 imu.o
                0x20000a80                baroPressureSum
 .bss.gyroYawSmooth.9349
                0x20000a84        0x2 imu.o
 *fill*         0x20000a86        0x2 
 .bss.vel.9449  0x20000a88        0x4 imu.o
 .bss.accTimeSum
                0x20000a8c        0x4 imu.o
                0x20000a8c                accTimeSum
 .bss.accAlt.9450
                0x20000a90        0x4 imu.o
 .bss.baroGroundPressure.9453
                0x20000a94        0x4 imu.o
 .bss.numberMotor
                0x20000a98        0x1 mixer.o
 *fill*         0x20000a99        0x1 
 .bss.slow_LFlaps.9404
                0x20000a9a        0x2 mixer.o
 .bss.currentMixer
                0x20000a9c       0xc0 mixer.o
 .bss.rcTime.9493
                0x20000b5c        0x4 mw.o
 .bss.errorGyroI
                0x20000b60        0xc mw.o
 .bss.vbatTimer.9391
                0x20000b6c        0x1 mw.o
 *fill*         0x20000b6d        0x1 
 .bss.AccInflightCalibrationMeasurementDone
                0x20000b6e        0x2 mw.o
                0x20000b6e                AccInflightCalibrationMeasurementDone
 .bss.failsafeCnt
                0x20000b70        0x2 mw.o
                0x20000b70                failsafeCnt
 *fill*         0x20000b72        0x2 
 .bss.delta2.9455
                0x20000b74        0xc mw.o
 .bss.delta1.9454
                0x20000b80        0xc mw.o
 .bss.GPS_ground_course
                0x20000b8c        0x2 mw.o
                0x20000b8c                GPS_ground_course
 .bss.AccInflightCalibrationSavetoEEProm
                0x20000b8e        0x2 mw.o
                0x20000b8e                AccInflightCalibrationSavetoEEProm
 .bss.buzzerFreq.9390
                0x20000b90        0x1 mw.o
 .bss.nav_mode  0x20000b91        0x1 mw.o
                0x20000b91                nav_mode
 .bss.InflightcalibratingA
                0x20000b92        0x2 mw.o
                0x20000b92                InflightcalibratingA
 .bss.delta2.9469
                0x20000b94        0xc mw.o
 .bss.rcSticks.9490
                0x20000ba0        0x1 mw.o
 *fill*         0x20000ba1        0x3 
 .bss.calibratedAccTime.9384
                0x20000ba4        0x4 mw.o
 .bss.initialThrottleHold.9494
                0x20000ba8        0x2 mw.o
 .bss.isAltHoldChanged.9527
                0x20000baa        0x1 mw.o
 .bss.rc4ValuesIndex.9420
                0x20000bab        0x1 mw.o
 .bss.AltHoldCorr.9528
                0x20000bac        0x2 mw.o
 *fill*         0x20000bae        0x2 
 .bss.previousTime
                0x20000bb0        0x4 mw.o
                0x20000bb0                previousTime
 .bss.ind.9392  0x20000bb4        0x1 mw.o
 *fill*         0x20000bb5        0x1 
 .bss.vbatRawArray.9394
                0x20000bb6       0x10 mw.o
 .bss.rcDataMean.9419
                0x20000bc6       0x10 mw.o
 *fill*         0x20000bd6        0x2 
 .bss.loopTime.9495
                0x20000bd8        0x4 mw.o
 .bss.GPS_update
                0x20000bdc        0x1 mw.o
                0x20000bdc                GPS_update
 *fill*         0x20000bdd        0x3 
 .bss.lastError.9473
                0x20000be0        0xc mw.o
 .bss.toggleBeep
                0x20000bec        0x1 mw.o
                0x20000bec                toggleBeep
 *fill*         0x20000bed        0x3 
 .bss.rcReadRawFunc
                0x20000bf0        0x4 mw.o
                0x20000bf0                rcReadRawFunc
 .bss.rcData4Values.9418
                0x20000bf4       0x40 mw.o
 .bss.lastGyro.9453
                0x20000c34        0x6 mw.o
 *fill*         0x20000c3a        0x2 
 .bss.delta1.9468
                0x20000c3c        0xc mw.o
 .bss.GPS_angle
                0x20000c48        0x4 mw.o
                0x20000c48                GPS_angle
 .bss.cycleTime
                0x20000c4c        0x2 mw.o
                0x20000c4c                cycleTime
 .bss.AccInflightCalibrationActive
                0x20000c4e        0x2 mw.o
                0x20000c4e                AccInflightCalibrationActive
 .bss.errorAngleI
                0x20000c50        0x8 mw.o
 .bss.taskOrder.9519
                0x20000c58        0x4 mw.o
 .bss.rcDelayCommand.9489
                0x20000c5c        0x1 mw.o
 *fill*         0x20000c5d        0x1 
 .bss.failsafeEvents
                0x20000c5e        0x2 mw.o
                0x20000c5e                failsafeEvents
 .bss.currentTime
                0x20000c60        0x4 mw.o
                0x20000c60                currentTime
 .bss.GPSLEDTime.9406
                0x20000c64        0x4 mw.o
 .bss.tCal.9435
                0x20000c68        0x4 sensors.o
 .bss.a.9365    0x20000c6c        0xc sensors.o
 .bss.calibratingG
                0x20000c78        0x2 sensors.o
                0x20000c78                calibratingG
 *fill*         0x20000c7a        0x2 
 .bss.g.9414    0x20000c7c        0xc sensors.o
 .bss.calibratingA
                0x20000c88        0x2 sensors.o
                0x20000c88                calibratingA
 *fill*         0x20000c8a        0x2 
 .bss.state.9389
                0x20000c8c        0x4 sensors.o
 .bss.magZeroTempMax.9437
                0x20000c90        0x6 sensors.o
 .bss.accZero_saved.9371
                0x20000c96        0x6 sensors.o
 .bss.magZeroTempMin.9436
                0x20000c9c        0x6 sensors.o
 .bss.angleTrim_saved.9372
                0x20000ca2        0x4 sensors.o
 *fill*         0x20000ca6        0x2 
 .bss.baroDeadline.9388
                0x20000ca8        0x4 sensors.o
 .bss.var.9415  0x20000cac       0x3c sensors.o
 .bss.accHardware
                0x20000ce8        0x1 sensors.o
                0x20000ce8                accHardware
 *fill*         0x20000ce9        0x3 
 .bss.baroHistIdx.9383
                0x20000cec        0x4 sensors.o
 .bss.magInit   0x20000cf0        0x1 sensors.o
 *fill*         0x20000cf1        0x3 
 .bss.b.9370    0x20000cf4        0xc sensors.o
 .bss.t.9434    0x20000d00        0x4 sensors.o
 .bss.calibratingB
                0x20000d04        0x2 sensors.o
                0x20000d04                calibratingB
 *fill*         0x20000d06        0x2 
 .bss.baroHistTab.9382
                0x20000d08       0xc0 sensors.o
 .bss.t.9332    0x20000dc8        0x1 serial.o
 .bss.checksum  0x20000dc9        0x1 serial.o
 .bss.indRX     0x20000dca        0x1 serial.o
 .bss.t.9336    0x20000dcb        0x1 serial.o
 .bss.numberBoxItems
                0x20000dcc        0x1 serial.o
 .bss.c_state.9550
                0x20000dcd        0x1 serial.o
 .bss.dataSize.9542
                0x20000dce        0x1 serial.o
 .bss.cmdMSP    0x20000dcf        0x1 serial.o
 .bss.offset.9541
                0x20000dd0        0x1 serial.o
 .bss.availableBoxes