Archive member included because of file (symbol)

/Users/imac/Develop/stm32f4/arm_gcc/gcc-arm-none-eabi-4_7-2013q3/bin/../lib/gcc/arm-none-eabi/4.7.4/../../../../arm-none-eabi/lib/armv7-m/libm.a(lib_a-sf_cos.o)
                              obj/SKYROVER/gps.o (cosf)
/Users/imac/Develop/stm32f4/arm_gcc/gcc-arm-none-eabi-4_7-2013q3/bin/../lib/gcc/arm-none-eabi/4.7.4/../../../../arm-none-eabi/lib/armv7-m/libm.a(lib_a-sf_lrint.o)
                              obj/SKYROVER/imu.o (lrintf)
/Users/imac/Develop/stm32f4/arm_gcc/gcc-arm-none-eabi-4_7-2013q3/bin/../lib/gcc/arm-none-eabi/4.7.4/../../../../arm-none-eabi/lib/armv7-m/libm.a(lib_a-sf_sin.o)
                              obj/SKYROVER/gps.o (sinf)
/Users/imac/Develop/stm32f4/arm_gcc/gcc-arm-none-eabi-4_7-2013q3/bin/../lib/gcc/arm-none-eabi/4.7.4/../../../../arm-none-eabi/lib/armv7-m/libm.a(lib_a-wf_atan2.o)
                              obj/SKYROVER/gps.o (atan2f)
/Users/imac/Develop/stm32f4/arm_gcc/gcc-arm-none-eabi-4_7-2013q3/bin/../lib/gcc/arm-none-eabi/4.7.4/../../../../arm-none-eabi/lib/armv7-m/libm.a(lib_a-wf_pow.o)
                              obj/SKYROVER/imu.o (powf)
/Users/imac/Develop/stm32f4/arm_gcc/gcc-arm-none-eabi-4_7-2013q3/bin/../lib/gcc/arm-none-eabi/4.7.4/../../../../arm-none-eabi/lib/armv7-m/libm.a(lib_a-wf_sqrt.o)
                              obj/SKYROVER/gps.o (sqrtf)
/Users/imac/Develop/stm32f4/arm_gcc/gcc-arm-none-eabi-4_7-2013q3/bin/../lib/gcc/arm-none-eabi/4.7.4/../../../../arm-none-eabi/lib/armv7-m/libm.a(lib_a-ef_atan2.o)
                              /Users/imac/Develop/stm32f4/arm_gcc/gcc-arm-none-eabi-4_7-2013q3/bin/../lib/gcc/arm-none-eabi/4.7.4/../../../../arm-none-eabi/lib/armv7-m/libm.a(lib_a-wf_atan2.o) (__ieee754_atan2f)
/Users/imac/Develop/stm32f4/arm_gcc/gcc-arm-none-eabi-4_7-2013q3/bin/../lib/gcc/arm-none-eabi/4.7.4/../../../../arm-none-eabi/lib/armv7-m/libm.a(lib_a-ef_pow.o)
                              /Users/imac/Develop/stm32f4/arm_gcc/gcc-arm-none-eabi-4_7-2013q3/bin/../lib/gcc/arm-none-eabi/4.7.4/../../../../arm-none-eabi/lib/armv7-m/libm.a(lib_a-wf_pow.o) (__ieee754_powf)
/Users/imac/Develop/stm32f4/arm_gcc/gcc-arm-none-eabi-4_7-2013q3/bin/../lib/gcc/arm-none-eabi/4.7.4/../../../../arm-none-eabi/lib/armv7-m/libm.a(lib_a-ef_rem_pio2.o)
                              /Users/imac/Develop/stm32f4/arm_gcc/gcc-arm-none-eabi-4_7-2013q3/bin/../lib/gcc/arm-none-eabi/4.7.4/../../../../arm-none-eabi/lib/armv7-m/libm.a(lib_a-sf_cos.o) (__ieee754_rem_pio2f)
/Users/imac/Develop/stm32f4/arm_gcc/gcc-arm-none-eabi-4_7-2013q3/bin/../lib/gcc/arm-none-eabi/4.7.4/../../../../arm-none-eabi/lib/armv7-m/libm.a(lib_a-ef_sqrt.o)
                              /Users/imac/Develop/stm32f4/arm_gcc/gcc-arm-none-eabi-4_7-2013q3/bin/../lib/gcc/arm-none-eabi/4.7.4/../../../../arm-none-eabi/lib/armv7-m/libm.a(lib_a-wf_sqrt.o) (__ieee754_sqrtf)
/Users/imac/Develop/stm32f4/arm_gcc/gcc-arm-none-eabi-4_7-2013q3/bin/../lib/gcc/arm-none-eabi/4.7.4/../../../../arm-none-eabi/lib/armv7-m/libm.a(lib_a-kf_cos.o)
                              /Users/imac/Develop/stm32f4/arm_gcc/gcc-arm-none-eabi-4_7-2013q3/bin/../lib/gcc/arm-none-eabi/4.7.4/../../../../arm-none-eabi/lib/armv7-m/libm.a(lib_a-sf_cos.o) (__kernel_cosf)
/Users/imac/Develop/stm32f4/arm_gcc/gcc-arm-none-eabi-4_7-2013q3/bin/../lib/gcc/arm-none-eabi/4.7.4/../../../../arm-none-eabi/lib/armv7-m/libm.a(lib_a-kf_rem_pio2.o)
                              /Users/imac/Develop/stm32f4/arm_gcc/gcc-arm-none-eabi-4_7-2013q3/bin/../lib/gcc/arm-none-eabi/4.7.4/../../../../arm-none-eabi/lib/armv7-m/libm.a(lib_a-ef_rem_pio2.o) (__kernel_rem_pio2f)
/Users/imac/Develop/stm32f4/arm_gcc/gcc-arm-none-eabi-4_7-2013q3/bin/../lib/gcc/arm-none-eabi/4.7.4/../../../../arm-none-eabi/lib/armv7-m/libm.a(lib_a-kf_sin.o)
                              /Users/imac/Develop/stm32f4/arm_gcc/gcc-arm-none-eabi-4_7-2013q3/bin/../lib/gcc/arm-none-eabi/4.7.4/../../../../arm-none-eabi/lib/armv7-m/libm.a(lib_a-sf_cos.o) (__kernel_sinf)
/Users/imac/Develop/stm32f4/arm_gcc/gcc-arm-none-eabi-4_7-2013q3/bin/../lib/gcc/arm-none-eabi/4.7.4/../../../../arm-none-eabi/lib/armv7-m/libm.a(lib_a-s_lib_ver.o)
                              /Users/imac/Develop/stm32f4/arm_gcc/gcc-arm-none-eabi-4_7-2013q3/bin/../lib/gcc/arm-none-eabi/4.7.4/../../../../arm-none-eabi/lib/armv7-m/libm.a(lib_a-wf_pow.o) (__fdlib_version)
/Users/imac/Develop/stm32f4/arm_gcc/gcc-arm-none-eabi-4_7-2013q3/bin/../lib/gcc/arm-none-eabi/4.7.4/../../../../arm-none-eabi/lib/armv7-m/libm.a(lib_a-s_matherr.o)
                              /Users/imac/Develop/stm32f4/arm_gcc/gcc-arm-none-eabi-4_7-2013q3/bin/../lib/gcc/arm-none-eabi/4.7.4/../../../../arm-none-eabi/lib/armv7-m/libm.a(lib_a-wf_pow.o) (matherr)
/Users/imac/Develop/stm32f4/arm_gcc/gcc-arm-none-eabi-4_7-2013q3/bin/../lib/gcc/arm-none-eabi/4.7.4/../../../../arm-none-eabi/lib/armv7-m/libm.a(lib_a-s_rint.o)
[...]
Memory Configuration

Name             Origin             Length             Attributes
FLASH            0x0000000008003000 0x000000000001cc00 xr
RAM              0x0000000020000000 0x0000000000005000 xrw
MEMORY_B1        0x0000000060000000 0x0000000000000000 xr
*default*        0x0000000000000000 0xffffffffffffffff

Linker script and memory map

LOAD /Users/imac/Develop/stm32f4/arm_gcc/gcc-arm-none-eabi-4_7-2013q3/bin/../lib/gcc/arm-none-eabi/4.7.4/armv7-m/crti.o
LOAD /Users/imac/Develop/stm32f4/arm_gcc/gcc-arm-none-eabi-4_7-2013q3/bin/../lib/gcc/arm-none-eabi/4.7.4/armv7-m/crtbegin.o
LOAD /Users/imac/Develop/stm32f4/arm_gcc/gcc-arm-none-eabi-4_7-2013q3/bin/../lib/gcc/arm-none-eabi/4.7.4/../../../../arm-none-eabi/lib/armv7-m/crt0.o
LOAD obj/SKYROVER/drv_adc.o
LOAD obj/SKYROVER/drv_adxl345.o
LOAD obj/SKYROVER/drv_bma280.o
LOAD obj/SKYROVER/drv_bmp085.o
LOAD obj/SKYROVER/drv_ms5611.o
LOAD obj/SKYROVER/drv_hcsr04.o
LOAD obj/SKYROVER/drv_hmc5883l.o
LOAD obj/SKYROVER/drv_ledring.o
LOAD obj/SKYROVER/drv_mma845x.o
LOAD obj/SKYROVER/drv_mpu3050.o
LOAD obj/SKYROVER/drv_mpu6050.o
LOAD obj/SKYROVER/drv_l3g4200d.o
LOAD obj/SKYROVER/drv_pwm.o
LOAD obj/SKYROVER/drv_spi.o
LOAD obj/SKYROVER/drv_timer.o
LOAD obj/SKYROVER/hexairbot.o
LOAD obj/SKYROVER/startup_stm32f10x_md_gcc.o
LOAD obj/SKYROVER/buzzer.o
LOAD obj/SKYROVER/cli.o
LOAD obj/SKYROVER/config.o
LOAD obj/SKYROVER/gps.o
LOAD obj/SKYROVER/imu.o
LOAD obj/SKYROVER/main.o
LOAD obj/SKYROVER/mixer.o
LOAD obj/SKYROVER/mw.o
LOAD obj/SKYROVER/sensors.o
LOAD obj/SKYROVER/serial.o
LOAD obj/SKYROVER/sbus.o
LOAD obj/SKYROVER/sumd.o
LOAD obj/SKYROVER/spektrum.o
LOAD obj/SKYROVER/telemetry.o
LOAD obj/SKYROVER/drv_gpio.o
LOAD obj/SKYROVER/drv_i2c.o
LOAD obj/SKYROVER/drv_i2c_soft.o
LOAD obj/SKYROVER/drv_system.o
LOAD obj/SKYROVER/drv_serial.o
LOAD obj/SKYROVER/drv_softserial.o
LOAD obj/SKYROVER/drv_uart.o
LOAD obj/SKYROVER/drv_vcom.o
LOAD obj/SKYROVER/drv_vcom_q.o
LOAD obj/SKYROVER/printf.o
LOAD obj/SKYROVER/utils.o
LOAD obj/SKYROVER/system_stm32f10x.o
LOAD obj/SKYROVER/misc.o
LOAD obj/SKYROVER/stm32f10x_adc.o
LOAD obj/SKYROVER/stm32f10x_bkp.o
LOAD obj/SKYROVER/stm32f10x_can.o
LOAD obj/SKYROVER/stm32f10x_cec.o
LOAD obj/SKYROVER/stm32f10x_crc.o
LOAD obj/SKYROVER/stm32f10x_dac.o
LOAD obj/SKYROVER/stm32f10x_dbgmcu.o
LOAD obj/SKYROVER/stm32f10x_dma.o
LOAD obj/SKYROVER/stm32f10x_exti.o
LOAD obj/SKYROVER/stm32f10x_flash.o
LOAD obj/SKYROVER/stm32f10x_fsmc.o
LOAD obj/SKYROVER/stm32f10x_gpio.o
LOAD obj/SKYROVER/stm32f10x_i2c.o
LOAD obj/SKYROVER/stm32f10x_iwdg.o
LOAD obj/SKYROVER/stm32f10x_pwr.o
LOAD obj/SKYROVER/stm32f10x_rcc.o
LOAD obj/SKYROVER/stm32f10x_rtc.o
LOAD obj/SKYROVER/stm32f10x_sdio.o
LOAD obj/SKYROVER/stm32f10x_spi.o
LOAD obj/SKYROVER/stm32f10x_tim.o
LOAD obj/SKYROVER/stm32f10x_usart.o
LOAD obj/SKYROVER/stm32f10x_wwdg.o
LOAD obj/SKYROVER/croutine.o
LOAD obj/SKYROVER/list.o
LOAD obj/SKYROVER/queue.o
LOAD obj/SKYROVER/tasks.o
LOAD obj/SKYROVER/timers.o
LOAD obj/SKYROVER/cmsis_os.o
LOAD obj/SKYROVER/heap_2.o
LOAD obj/SKYROVER/port.o
LOAD obj/SKYROVER/usb_core.o
LOAD obj/SKYROVER/usb_init.o
LOAD obj/SKYROVER/usb_int.o
LOAD obj/SKYROVER/usb_mem.o
LOAD obj/SKYROVER/usb_regs.o
LOAD obj/SKYROVER/usb_sil.o
LOAD obj/SKYROVER/hw_config.o
LOAD obj/SKYROVER/usb_desc.o
LOAD obj/SKYROVER/usb_endp.o
LOAD obj/SKYROVER/usb_istr.o
LOAD obj/SKYROVER/usb_prop.o
LOAD obj/SKYROVER/usb_pwr.o
LOAD /Users/imac/Develop/stm32f4/arm_gcc/gcc-arm-none-eabi-4_7-2013q3/bin/../lib/gcc/arm-none-eabi/4.7.4/../../../../arm-none-eabi/lib/armv7-m/libm.a
START GROUP
LOAD /Users/imac/Develop/stm32f4/arm_gcc/gcc-arm-none-eabi-4_7-2013q3/bin/../lib/gcc/arm-none-eabi/4.7.4/armv7-m/libgcc.a
LOAD /Users/imac/Develop/stm32f4/arm_gcc/gcc-arm-none-eabi-4_7-2013q3/bin/../lib/gcc/arm-none-eabi/4.7.4/../../../../arm-none-eabi/lib/armv7-m/libc.a
END GROUP
LOAD /Users/imac/Develop/stm32f4/arm_gcc/gcc-arm-none-eabi-4_7-2013q3/bin/../lib/gcc/arm-none-eabi/4.7.4/armv7-m/crtend.o
LOAD /Users/imac/Develop/stm32f4/arm_gcc/gcc-arm-none-eabi-4_7-2013q3/bin/../lib/gcc/arm-none-eabi/4.7.4/armv7-m/crtn.o
                0x0000000020005000                _estack = 0x20005000
                0x0000000000000000                _Min_Heap_Size = 0x0
                0x0000000000000400                _Min_Stack_Size = 0x400

.isr_vector     0x0000000008003000      0x10c
                0x0000000008003000                . = ALIGN (0x4)
 *(.isr_vector)
 .isr_vector    0x0000000008003000      0x10c obj/SKYROVER/startup_stm32f10x_md_gcc.o
                0x0000000008003000                g_pfnVectors
                0x000000000800310c                . = ALIGN (0x4)

.text           0x0000000008003110    0x14fe4
                0x0000000008003110                . = ALIGN (0x4)
 *(.text)
 .text          0x0000000008003110       0x54 /Users/imac/Develop/stm32f4/arm_gcc/gcc-arm-none-eabi-4_7-2013q3/bin/../lib/gcc/arm-none-eabi/4.7.4/armv7-m/crtbegin.o
 .text          0x0000000008003164      0x370 /Users/imac/Develop/stm32f4/arm_gcc/gcc-arm-none-eabi-4_7-2013q3/bin/../lib/gcc/arm-none-eabi/4.7.4/armv7-m/libgcc.a(_arm_addsubdf3.o)
                0x0000000008003164                __aeabi_drsub
                0x000000000800316c                __subdf3
                0x000000000800316c                __aeabi_dsub
                0x0000000008003170                __aeabi_dadd
                0x0000000008003170                __adddf3
                0x00000000080033e8                __aeabi_ui2d
                0x00000000080033e8                __floatunsidf
                0x0000000008003408                __floatsidf
                0x0000000008003408                __aeabi_i2d
                0x000000000800342c                __extendsfdf2
                0x000000000800342c                __aeabi_f2d
                0x0000000008003468                __aeabi_ul2d
                0x0000000008003468                __floatundidf
                0x0000000008003478                __aeabi_l2d
                0x0000000008003478                __floatdidf
 .text          0x00000000080034d4      0x424 /Users/imac/Develop/stm32f4/arm_gcc/gcc-arm-none-eabi-4_7-2013q3/bin/../lib/gcc/arm-none-eabi/4.7.4/armv7-m/libgcc.a(_arm_muldivdf3.o)
                0x00000000080034d4                __aeabi_dmul
                0x00000000080034d4                __muldf3
                0x0000000008003728                __aeabi_ddiv
                0x0000000008003728                __divdf3
 .text          0x00000000080038f8      0x110 /Users/imac/Develop/stm32f4/arm_gcc/gcc-arm-none-eabi-4_7-2013q3/bin/../lib/gcc/arm-none-eabi/4.7.4/armv7-m/libgcc.a(_arm_cmpdf2.o)
                0x00000000080038f8                __gtdf2
                0x00000000080038f8                __gedf2
                0x0000000008003900                __ltdf2
                0x0000000008003900                __ledf2
                0x0000000008003908                __eqdf2
                0x0000000008003908                __nedf2
                0x0000000008003908                __cmpdf2
                0x0000000008003984                __aeabi_cdrcmple
                0x0000000008003994                __aeabi_cdcmple
                0x0000000008003994                __aeabi_cdcmpeq
                0x00000000080039a4                __aeabi_dcmpeq
                0x00000000080039b8                __aeabi_dcmplt
                0x00000000080039cc                __aeabi_dcmple
                0x00000000080039e0                __aeabi_dcmpge
                0x00000000080039f4                __aeabi_dcmpgt
 .text          0x0000000008003a08       0xa0 /Users/imac/Develop/stm32f4/arm_gcc/gcc-arm-none-eabi-4_7-2013q3/bin/../lib/gcc/arm-none-eabi/4.7.4/armv7-m/libgcc.a(_arm_truncdfsf2.o)
                0x0000000008003a08                __aeabi_d2f
                0x0000000008003a08                __truncdfsf2
 .text          0x0000000008003aa8      0x21c /Users/imac/Develop/stm32f4/arm_gcc/gcc-arm-none-eabi-4_7-2013q3/bin/../lib/gcc/arm-none-eabi/4.7.4/armv7-m/libgcc.a(_arm_addsubsf3.o)
                0x0000000008003aa8                __aeabi_frsub
                0x0000000008003ab0                __aeabi_fsub
                0x0000000008003ab0                __subsf3
                0x0000000008003ab4                __aeabi_fadd
                0x0000000008003ab4                __addsf3
                0x0000000008003c14                __aeabi_ui2f
                0x0000000008003c14                __floatunsisf
                0x0000000008003c1c                __floatsisf
                0x0000000008003c1c                __aeabi_i2f
                0x0000000008003c38                __aeabi_ul2f
                0x0000000008003c38                __floatundisf
                0x0000000008003c48                __aeabi_l2f
                0x0000000008003c48                __floatdisf
 .text          0x0000000008003cc4      0x2a0 /Users/imac/Develop/stm32f4/arm_gcc/gcc-arm-none-eabi-4_7-2013q3/bin/../lib/gcc/arm-none-eabi/4.7.4/armv7-m/libgcc.a(_arm_muldivsf3.o)
                0x0000000008003cc4                __mulsf3
                0x0000000008003cc4                __aeabi_fmul
                0x0000000008003e2c                __divsf3
                0x0000000008003e2c                __aeabi_fdiv
 .text          0x0000000008003f64       0xec /Users/imac/Develop/stm32f4/arm_gcc/gcc-arm-none-eabi-4_7-2013q3/bin/../lib/gcc/arm-none-eabi/4.7.4/armv7-m/libgcc.a(_arm_cmpsf2.o)
                0x0000000008003f64                __gesf2
                0x0000000008003f64                __gtsf2
                0x0000000008003f6c                __ltsf2
                0x0000000008003f6c                __lesf2
                0x0000000008003f74                __nesf2
                0x0000000008003f74                __eqsf2
                0x0000000008003f74                __cmpsf2
                0x0000000008003fd4                __aeabi_cfrcmple
                0x0000000008003fdc                __aeabi_cfcmpeq
                0x0000000008003fdc                __aeabi_cfcmple
                0x0000000008003fec                __aeabi_fcmpeq
                0x0000000008004000                __aeabi_fcmplt
                0x0000000008004014                __aeabi_fcmple
                0x0000000008004028                __aeabi_fcmpge
                0x000000000800403c                __aeabi_fcmpgt
 .text          0x0000000008004050       0x4c /Users/imac/Develop/stm32f4/arm_gcc/gcc-arm-none-eabi-4_7-2013q3/bin/../lib/gcc/arm-none-eabi/4.7.4/armv7-m/libgcc.a(_arm_fixsfsi.o)
                0x0000000008004050                __fixsfsi
                0x0000000008004050                __aeabi_f2iz
 .text          0x000000000800409c       0x40 /Users/imac/Develop/stm32f4/arm_gcc/gcc-arm-none-eabi-4_7-2013q3/bin/../lib/gcc/arm-none-eabi/4.7.4/armv7-m/libgcc.a(_arm_fixunssfsi.o)
                0x000000000800409c                __aeabi_f2uiz
                0x000000000800409c                __fixunssfsi
 *(.text*)
 .text.adcInit  0x00000000080040dc       0xec obj/SKYROVER/drv_adc.o
                0x00000000080040dc                adcInit
 .text.adcGetChannel
                0x00000000080041c8       0x10 obj/SKYROVER/drv_adc.o
                0x00000000080041c8                adcGetChannel
 .text.adxl345Read
                0x00000000080041d8       0xe0 obj/SKYROVER/drv_adxl345.o
 .text.adxl345Init
                0x00000000080042b8       0x64 obj/SKYROVER/drv_adxl345.o
 .text.adxl345Detect
                0x000000000800431c       0x58 obj/SKYROVER/drv_adxl345.o
                0x000000000800431c                adxl345Detect
 .text.bma280Read
                0x0000000008004374       0x58 obj/SKYROVER/drv_bma280.o
 .text.bma280Init
                0x00000000080043cc       0x30 obj/SKYROVER/drv_bma280.o
 .text.bma280Detect
                0x00000000080043fc       0x38 obj/SKYROVER/drv_bma280.o
                0x00000000080043fc                bma280Detect
 .text.bmp085_calculate
                0x0000000008004434       0xe0 obj/SKYROVER/drv_bmp085.o
 .text.bmp085_get_up
                0x0000000008004514       0x54 obj/SKYROVER/drv_bmp085.o
 .text.bmp085_get_ut
                0x0000000008004568       0x3c obj/SKYROVER/drv_bmp085.o
 .text.bmp085_start_up
                0x00000000080045a4       0x24 obj/SKYROVER/drv_bmp085.o
 .text.bmp085_start_ut
                0x00000000080045c8       0x14 obj/SKYROVER/drv_bmp085.o
 .text.EXTI15_10_IRQHandler
                0x00000000080045dc       0x24 obj/SKYROVER/drv_bmp085.o
                0x00000000080045dc                EXTI15_10_IRQHandler
 .text.bmp085Detect
                0x0000000008004600      0x1dc obj/SKYROVER/drv_bmp085.o
                0x0000000008004600                bmp085Detect
 .text.ms5611_calculate
                0x00000000080047dc      0x150 obj/SKYROVER/drv_ms5611.o
 .text.ms5611_read_adc
                0x000000000800492c       0x24 obj/SKYROVER/drv_ms5611.o
 .text.ms5611_get_up
                0x0000000008004950       0x10 obj/SKYROVER/drv_ms5611.o
 .text.ms5611_get_ut
                0x0000000008004960       0x10 obj/SKYROVER/drv_ms5611.o
 .text.ms5611_start_up
                0x0000000008004970        0xa obj/SKYROVER/drv_ms5611.o
 .text.ms5611_start_ut
                0x000000000800497a        0xa obj/SKYROVER/drv_ms5611.o
 .text.ms5611Detect
                0x0000000008004984      0x13c obj/SKYROVER/drv_ms5611.o
                0x0000000008004984                ms5611Detect
 .text.hmc5883lDetect
                0x0000000008004ac0       0x34 obj/SKYROVER/drv_hmc5883l.o
                0x0000000008004ac0                hmc5883lDetect
 .text.hmc5883lRead
                0x0000000008004af4       0x8c obj/SKYROVER/drv_hmc5883l.o
                0x0000000008004af4                hmc5883lRead
 .text.hmc5883lInit
                0x0000000008004b80      0x1b4 obj/SKYROVER/drv_hmc5883l.o
                0x0000000008004b80                hmc5883lInit
 .text.mma8452Read
                0x0000000008004d34       0x6c obj/SKYROVER/drv_mma845x.o
 .text.mma8452Init
                0x0000000008004da0       0x8c obj/SKYROVER/drv_mma845x.o
 .text.mma8452Detect
                0x0000000008004e2c       0x5c obj/SKYROVER/drv_mma845x.o
                0x0000000008004e2c                mma8452Detect
 .text.mpu3050ReadTemp
                0x0000000008004e88       0x30 obj/SKYROVER/drv_mpu3050.o
 .text.mpu3050Read
                0x0000000008004eb8       0x68 obj/SKYROVER/drv_mpu3050.o
 .text.mpu3050Init
                0x0000000008004f20       0x5c obj/SKYROVER/drv_mpu3050.o
 .text.mpu3050Detect
                0x0000000008004f7c       0x78 obj/SKYROVER/drv_mpu3050.o
                0x0000000008004f7c                mpu3050Detect
 .text.mpu6050AccInit
                0x0000000008004ff4       0x28 obj/SKYROVER/drv_mpu6050.o
 .text.mpu6050GyroRead
                0x000000000800501c       0x68 obj/SKYROVER/drv_mpu6050.o
 .text.mpu6050AccRead
                0x0000000008005084       0x54 obj/SKYROVER/drv_mpu6050.o
 .text.mpu6050GyroInit
                0x00000000080050d8       0xa8 obj/SKYROVER/drv_mpu6050.o
 .text.mpu6050Detect
                0x0000000008005180      0x128 obj/SKYROVER/drv_mpu6050.o
                0x0000000008005180                mpu6050Detect
 .text.l3g4200dRead
                0x00000000080052a8       0x68 obj/SKYROVER/drv_l3g4200d.o
 .text.l3g4200dInit
                0x0000000008005310       0x44 obj/SKYROVER/drv_l3g4200d.o
 .text.l3g4200dDetect
                0x0000000008005354       0x64 obj/SKYROVER/drv_l3g4200d.o
                0x0000000008005354                l3g4200dDetect
 .text.pwmWriteBrushed
                0x00000000080053b8       0x24 obj/SKYROVER/drv_pwm.o
 .text.pwmWriteStandard
                0x00000000080053dc       0x10 obj/SKYROVER/drv_pwm.o
 .text.pwmOutConfig
                0x00000000080053ec      0x134 obj/SKYROVER/drv_pwm.o
 .text.ppmCallback
                0x0000000008005520       0x8c obj/SKYROVER/drv_pwm.o
 .text.pwmICConfig
                0x00000000080055ac       0x30 obj/SKYROVER/drv_pwm.o
                0x00000000080055ac                pwmICConfig
 .text.pwmInConfig
                0x00000000080055dc       0x64 obj/SKYROVER/drv_pwm.o
 .text.pwmCallback
                0x0000000008005640       0x60 obj/SKYROVER/drv_pwm.o
 .text.pwmInit  0x00000000080056a0      0x160 obj/SKYROVER/drv_pwm.o
                0x00000000080056a0                pwmInit
 .text.pwmWriteMotor
                0x0000000008005800       0x1c obj/SKYROVER/drv_pwm.o
                0x0000000008005800                pwmWriteMotor
 .text.pwmWriteServo
                0x000000000800581c       0x1c obj/SKYROVER/drv_pwm.o
                0x000000000800581c                pwmWriteServo
 .text.pwmRead  0x0000000008005838        0xc obj/SKYROVER/drv_pwm.o
                0x0000000008005838                pwmRead
 .text.spiTransfer
                0x0000000008005844       0x54 obj/SKYROVER/drv_spi.o
                0x0000000008005844                spiTransfer
 .text.spiInit  0x0000000008005898       0xf8 obj/SKYROVER/drv_spi.o
                0x0000000008005898                spiInit
 .text.configureTimerChannelCallback
                0x0000000008005990       0x4c obj/SKYROVER/drv_timer.o
                0x0000000008005990                configureTimerChannelCallback
 .text.configureTimerInputCaptureCompareChannel
                0x00000000080059dc       0x2c obj/SKYROVER/drv_timer.o
                0x00000000080059dc                configureTimerInputCaptureCompareChannel
 .text.configureTimerCaptureCompareInterrupt
                0x0000000008005a08       0x1e obj/SKYROVER/drv_timer.o
                0x0000000008005a08                configureTimerCaptureCompareInterrupt
 .text.timerNVICConfig
                0x0000000008005a26       0x1e obj/SKYROVER/drv_timer.o
                0x0000000008005a26                timerNVICConfig
 .text.configTimeBase
                0x0000000008005a44       0x44 obj/SKYROVER/drv_timer.o
                0x0000000008005a44                configTimeBase
 .text.timerInConfig
                0x0000000008005a88       0x1c obj/SKYROVER/drv_timer.o
                0x0000000008005a88                timerInConfig
 .text.findTimerConfig
                0x0000000008005aa4       0x40 obj/SKYROVER/drv_timer.o
                0x0000000008005aa4                findTimerConfig
 .text.timCCxHandler
                0x0000000008005ae4       0x9e obj/SKYROVER/drv_timer.o
 *fill*         0x0000000008005b82        0x2 00
 .text.TIM1_CC_IRQHandler
                0x0000000008005b84        0xc obj/SKYROVER/drv_timer.o
                0x0000000008005b84                TIM1_CC_IRQHandler
 .text.TIM2_IRQHandler
                0x0000000008005b90        0x8 obj/SKYROVER/drv_timer.o
                0x0000000008005b90                TIM2_IRQHandler
 .text.TIM3_IRQHandler
                0x0000000008005b98        0xc obj/SKYROVER/drv_timer.o
                0x0000000008005b98                TIM3_IRQHandler
 .text.TIM4_IRQHandler
                0x0000000008005ba4        0xc obj/SKYROVER/drv_timer.o
                0x0000000008005ba4                TIM4_IRQHandler
 .text.hexairbotReadRawRC
                0x0000000008005bb0        0xc obj/SKYROVER/hexairbot.o
 .text.hexairbotInit
                0x0000000008005bbc       0x18 obj/SKYROVER/hexairbot.o
                0x0000000008005bbc                hexairbotInit
 .text.hexairbotSetData
                0x0000000008005bd4       0x1c obj/SKYROVER/hexairbot.o
                0x0000000008005bd4                hexairbotSetData
 .text.hexairbotFrameComplete
                0x0000000008005bf0       0x14 obj/SKYROVER/hexairbot.o
                0x0000000008005bf0                hexairbotFrameComplete
 .text.Reset_Handler
                0x0000000008005c04       0xb0 obj/SKYROVER/startup_stm32f10x_md_gcc.o
                0x0000000008005c04                Reset_Handler
 .text.Default_Handler
                0x0000000008005cb4        0x4 obj/SKYROVER/startup_stm32f10x_md_gcc.o
                0x0000000008005cb4                BusFault_Handler
                0x0000000008005cb4                DebugMon_Handler
                0x0000000008005cb4                PVD_IRQHandler
                0x0000000008005cb4                NMI_Handler
                0x0000000008005cb4                EXTI3_IRQHandler
                0x0000000008005cb4                EXTI0_IRQHandler
                0x0000000008005cb4                UsageFault_Handler
                0x0000000008005cb4                ADC1_2_IRQHandler
                0x0000000008005cb4                SPI1_IRQHandler
                0x0000000008005cb4                TAMPER_IRQHandler
                0x0000000008005cb4                USART3_IRQHandler
                0x0000000008005cb4                RTC_IRQHandler
                0x0000000008005cb4                DMA1_Channel7_IRQHandler
                0x0000000008005cb4                CAN1_RX1_IRQHandler
                0x0000000008005cb4                DMA1_Channel6_IRQHandler
                0x0000000008005cb4                RCC_IRQHandler
                0x0000000008005cb4                TIM1_TRG_COM_IRQHandler
                0x0000000008005cb4                DMA1_Channel1_IRQHandler
                0x0000000008005cb4                Default_Handler
                0x0000000008005cb4                EXTI9_5_IRQHandler
                0x0000000008005cb4                SPI2_IRQHandler
                0x0000000008005cb4                MemManage_Handler
                0x0000000008005cb4                DMA1_Channel5_IRQHandler
                0x0000000008005cb4                EXTI4_IRQHandler
                0x0000000008005cb4                USB_HP_CAN1_TX_IRQHandler
                0x0000000008005cb4                DMA1_Channel3_IRQHandler
                0x0000000008005cb4                TIM1_UP_IRQHandler
                0x0000000008005cb4                WWDG_IRQHandler
                0x0000000008005cb4                TIM1_BRK_IRQHandler
                0x0000000008005cb4                EXTI1_IRQHandler
                0x0000000008005cb4                RTCAlarm_IRQHandler
                0x0000000008005cb4                DMA1_Channel2_IRQHandler
                0x0000000008005cb4                CAN1_SCE_IRQHandler
                0x0000000008005cb4                FLASH_IRQHandler
                0x0000000008005cb4                EXTI2_IRQHandler
 .text.beep     0x0000000008005cb8       0x70 obj/SKYROVER/buzzer.o
 .text.beep_code
                0x0000000008005d28       0xa8 obj/SKYROVER/buzzer.o
 .text.buzzer   0x0000000008005dd0      0x120 obj/SKYROVER/buzzer.o
                0x0000000008005dd0                buzzer
 .text.i2a      0x0000000008005ef0       0x28 obj/SKYROVER/cli.o
 .text._atof    0x0000000008005f18      0x12c obj/SKYROVER/cli.o
 .text.cliPrint
                0x0000000008006044       0x1c obj/SKYROVER/cli.o
 .text.cliVersion
                0x0000000008006060        0xc obj/SKYROVER/cli.o
 .text.cliHelp  0x000000000800606c       0x2c obj/SKYROVER/cli.o
 .text.cliStatus
                0x0000000008006098       0xe4 obj/SKYROVER/cli.o
 .text.cliCompare
                0x000000000800617c       0x1a obj/SKYROVER/cli.o
 *fill*         0x0000000008006196        0x2 00
 .text.cliSave  0x0000000008006198       0x30 obj/SKYROVER/cli.o
 .text.cliMap   0x00000000080061c8       0xa0 obj/SKYROVER/cli.o
 .text.cliGpsPassthrough
                0x0000000008006268       0x20 obj/SKYROVER/cli.o
 .text.cliFeature
                0x0000000008006288       0xec obj/SKYROVER/cli.o
 .text.cliExit  0x0000000008006374       0x38 obj/SKYROVER/cli.o
 .text.cliDefaults
                0x00000000080063ac       0x2c obj/SKYROVER/cli.o
 .text.cliMixer
                0x00000000080063d8       0xa0 obj/SKYROVER/cli.o
 .text.cliProfile
                0x0000000008006478       0x4c obj/SKYROVER/cli.o
 .text.cliMotor
                0x00000000080064c4       0xa8 obj/SKYROVER/cli.o
 .text.cliAux   0x000000000800656c       0x60 obj/SKYROVER/cli.o
 .text.itoa     0x00000000080065cc       0x24 obj/SKYROVER/cli.o
                0x00000000080065cc                itoa
 .text.ftoa     0x00000000080065f0       0xd0 obj/SKYROVER/cli.o
 .text.cliPrintVar
                0x00000000080066c0       0x9c obj/SKYROVER/cli.o
 .text.cliSet   0x000000000800675c      0x154 obj/SKYROVER/cli.o
 .text.cliDump  0x00000000080068b0      0x1b4 obj/SKYROVER/cli.o
 .text.cliCMix  0x0000000008006a64      0x244 obj/SKYROVER/cli.o
 .text.cliProcess
                0x0000000008006ca8      0x1e0 obj/SKYROVER/cli.o
                0x0000000008006ca8                cliProcess
 .text.validEEPROM
                0x0000000008006e88       0x44 obj/SKYROVER/config.o
 .text.parseRcChannels
                0x0000000008006ecc       0x30 obj/SKYROVER/config.o
                0x0000000008006ecc                parseRcChannels
 .text.readEEPROM
                0x0000000008006efc      0x110 obj/SKYROVER/config.o
                0x0000000008006efc                readEEPROM
 .text.writeEEPROM
                0x000000000800700c       0xc8 obj/SKYROVER/config.o
                0x000000000800700c                writeEEPROM
 .text.sensors  0x00000000080070d4       0x14 obj/SKYROVER/config.o
                0x00000000080070d4                sensors
 .text.sensorsSet
                0x00000000080070e8       0x10 obj/SKYROVER/config.o
                0x00000000080070e8                sensorsSet
 .text.sensorsClear
                0x00000000080070f8       0x10 obj/SKYROVER/config.o
                0x00000000080070f8                sensorsClear
 .text.sensorsMask
                0x0000000008007108        0xc obj/SKYROVER/config.o
                0x0000000008007108                sensorsMask
 .text.feature  0x0000000008007114       0x14 obj/SKYROVER/config.o
                0x0000000008007114                feature
 .text.featureSet
                0x0000000008007128       0x10 obj/SKYROVER/config.o
                0x0000000008007128                featureSet
 .text.checkFirstTime
                0x0000000008007138      0x2f4 obj/SKYROVER/config.o
                0x0000000008007138                checkFirstTime
 .text.featureClear
                0x000000000800742c       0x10 obj/SKYROVER/config.o
                0x000000000800742c                featureClear
 .text.featureMask
                0x000000000800743c        0xc obj/SKYROVER/config.o
                0x000000000800743c                featureMask
 .text.GPS_calc_longitude_scaling
                0x0000000008007448       0x3c obj/SKYROVER/gps.o
 .text.gpsSetState
                0x0000000008007484       0x18 obj/SKYROVER/gps.o
 .text.GPS_distance_cm_bearing.isra.1
                0x000000000800749c       0x84 obj/SKYROVER/gps.o
 .text.get_I.isra.2
                0x0000000008007520       0x4e obj/SKYROVER/gps.o
 *fill*         0x000000000800756e        0x2 00
 .text.grab_fields.constprop.6
                0x0000000008007570       0x3c obj/SKYROVER/gps.o
 .text.gpsInitHardware
                0x00000000080075ac       0xd4 obj/SKYROVER/gps.o
                0x00000000080075ac                gpsInitHardware
 .text.gpsThread
                0x0000000008007680       0x78 obj/SKYROVER/gps.o
                0x0000000008007680                gpsThread
 .text.GPS_reset_home_position
                0x00000000080076f8       0x48 obj/SKYROVER/gps.o
                0x00000000080076f8                GPS_reset_home_position
 .text.GPS_reset_nav
                0x0000000008007740       0x5c obj/SKYROVER/gps.o
                0x0000000008007740                GPS_reset_nav
 .text.gpsSetPIDs
                0x000000000800779c       0xa4 obj/SKYROVER/gps.o
                0x000000000800779c                gpsSetPIDs
 .text.gpsInit  0x0000000008007840       0x70 obj/SKYROVER/gps.o
                0x0000000008007840                gpsInit
 .text.gpsSetPassthrough
                0x00000000080078b0       0x78 obj/SKYROVER/gps.o
                0x00000000080078b0                gpsSetPassthrough
 .text.GPS_set_next_wp
                0x0000000008007928       0x88 obj/SKYROVER/gps.o
                0x0000000008007928                GPS_set_next_wp
 .text.wrap_18000
                0x00000000080079b0       0x24 obj/SKYROVER/gps.o
                0x00000000080079b0                wrap_18000
 .text.GPS_coord_to_degrees
                0x00000000080079d4       0xa0 obj/SKYROVER/gps.o
                0x00000000080079d4                GPS_coord_to_degrees
 *fill*         0x0000000008007a74        0x4 00
 .text.gpsNewData
                0x0000000008007a78      0xc00 obj/SKYROVER/gps.o
 .text.calculateHeading
                0x0000000008008678       0xf8 obj/SKYROVER/imu.o
 .text.imuInit  0x0000000008008770       0x58 obj/SKYROVER/imu.o
                0x0000000008008770                imuInit
 .text.rotateV  0x00000000080087c8      0x16e obj/SKYROVER/imu.o
                0x00000000080087c8                rotateV
 .text.applyDeadband
                0x0000000008008936       0x1e obj/SKYROVER/imu.o
                0x0000000008008936                applyDeadband
 *fill*         0x0000000008008954        0x4 00
 .text.acc_calc
                0x0000000008008958      0x190 obj/SKYROVER/imu.o
                0x0000000008008958                acc_calc
 .text.computeIMU
                0x0000000008008ae8      0x340 obj/SKYROVER/imu.o
                0x0000000008008ae8                computeIMU
 .text.accSum_reset
                0x0000000008008e28       0x20 obj/SKYROVER/imu.o
                0x0000000008008e28                accSum_reset
 .text.getEstimatedAltitude
                0x0000000008008e48      0x37c obj/SKYROVER/imu.o
                0x0000000008008e48                getEstimatedAltitude
 .text.Thread_Serial
                0x00000000080091c4       0x44 obj/SKYROVER/main.o
 .text.Thread_Loop
                0x0000000008009208      0x264 obj/SKYROVER/main.o
 .text._putc    0x000000000800946c        0xc obj/SKYROVER/main.o
 .text.startup.main
                0x0000000008009478       0x8c obj/SKYROVER/main.o
                0x0000000008009478                main
 .text.HardFault_Handler
                0x0000000008009504       0x14 obj/SKYROVER/main.o
                0x0000000008009504                HardFault_Handler
 .text.servoMiddle
                0x0000000008009518       0x28 obj/SKYROVER/mixer.o
                0x0000000008009518                servoMiddle
 .text.mixerResetMotors
                0x0000000008009540       0x30 obj/SKYROVER/mixer.o
                0x0000000008009540                mixerResetMotors
 .text.mixerInit
                0x0000000008009570      0x114 obj/SKYROVER/mixer.o
                0x0000000008009570                mixerInit
 .text.mixerLoadMix
                0x0000000008009684       0x4c obj/SKYROVER/mixer.o
                0x0000000008009684                mixerLoadMix
 .text.writeServos
                0x00000000080096d0       0xc0 obj/SKYROVER/mixer.o
                0x00000000080096d0                writeServos
 .text.writeMotors
                0x0000000008009790       0x28 obj/SKYROVER/mixer.o
                0x0000000008009790                writeMotors
 .text.writeAllMotors
                0x00000000080097b8       0x24 obj/SKYROVER/mixer.o
                0x00000000080097b8                writeAllMotors
 .text.mixTable
                0x00000000080097dc      0x644 obj/SKYROVER/mixer.o
                0x00000000080097dc                mixTable
 .text.pidMultiWii
                0x0000000008009e20      0x230 obj/SKYROVER/mw.o
 .text.pidRewrite
                0x000000000800a050      0x164 obj/SKYROVER/mw.o
 .text.blinkLED
                0x000000000800a1b4       0x4c obj/SKYROVER/mw.o
                0x000000000800a1b4                blinkLED
 .text.annexCode
                0x000000000800a200      0x410 obj/SKYROVER/mw.o
                0x000000000800a200                annexCode
 .text.pwmReadRawRC
                0x000000000800a610       0x28 obj/SKYROVER/mw.o
                0x000000000800a610                pwmReadRawRC
 .text.computeRC
                0x000000000800a638       0xa0 obj/SKYROVER/mw.o
                0x000000000800a638                computeRC
 .text.mwArm    0x000000000800a6d8       0x40 obj/SKYROVER/mw.o
                0x000000000800a6d8                mwArm
 .text.mwDisarm
                0x000000000800a718       0x10 obj/SKYROVER/mw.o
                0x000000000800a718                mwDisarm
 .text.setPIDController
                0x000000000800a728       0x1c obj/SKYROVER/mw.o
                0x000000000800a728                setPIDController
 .text.loop     0x000000000800a744      0xafc obj/SKYROVER/mw.o
                0x000000000800a744                loop
 .text.sensorsAutodetect
                0x000000000800b240      0x1d8 obj/SKYROVER/sensors.o
                0x000000000800b240                sensorsAutodetect
 .text.batteryAdcToVoltage
                0x000000000800b418       0x3c obj/SKYROVER/sensors.o
                0x000000000800b418                batteryAdcToVoltage
 .text.batteryInit
                0x000000000800b454       0x58 obj/SKYROVER/sensors.o
                0x000000000800b454                batteryInit
 .text.ACC_getADC
                0x000000000800b4ac      0x1cc obj/SKYROVER/sensors.o
                0x000000000800b4ac                ACC_getADC
 .text.Baro_Common
                0x000000000800b678       0x44 obj/SKYROVER/sensors.o
                0x000000000800b678                Baro_Common
 .text.Baro_update
                0x000000000800b6bc       0x70 obj/SKYROVER/sensors.o
                0x000000000800b6bc                Baro_update
 .text.Gyro_getADC
                0x000000000800b72c      0x198 obj/SKYROVER/sensors.o
                0x000000000800b72c                Gyro_getADC
 .text.Mag_init
                0x000000000800b8c4       0x20 obj/SKYROVER/sensors.o
                0x000000000800b8c4                Mag_init
 .text.Mag_getADC
                0x000000000800b8e4      0x120 obj/SKYROVER/sensors.o
                0x000000000800b8e4                Mag_getADC
 .text.serialize32
                0x000000000800ba04       0x6c obj/SKYROVER/serial.o
                0x000000000800ba04                serialize32
 .text.serialize16
                0x000000000800ba70       0x44 obj/SKYROVER/serial.o
                0x000000000800ba70                serialize16
 .text.serialize8
                0x000000000800bab4       0x20 obj/SKYROVER/serial.o
                0x000000000800bab4                serialize8
 .text.read8    0x000000000800bad4       0x18 obj/SKYROVER/serial.o
                0x000000000800bad4                read8
 .text.read16   0x000000000800baec       0x14 obj/SKYROVER/serial.o
                0x000000000800baec                read16
 .text.read32   0x000000000800bb00       0x12 obj/SKYROVER/serial.o
                0x000000000800bb00                read32
 *fill*         0x000000000800bb12        0x2 00
 .text.headSerialResponse
                0x000000000800bb14       0x40 obj/SKYROVER/serial.o
                0x000000000800bb14                headSerialResponse
 .text.headSerialReply
                0x000000000800bb54        0x8 obj/SKYROVER/serial.o
                0x000000000800bb54                headSerialReply
 .text.headSerialError
                0x000000000800bb5c        0x8 obj/SKYROVER/serial.o
                0x000000000800bb5c                headSerialError
 .text.tailSerialReply
                0x000000000800bb64        0xc obj/SKYROVER/serial.o
                0x000000000800bb64                tailSerialReply
 .text.s_struct
                0x000000000800bb70       0x24 obj/SKYROVER/serial.o
                0x000000000800bb70                s_struct
 .text.serializeNames
                0x000000000800bb94       0x12 obj/SKYROVER/serial.o
                0x000000000800bb94                serializeNames
 *fill*         0x000000000800bba6        0x2 00
 .text.serializeBoxNamesReply
                0x000000000800bba8       0x68 obj/SKYROVER/serial.o
                0x000000000800bba8                serializeBoxNamesReply
 .text.serialInit
                0x000000000800bc10      0x10c obj/SKYROVER/serial.o
                0x000000000800bc10                serialInit
 .text.serialCom
                0x000000000800bd1c      0xbac obj/SKYROVER/serial.o
                0x000000000800bd1c                serialCom
 .text.sbusReadRawRC
                0x000000000800c8c8       0x20 obj/SKYROVER/sbus.o
 .text.sbusDataReceive
                0x000000000800c8e8       0x5c obj/SKYROVER/sbus.o
 .text.sbusInit
                0x000000000800c944       0x5c obj/SKYROVER/sbus.o
                0x000000000800c944                sbusInit
 .text.sbusFrameComplete
                0x000000000800c9a0       0xb0 obj/SKYROVER/sbus.o
                0x000000000800c9a0                sbusFrameComplete
 .text.sumdReadRawRC
                0x000000000800ca50       0x1c obj/SKYROVER/sumd.o
 .text.sumdDataReceive
                0x000000000800ca6c       0x74 obj/SKYROVER/sumd.o
 .text.sumdInit
                0x000000000800cae0       0x30 obj/SKYROVER/sumd.o
                0x000000000800cae0                sumdInit
 .text.sumdFrameComplete
                0x000000000800cb10       0x68 obj/SKYROVER/sumd.o
                0x000000000800cb10                sumdFrameComplete
 .text.spektrumDataReceive
                0x000000000800cb78       0x68 obj/SKYROVER/spektrum.o
 .text.spektrumReadRawRC
                0x000000000800cbe0       0x90 obj/SKYROVER/spektrum.o
 .text.spektrumInit
                0x000000000800cc70       0x68 obj/SKYROVER/spektrum.o
                0x000000000800cc70                spektrumInit
 .text.spektrumFrameComplete
                0x000000000800ccd8        0xc obj/SKYROVER/spektrum.o
                0x000000000800ccd8                spektrumFrameComplete
 .text.sendDataHead
                0x000000000800cce4       0x20 obj/SKYROVER/telemetry.o
 .text.sendTelemetryTail
                0x000000000800cd04       0x10 obj/SKYROVER/telemetry.o
 .text.serializeFrsky
                0x000000000800cd14       0x30 obj/SKYROVER/telemetry.o
 .text.serialize16
                0x000000000800cd44       0x16 obj/SKYROVER/telemetry.o
 *fill*         0x000000000800cd5a        0x2 00
 .text.initTelemetry
                0x000000000800cd5c       0x30 obj/SKYROVER/telemetry.o
                0x000000000800cd5c                initTelemetry
 .text.updateTelemetryState
                0x000000000800cd8c       0x5c obj/SKYROVER/telemetry.o
                0x000000000800cd8c                updateTelemetryState
 .text.sendTelemetry
                0x000000000800cde8      0x30c obj/SKYROVER/telemetry.o
                0x000000000800cde8                sendTelemetry
 .text.gpioInit
                0x000000000800d0f4       0x76 obj/SKYROVER/drv_gpio.o
                0x000000000800d0f4                gpioInit
 *fill*         0x000000000800d16a        0x2 00
 .text.gpioExtiLineConfig
                0x000000000800d16c       0x34 obj/SKYROVER/drv_gpio.o
                0x000000000800d16c                gpioExtiLineConfig
 .text.i2c_ev_handler
                0x000000000800d1a0      0x31c obj/SKYROVER/drv_i2c.o
 .text.I2C1_EV_IRQHandler
                0x000000000800d4bc        0x4 obj/SKYROVER/drv_i2c.o
                0x000000000800d4bc                I2C1_EV_IRQHandler
 .text.I2C2_EV_IRQHandler
                0x000000000800d4c0        0x4 obj/SKYROVER/drv_i2c.o
                0x000000000800d4c0                I2C2_EV_IRQHandler
 .text.i2cInit  0x000000000800d4c4      0x130 obj/SKYROVER/drv_i2c.o
                0x000000000800d4c4                i2cInit
 .text.i2cRead  0x000000000800d5f4       0xc4 obj/SKYROVER/drv_i2c.o
                0x000000000800d5f4                i2cRead
 .text.i2cWriteBuffer
                0x000000000800d6b8       0xc4 obj/SKYROVER/drv_i2c.o
                0x000000000800d6b8                i2cWriteBuffer
 .text.i2cWrite
                0x000000000800d77c       0x10 obj/SKYROVER/drv_i2c.o
                0x000000000800d77c                i2cWrite
 .text.i2c_er_handler
                0x000000000800d78c       0xac obj/SKYROVER/drv_i2c.o
 .text.I2C2_ER_IRQHandler
                0x000000000800d838        0x4 obj/SKYROVER/drv_i2c.o
                0x000000000800d838                I2C2_ER_IRQHandler
 .text.I2C1_ER_IRQHandler
                0x000000000800d83c        0x4 obj/SKYROVER/drv_i2c.o
                0x000000000800d83c                I2C1_ER_IRQHandler
 .text.i2cGetErrorCounter
                0x000000000800d840        0xc obj/SKYROVER/drv_i2c.o
                0x000000000800d840                i2cGetErrorCounter
 .text.SysTick_Handler
                0x000000000800d84c       0x1c obj/SKYROVER/drv_system.o
                0x000000000800d84c                SysTick_Handler
 .text.micros   0x000000000800d868       0x34 obj/SKYROVER/drv_system.o
                0x000000000800d868                micros
 .text.millis   0x000000000800d89c        0xc obj/SKYROVER/drv_system.o
                0x000000000800d89c                millis
 .text.delayMicroseconds
                0x000000000800d8a8       0x16 obj/SKYROVER/drv_system.o
                0x000000000800d8a8                delayMicroseconds
 .text.delay    0x000000000800d8be       0x14 obj/SKYROVER/drv_system.o
                0x000000000800d8be                delay
 *fill*         0x000000000800d8d2        0x2 00
 .text.systemInit
                0x000000000800d8d4      0x130 obj/SKYROVER/drv_system.o
                0x000000000800d8d4                systemInit
 .text.failureMode
                0x000000000800da04       0x38 obj/SKYROVER/drv_system.o
                0x000000000800da04                failureMode
 .text.systemReset
                0x000000000800da3c       0x20 obj/SKYROVER/drv_system.o
                0x000000000800da3c                systemReset
 .text.systemBeep
                0x000000000800da5c        0x2 obj/SKYROVER/drv_system.o
                0x000000000800da5c                systemBeep
 .text.serialWrite
                0x000000000800da5e        0xa obj/SKYROVER/drv_serial.o
                0x000000000800da5e                serialWrite
 .text.serialPrint
                0x000000000800da68       0x16 obj/SKYROVER/drv_serial.o
                0x000000000800da68                serialPrint
 .text.serialTotalBytesWaiting
                0x000000000800da7e        0xa obj/SKYROVER/drv_serial.o
                0x000000000800da7e                serialTotalBytesWaiting
 .text.serialRead
                0x000000000800da88        0xa obj/SKYROVER/drv_serial.o
                0x000000000800da88                serialRead
 .text.serialSetBaudRate
                0x000000000800da92        0xa obj/SKYROVER/drv_serial.o
                0x000000000800da92                serialSetBaudRate
 .text.isSerialTransmitBufferEmpty
                0x000000000800da9c        0xa obj/SKYROVER/drv_serial.o
                0x000000000800da9c                isSerialTransmitBufferEmpty
 .text.softSerialTotalBytesWaiting
                0x000000000800daa6       0x18 obj/SKYROVER/drv_softserial.o
                0x000000000800daa6                softSerialTotalBytesWaiting
 .text.softSerialWriteByte
                0x000000000800dabe       0x18 obj/SKYROVER/drv_softserial.o
                0x000000000800dabe                softSerialWriteByte
 .text.softSerialSetBaudRate
                0x000000000800dad6        0x2 obj/SKYROVER/drv_softserial.o
                0x000000000800dad6                softSerialSetBaudRate
 .text.isSoftSerialTransmitBufferEmpty
                0x000000000800dad8        0xe obj/SKYROVER/drv_softserial.o
                0x000000000800dad8                isSoftSerialTransmitBufferEmpty
 .text.softSerialReadByte
                0x000000000800dae6       0x22 obj/SKYROVER/drv_softserial.o
                0x000000000800dae6                softSerialReadByte
 .text.readRxSignal
                0x000000000800db08       0x20 obj/SKYROVER/drv_softserial.o
                0x000000000800db08                readRxSignal
 .text.setTxSignal
                0x000000000800db28       0x2e obj/SKYROVER/drv_softserial.o
                0x000000000800db28                setTxSignal
 .text.serialInputPortConfig
                0x000000000800db56       0x20 obj/SKYROVER/drv_softserial.o
                0x000000000800db56                serialInputPortConfig
 *fill*         0x000000000800db76        0x2 00
 .text.serialTimerConfig
                0x000000000800db78       0x2c obj/SKYROVER/drv_softserial.o
                0x000000000800db78                serialTimerConfig
 .text.serialOutputPortConfig
                0x000000000800dba4       0x20 obj/SKYROVER/drv_softserial.o
                0x000000000800dba4                serialOutputPortConfig
 .text.setupSoftSerial1
                0x000000000800dbc4       0x8c obj/SKYROVER/drv_softserial.o
                0x000000000800dbc4                setupSoftSerial1
 .text.updateBufferIndex
                0x000000000800dc50       0x14 obj/SKYROVER/drv_softserial.o
                0x000000000800dc50                updateBufferIndex
 .text.searchForStartBit
                0x000000000800dc64       0x30 obj/SKYROVER/drv_softserial.o
                0x000000000800dc64                searchForStartBit
 .text.searchForStopBit
                0x000000000800dc94       0x38 obj/SKYROVER/drv_softserial.o
                0x000000000800dc94                searchForStopBit
 .text.readDataBit
                0x000000000800dccc       0x46 obj/SKYROVER/drv_softserial.o
                0x000000000800dccc                readDataBit
 .text.processRxState
                0x000000000800dd12       0x2a obj/SKYROVER/drv_softserial.o
                0x000000000800dd12                processRxState
 .text.processTxState
                0x000000000800dd3c       0x74 obj/SKYROVER/drv_softserial.o
                0x000000000800dd3c                processTxState
 .text.onSerialTimer
                0x000000000800ddb0       0x20 obj/SKYROVER/drv_softserial.o
                0x000000000800ddb0                onSerialTimer
 .text.uartTotalBytesWaiting
                0x000000000800ddd0       0x16 obj/SKYROVER/drv_uart.o
                0x000000000800ddd0                uartTotalBytesWaiting
 .text.isUartTransmitBufferEmpty
                0x000000000800dde6       0x18 obj/SKYROVER/drv_uart.o
                0x000000000800dde6                isUartTransmitBufferEmpty
 .text.uartStartTxDMA
                0x000000000800ddfe       0x30 obj/SKYROVER/drv_uart.o
 .text.uartSetBaudRate
                0x000000000800de2e       0x4a obj/SKYROVER/drv_uart.o
                0x000000000800de2e                uartSetBaudRate
 .text.uartRead
                0x000000000800de78       0x30 obj/SKYROVER/drv_uart.o
                0x000000000800de78                uartRead
 .text.uartWrite
                0x000000000800dea8       0x3c obj/SKYROVER/drv_uart.o
                0x000000000800dea8                uartWrite
 .text.serialUSART1
                0x000000000800dee4       0xa0 obj/SKYROVER/drv_uart.o
                0x000000000800dee4                serialUSART1
 .text.serialUSART2
                0x000000000800df84       0x98 obj/SKYROVER/drv_uart.o
                0x000000000800df84                serialUSART2
 .text.uartOpen
                0x000000000800e01c      0x170 obj/SKYROVER/drv_uart.o
                0x000000000800e01c                uartOpen
 .text.DMA1_Channel4_IRQHandler
                0x000000000800e18c       0x34 obj/SKYROVER/drv_uart.o
                0x000000000800e18c                DMA1_Channel4_IRQHandler
 .text.USART1_IRQHandler
                0x000000000800e1c0       0x3c obj/SKYROVER/drv_uart.o
                0x000000000800e1c0                USART1_IRQHandler
 .text.USART2_IRQHandler
                0x000000000800e1fc       0x78 obj/SKYROVER/drv_uart.o
                0x000000000800e1fc                USART2_IRQHandler
 .text.Hw_VCom_Init
                0x000000000800e274       0x24 obj/SKYROVER/drv_vcom.o
                0x000000000800e274                Hw_VCom_Init
 .text.Hw_VCom_Putch
                0x000000000800e298        0x4 obj/SKYROVER/drv_vcom.o
                0x000000000800e298                Hw_VCom_Putch
 .text.Hw_VCom_Q_Init
                0x000000000800e29c       0x14 obj/SKYROVER/drv_vcom_q.o
                0x000000000800e29c                Hw_VCom_Q_Init
 .text.HW_VCOM_Q_SIZE
                0x000000000800e2b0       0x34 obj/SKYROVER/drv_vcom_q.o
                0x000000000800e2b0                HW_VCOM_Q_SIZE
 .text.Hw_VCom_Q_Push
                0x000000000800e2e4       0x58 obj/SKYROVER/drv_vcom_q.o
                0x000000000800e2e4                Hw_VCom_Q_Push
 .text.uli2a    0x000000000800e33c       0x4a obj/SKYROVER/printf.o
 .text.ui2a     0x000000000800e386       0x4a obj/SKYROVER/printf.o
 .text.putchw   0x000000000800e3d0       0x48 obj/SKYROVER/printf.o
 .text.tfp_format
                0x000000000800e418      0x16c obj/SKYROVER/printf.o
                0x000000000800e418                tfp_format
 .text.init_printf
                0x000000000800e584       0x14 obj/SKYROVER/printf.o
                0x000000000800e584                init_printf
 .text.tfp_printf
                0x000000000800e598       0x38 obj/SKYROVER/printf.o
                0x000000000800e598                tfp_printf
 .text.constrain
                0x000000000800e5d0       0x10 obj/SKYROVER/utils.o
                0x000000000800e5d0                constrain
 .text.initBoardAlignment
                0x000000000800e5e0      0x170 obj/SKYROVER/utils.o
                0x000000000800e5e0                initBoardAlignment
 .text.alignBoard
                0x000000000800e750       0xc4 obj/SKYROVER/utils.o
                0x000000000800e750                alignBoard
 .text.alignSensors
                0x000000000800e814       0x7c obj/SKYROVER/utils.o
                0x000000000800e814                alignSensors
 .text.SystemInit
                0x000000000800e890       0x4c obj/SKYROVER/system_stm32f10x.o
                0x000000000800e890                SystemInit
 .text.SystemCoreClockUpdate
                0x000000000800e8dc       0x74 obj/SKYROVER/system_stm32f10x.o
                0x000000000800e8dc                SystemCoreClockUpdate
 .text.SetSysClock
                0x000000000800e950      0x15c obj/SKYROVER/system_stm32f10x.o
                0x000000000800e950                SetSysClock
 .text.NVIC_PriorityGroupConfig
                0x000000000800eaac       0x14 obj/SKYROVER/misc.o
                0x000000000800eaac                NVIC_PriorityGroupConfig
 .text.NVIC_Init
                0x000000000800eac0       0x68 obj/SKYROVER/misc.o
                0x000000000800eac0                NVIC_Init
 .text.ADC_Init
                0x000000000800eb28       0x48 obj/SKYROVER/stm32f10x_adc.o
                0x000000000800eb28                ADC_Init
 .text.ADC_Cmd  0x000000000800eb70       0x12 obj/SKYROVER/stm32f10x_adc.o
                0x000000000800eb70                ADC_Cmd
 .text.ADC_DMACmd
                0x000000000800eb82       0x12 obj/SKYROVER/stm32f10x_adc.o
                0x000000000800eb82                ADC_DMACmd
 .text.ADC_ResetCalibration
                0x000000000800eb94        0xa obj/SKYROVER/stm32f10x_adc.o
                0x000000000800eb94                ADC_ResetCalibration
 .text.ADC_GetResetCalibrationStatus
                0x000000000800eb9e        0x8 obj/SKYROVER/stm32f10x_adc.o
                0x000000000800eb9e                ADC_GetResetCalibrationStatus
 .text.ADC_StartCalibration
                0x000000000800eba6        0xa obj/SKYROVER/stm32f10x_adc.o
                0x000000000800eba6                ADC_StartCalibration
 .text.ADC_GetCalibrationStatus
                0x000000000800ebb0        0x8 obj/SKYROVER/stm32f10x_adc.o
                0x000000000800ebb0                ADC_GetCalibrationStatus
 .text.ADC_SoftwareStartConvCmd
                0x000000000800ebb8       0x12 obj/SKYROVER/stm32f10x_adc.o
                0x000000000800ebb8                ADC_SoftwareStartConvCmd
 .text.ADC_RegularChannelConfig
                0x000000000800ebca       0x9a obj/SKYROVER/stm32f10x_adc.o
                0x000000000800ebca                ADC_RegularChannelConfig
 .text.DMA_DeInit
                0x000000000800ec64       0xf0 obj/SKYROVER/stm32f10x_dma.o
                0x000000000800ec64                DMA_DeInit
 .text.DMA_Init
                0x000000000800ed54       0x40 obj/SKYROVER/stm32f10x_dma.o
                0x000000000800ed54                DMA_Init
 .text.DMA_StructInit
                0x000000000800ed94       0x1a obj/SKYROVER/stm32f10x_dma.o
                0x000000000800ed94                DMA_StructInit
 .text.DMA_Cmd  0x000000000800edae       0x16 obj/SKYROVER/stm32f10x_dma.o
                0x000000000800edae                DMA_Cmd
 .text.DMA_ITConfig
                0x000000000800edc4       0x10 obj/SKYROVER/stm32f10x_dma.o
                0x000000000800edc4                DMA_ITConfig
 .text.DMA_SetCurrDataCounter
                0x000000000800edd4        0x4 obj/SKYROVER/stm32f10x_dma.o
                0x000000000800edd4                DMA_SetCurrDataCounter
 .text.DMA_GetCurrDataCounter
                0x000000000800edd8        0x6 obj/SKYROVER/stm32f10x_dma.o
                0x000000000800edd8                DMA_GetCurrDataCounter
 *fill*         0x000000000800edde        0x2 00
 .text.DMA_ClearITPendingBit
                0x000000000800ede0       0x14 obj/SKYROVER/stm32f10x_dma.o
                0x000000000800ede0                DMA_ClearITPendingBit
 .text.EXTI_Init
                0x000000000800edf4       0x78 obj/SKYROVER/stm32f10x_exti.o
                0x000000000800edf4                EXTI_Init
 .text.EXTI_GetITStatus
                0x000000000800ee6c       0x20 obj/SKYROVER/stm32f10x_exti.o
                0x000000000800ee6c                EXTI_GetITStatus
 .text.EXTI_ClearITPendingBit
                0x000000000800ee8c        0xc obj/SKYROVER/stm32f10x_exti.o
                0x000000000800ee8c                EXTI_ClearITPendingBit
 .text.FLASH_Unlock
                0x000000000800ee98       0x18 obj/SKYROVER/stm32f10x_flash.o
                0x000000000800ee98                FLASH_Unlock
 .text.FLASH_Lock
                0x000000000800eeb0       0x10 obj/SKYROVER/stm32f10x_flash.o
                0x000000000800eeb0                FLASH_Lock
 .text.FLASH_ClearFlag
                0x000000000800eec0        0xc obj/SKYROVER/stm32f10x_flash.o
                0x000000000800eec0                FLASH_ClearFlag
 .text.FLASH_GetBank1Status
                0x000000000800eecc       0x28 obj/SKYROVER/stm32f10x_flash.o
                0x000000000800eecc                FLASH_GetBank1Status
 .text.FLASH_WaitForLastOperation
                0x000000000800eef4       0x22 obj/SKYROVER/stm32f10x_flash.o
                0x000000000800eef4                FLASH_WaitForLastOperation
 *fill*         0x000000000800ef16        0x2 00
 .text.FLASH_ProgramWord
                0x000000000800ef18       0x54 obj/SKYROVER/stm32f10x_flash.o
                0x000000000800ef18                FLASH_ProgramWord
 .text.FLASH_ErasePage
                0x000000000800ef6c       0x3c obj/SKYROVER/stm32f10x_flash.o
                0x000000000800ef6c                FLASH_ErasePage
 .text.GPIO_Init
                0x000000000800efa8       0xa0 obj/SKYROVER/stm32f10x_gpio.o
                0x000000000800efa8                GPIO_Init
 .text.GPIO_SetBits
                0x000000000800f048        0x4 obj/SKYROVER/stm32f10x_gpio.o
                0x000000000800f048                GPIO_SetBits
 .text.GPIO_ResetBits
                0x000000000800f04c        0x4 obj/SKYROVER/stm32f10x_gpio.o
                0x000000000800f04c                GPIO_ResetBits
 .text.I2C_DeInit
                0x000000000800f050       0x34 obj/SKYROVER/stm32f10x_i2c.o
                0x000000000800f050                I2C_DeInit
 .text.I2C_Init
                0x000000000800f084       0xd4 obj/SKYROVER/stm32f10x_i2c.o
                0x000000000800f084                I2C_Init
 .text.I2C_StructInit
                0x000000000800f158       0x1c obj/SKYROVER/stm32f10x_i2c.o
                0x000000000800f158                I2C_StructInit
 .text.I2C_Cmd  0x000000000800f174       0x18 obj/SKYROVER/stm32f10x_i2c.o
                0x000000000800f174                I2C_Cmd
 .text.I2C_GenerateSTART
                0x000000000800f18c       0x18 obj/SKYROVER/stm32f10x_i2c.o
                0x000000000800f18c                I2C_GenerateSTART
 .text.I2C_GenerateSTOP
                0x000000000800f1a4       0x18 obj/SKYROVER/stm32f10x_i2c.o
                0x000000000800f1a4                I2C_GenerateSTOP
 .text.I2C_AcknowledgeConfig
                0x000000000800f1bc       0x18 obj/SKYROVER/stm32f10x_i2c.o
                0x000000000800f1bc                I2C_AcknowledgeConfig
 .text.I2C_ITConfig
                0x000000000800f1d4       0x12 obj/SKYROVER/stm32f10x_i2c.o
                0x000000000800f1d4                I2C_ITConfig
 .text.I2C_SendData
                0x000000000800f1e6        0x4 obj/SKYROVER/stm32f10x_i2c.o
                0x000000000800f1e6                I2C_SendData
 .text.I2C_ReceiveData
                0x000000000800f1ea        0x6 obj/SKYROVER/stm32f10x_i2c.o
                0x000000000800f1ea                I2C_ReceiveData
 .text.I2C_Send7bitAddress
                0x000000000800f1f0       0x10 obj/SKYROVER/stm32f10x_i2c.o
                0x000000000800f1f0                I2C_Send7bitAddress
 .text.RCC_USBCLKConfig
                0x000000000800f200        0xc obj/SKYROVER/stm32f10x_rcc.o
                0x000000000800f200                RCC_USBCLKConfig
 .text.RCC_GetClocksFreq
                0x000000000800f20c       0x9c obj/SKYROVER/stm32f10x_rcc.o
                0x000000000800f20c                RCC_GetClocksFreq
 .text.RCC_AHBPeriphClockCmd
                0x000000000800f2a8       0x18 obj/SKYROVER/stm32f10x_rcc.o
                0x000000000800f2a8                RCC_AHBPeriphClockCmd
 .text.RCC_APB2PeriphClockCmd
                0x000000000800f2c0       0x18 obj/SKYROVER/stm32f10x_rcc.o
                0x000000000800f2c0                RCC_APB2PeriphClockCmd
 .text.RCC_APB1PeriphClockCmd
                0x000000000800f2d8       0x18 obj/SKYROVER/stm32f10x_rcc.o
                0x000000000800f2d8                RCC_APB1PeriphClockCmd
 .text.RCC_APB2PeriphResetCmd
                0x000000000800f2f0       0x18 obj/SKYROVER/stm32f10x_rcc.o
                0x000000000800f2f0                RCC_APB2PeriphResetCmd
 .text.RCC_APB1PeriphResetCmd
                0x000000000800f308       0x18 obj/SKYROVER/stm32f10x_rcc.o
                0x000000000800f308                RCC_APB1PeriphResetCmd
 .text.RCC_ClearFlag
                0x000000000800f320       0x10 obj/SKYROVER/stm32f10x_rcc.o
                0x000000000800f320                RCC_ClearFlag
 .text.SPI_I2S_DeInit
                0x000000000800f330       0x64 obj/SKYROVER/stm32f10x_spi.o
                0x000000000800f330                SPI_I2S_DeInit
 .text.SPI_Init
                0x000000000800f394       0x3e obj/SKYROVER/stm32f10x_spi.o
                0x000000000800f394                SPI_Init
 .text.SPI_Cmd  0x000000000800f3d2       0x18 obj/SKYROVER/stm32f10x_spi.o
                0x000000000800f3d2                SPI_Cmd
 .text.SPI_I2S_SendData
                0x000000000800f3ea        0x4 obj/SKYROVER/stm32f10x_spi.o
                0x000000000800f3ea                SPI_I2S_SendData
 .text.SPI_I2S_ReceiveData
                0x000000000800f3ee        0x6 obj/SKYROVER/stm32f10x_spi.o
                0x000000000800f3ee                SPI_I2S_ReceiveData
 .text.SPI_I2S_GetFlagStatus
                0x000000000800f3f4        0xc obj/SKYROVER/stm32f10x_spi.o
                0x000000000800f3f4                SPI_I2S_GetFlagStatus
 .text.TI1_Config
                0x000000000800f400       0x68 obj/SKYROVER/stm32f10x_tim.o
 .text.TI2_Config
                0x000000000800f468       0x78 obj/SKYROVER/stm32f10x_tim.o
 .text.TIM_TimeBaseInit
                0x000000000800f4e0       0x94 obj/SKYROVER/stm32f10x_tim.o
                0x000000000800f4e0                TIM_TimeBaseInit
 .text.TIM_OC1Init
                0x000000000800f574       0x88 obj/SKYROVER/stm32f10x_tim.o
                0x000000000800f574                TIM_OC1Init
 .text.TIM_OC2Init
                0x000000000800f5fc       0x88 obj/SKYROVER/stm32f10x_tim.o
                0x000000000800f5fc                TIM_OC2Init
 .text.TIM_OC3Init
                0x000000000800f684       0x84 obj/SKYROVER/stm32f10x_tim.o
                0x000000000800f684                TIM_OC3Init
 .text.TIM_OC4Init
                0x000000000800f708       0x68 obj/SKYROVER/stm32f10x_tim.o
                0x000000000800f708                TIM_OC4Init
 .text.TIM_TimeBaseStructInit
                0x000000000800f770       0x12 obj/SKYROVER/stm32f10x_tim.o
                0x000000000800f770                TIM_TimeBaseStructInit
 .text.TIM_OCStructInit
                0x000000000800f782       0x14 obj/SKYROVER/stm32f10x_tim.o
                0x000000000800f782                TIM_OCStructInit
 .text.TIM_ICStructInit
                0x000000000800f796       0x10 obj/SKYROVER/stm32f10x_tim.o
                0x000000000800f796                TIM_ICStructInit
 .text.TIM_Cmd  0x000000000800f7a6       0x18 obj/SKYROVER/stm32f10x_tim.o
                0x000000000800f7a6                TIM_Cmd
 .text.TIM_CtrlPWMOutputs
                0x000000000800f7be       0x1c obj/SKYROVER/stm32f10x_tim.o
                0x000000000800f7be                TIM_CtrlPWMOutputs
 .text.TIM_ITConfig
                0x000000000800f7da       0x12 obj/SKYROVER/stm32f10x_tim.o
                0x000000000800f7da                TIM_ITConfig
 .text.TIM_OC1PreloadConfig
                0x000000000800f7ec       0x10 obj/SKYROVER/stm32f10x_tim.o
                0x000000000800f7ec                TIM_OC1PreloadConfig
 .text.TIM_OC2PreloadConfig
                0x000000000800f7fc       0x14 obj/SKYROVER/stm32f10x_tim.o
                0x000000000800f7fc                TIM_OC2PreloadConfig
 .text.TIM_OC3PreloadConfig
                0x000000000800f810       0x10 obj/SKYROVER/stm32f10x_tim.o
                0x000000000800f810                TIM_OC3PreloadConfig
 .text.TIM_OC4PreloadConfig
                0x000000000800f820       0x14 obj/SKYROVER/stm32f10x_tim.o
                0x000000000800f820                TIM_OC4PreloadConfig
 .text.TIM_SetIC1Prescaler
                0x000000000800f834       0x16 obj/SKYROVER/stm32f10x_tim.o
                0x000000000800f834                TIM_SetIC1Prescaler
 .text.TIM_SetIC2Prescaler
                0x000000000800f84a       0x1a obj/SKYROVER/stm32f10x_tim.o
                0x000000000800f84a                TIM_SetIC2Prescaler
 .text.TIM_SetIC3Prescaler
                0x000000000800f864       0x16 obj/SKYROVER/stm32f10x_tim.o
                0x000000000800f864                TIM_SetIC3Prescaler
 .text.TIM_SetIC4Prescaler
                0x000000000800f87a       0x1a obj/SKYROVER/stm32f10x_tim.o
                0x000000000800f87a                TIM_SetIC4Prescaler
 .text.TIM_ICInit
                0x000000000800f894      0x138 obj/SKYROVER/stm32f10x_tim.o
                0x000000000800f894                TIM_ICInit
 .text.TIM_GetCapture1
                0x000000000800f9cc        0x6 obj/SKYROVER/stm32f10x_tim.o
                0x000000000800f9cc                TIM_GetCapture1
 .text.TIM_GetCapture2
                0x000000000800f9d2        0x6 obj/SKYROVER/stm32f10x_tim.o
                0x000000000800f9d2                TIM_GetCapture2
 .text.TIM_GetCapture3
                0x000000000800f9d8        0x6 obj/SKYROVER/stm32f10x_tim.o
                0x000000000800f9d8                TIM_GetCapture3
 .text.TIM_GetCapture4
                0x000000000800f9de        0x8 obj/SKYROVER/stm32f10x_tim.o
                0x000000000800f9de                TIM_GetCapture4
 .text.TIM_GetITStatus
                0x000000000800f9e6       0x16 obj/SKYROVER/stm32f10x_tim.o
                0x000000000800f9e6                TIM_GetITStatus
 .text.TIM_ClearITPendingBit
                0x000000000800f9fc        0x8 obj/SKYROVER/stm32f10x_tim.o
                0x000000000800f9fc                TIM_ClearITPendingBit
 .text.USART_Init
                0x000000000800fa04       0xb0 obj/SKYROVER/stm32f10x_usart.o
                0x000000000800fa04                USART_Init
 .text.USART_Cmd
                0x000000000800fab4       0x18 obj/SKYROVER/stm32f10x_usart.o
                0x000000000800fab4                USART_Cmd
 .text.USART_ITConfig
                0x000000000800facc       0x34 obj/SKYROVER/stm32f10x_usart.o
                0x000000000800facc                USART_ITConfig
 .text.USART_DMACmd
                0x000000000800fb00       0x12 obj/SKYROVER/stm32f10x_usart.o
                0x000000000800fb00                USART_DMACmd
 .text.vListInitialise
                0x000000000800fb12       0x16 obj/SKYROVER/list.o
                0x000000000800fb12                vListInitialise
 .text.vListInitialiseItem
                0x000000000800fb28        0x6 obj/SKYROVER/list.o
                0x000000000800fb28                vListInitialiseItem
 .text.vListInsertEnd
                0x000000000800fb2e       0x18 obj/SKYROVER/list.o
                0x000000000800fb2e                vListInsertEnd
 .text.vListInsert
                0x000000000800fb46       0x30 obj/SKYROVER/list.o
                0x000000000800fb46                vListInsert
 .text.uxListRemove
                0x000000000800fb76       0x20 obj/SKYROVER/list.o
                0x000000000800fb76                uxListRemove
 .text.prvUnlockQueue
                0x000000000800fb96       0x64 obj/SKYROVER/queue.o
 .text.prvCopyDataFromQueue
                0x000000000800fbfa       0x26 obj/SKYROVER/queue.o
 .text.prvCopyDataToQueue
                0x000000000800fc20       0x66 obj/SKYROVER/queue.o
 .text.xQueueGenericReset
                0x000000000800fc86       0x64 obj/SKYROVER/queue.o
                0x000000000800fc86                xQueueGenericReset
 .text.xQueueGenericCreate
                0x000000000800fcea       0x42 obj/SKYROVER/queue.o
                0x000000000800fcea                xQueueGenericCreate
 .text.xQueueGenericSend
                0x000000000800fd2c      0x100 obj/SKYROVER/queue.o
                0x000000000800fd2c                xQueueGenericSend
 .text.xQueueGenericSendFromISR
                0x000000000800fe2c       0x84 obj/SKYROVER/queue.o
                0x000000000800fe2c                xQueueGenericSendFromISR
 .text.xQueueGenericReceive
                0x000000000800feb0      0x126 obj/SKYROVER/queue.o
                0x000000000800feb0                xQueueGenericReceive
 .text.vQueueWaitForMessageRestricted
                0x000000000800ffd6       0x3a obj/SKYROVER/queue.o
                0x000000000800ffd6                vQueueWaitForMessageRestricted
 .text.prvAddCurrentTaskToDelayedList
                0x0000000008010010       0x50 obj/SKYROVER/tasks.o
 .text.xTaskGenericCreate
                0x0000000008010060      0x198 obj/SKYROVER/tasks.o
                0x0000000008010060                xTaskGenericCreate
 .text.vTaskStartScheduler
                0x00000000080101f8       0x5c obj/SKYROVER/tasks.o
                0x00000000080101f8                vTaskStartScheduler
 .text.vTaskSuspendAll
                0x0000000008010254       0x10 obj/SKYROVER/tasks.o
                0x0000000008010254                vTaskSuspendAll
 .text.xTaskGetTickCount
                0x0000000008010264       0x18 obj/SKYROVER/tasks.o
                0x0000000008010264                xTaskGetTickCount
 .text.xTaskIncrementTick
                0x000000000801027c      0x114 obj/SKYROVER/tasks.o
                0x000000000801027c                xTaskIncrementTick
 .text.xTaskResumeAll
                0x0000000008010390       0xc8 obj/SKYROVER/tasks.o
                0x0000000008010390                xTaskResumeAll
 .text.prvIdleTask
                0x0000000008010458       0x64 obj/SKYROVER/tasks.o
 .text.vTaskDelay
                0x00000000080104bc       0x3c obj/SKYROVER/tasks.o
                0x00000000080104bc                vTaskDelay
 .text.vTaskSwitchContext
                0x00000000080104f8       0x68 obj/SKYROVER/tasks.o
                0x00000000080104f8                vTaskSwitchContext
 .text.vTaskPlaceOnEventList
                0x0000000008010560       0x4c obj/SKYROVER/tasks.o
                0x0000000008010560                vTaskPlaceOnEventList
 .text.vTaskPlaceOnEventListRestricted
                0x00000000080105ac       0x34 obj/SKYROVER/tasks.o
                0x00000000080105ac                vTaskPlaceOnEventListRestricted
 .text.xTaskRemoveFromEventList
                0x00000000080105e0       0x74 obj/SKYROVER/tasks.o
                0x00000000080105e0                xTaskRemoveFromEventList
 .text.vTaskSetTimeOutState
                0x0000000008010654       0x20 obj/SKYROVER/tasks.o
                0x0000000008010654                vTaskSetTimeOutState
 .text.xTaskCheckForTimeOut
                0x0000000008010674       0x5c obj/SKYROVER/tasks.o
                0x0000000008010674                xTaskCheckForTimeOut
 .text.vTaskMissedYield
                0x00000000080106d0        0xc obj/SKYROVER/tasks.o
                0x00000000080106d0                vTaskMissedYield
 .text.xTaskGetCurrentTaskHandle
                0x00000000080106dc        0xc obj/SKYROVER/tasks.o
                0x00000000080106dc                xTaskGetCurrentTaskHandle
 .text.xTaskGetSchedulerState
                0x00000000080106e8       0x1c obj/SKYROVER/tasks.o
                0x00000000080106e8                xTaskGetSchedulerState
 .text.vTaskPriorityInherit
                0x0000000008010704       0x6c obj/SKYROVER/tasks.o
                0x0000000008010704                vTaskPriorityInherit
 .text.vTaskPriorityDisinherit
                0x0000000008010770       0x48 obj/SKYROVER/tasks.o
                0x0000000008010770                vTaskPriorityDisinherit
 .text.prvCheckForValidListAndQueue
                0x00000000080107b8       0x4c obj/SKYROVER/timers.o
 .text.prvInsertTimerInActiveList
                0x0000000008010804       0x3c obj/SKYROVER/timers.o
 .text.xTimerCreateTimerTask
                0x0000000008010840       0x40 obj/SKYROVER/timers.o
                0x0000000008010840                xTimerCreateTimerTask
 .text.xTimerGenericCommand
                0x0000000008010880       0x44 obj/SKYROVER/timers.o
                0x0000000008010880                xTimerGenericCommand
 .text.prvSwitchTimerLists.isra.1
                0x00000000080108c4       0x64 obj/SKYROVER/timers.o
 .text.prvTimerTask
                0x0000000008010928      0x150 obj/SKYROVER/timers.o
 .text.osThreadCreate
                0x0000000008010a78       0x32 obj/SKYROVER/cmsis_os.o
                0x0000000008010a78                osThreadCreate
 .text.osKernelStart
                0x0000000008010aaa       0x10 obj/SKYROVER/cmsis_os.o
                0x0000000008010aaa                osKernelStart
 .text.osDelay  0x0000000008010aba       0x10 obj/SKYROVER/cmsis_os.o
                0x0000000008010aba                osDelay
 *fill*         0x0000000008010aca        0x2 00
 .text.pvPortMalloc
                0x0000000008010acc       0xb4 obj/SKYROVER/heap_2.o
                0x0000000008010acc                pvPortMalloc
 .text.vPortFree
                0x0000000008010b80       0x40 obj/SKYROVER/heap_2.o
                0x0000000008010b80                vPortFree
 .text.prvPortStartFirstTask
                0x0000000008010bc0       0x14 obj/SKYROVER/port.o
 .text.pxPortInitialiseStack
                0x0000000008010bd4       0x1c obj/SKYROVER/port.o
                0x0000000008010bd4                pxPortInitialiseStack
 .text.SVC_Handler
                0x0000000008010bf0       0x20 obj/SKYROVER/port.o
                0x0000000008010bf0                SVC_Handler
 .text.vPortYield
                0x0000000008010c10       0x18 obj/SKYROVER/port.o
                0x0000000008010c10                vPortYield
 .text.ulPortSetInterruptMask
                0x0000000008010c28       0x10 obj/SKYROVER/port.o
                0x0000000008010c28                ulPortSetInterruptMask
 .text.vPortEnterCritical
                0x0000000008010c38       0x1c obj/SKYROVER/port.o
                0x0000000008010c38                vPortEnterCritical
 .text.prvTaskExitError
                0x0000000008010c54       0x1c obj/SKYROVER/port.o
 .text.vPortClearInterruptMask
                0x0000000008010c70        0x6 obj/SKYROVER/port.o
                0x0000000008010c70                vPortClearInterruptMask
 *fill*         0x0000000008010c76        0x2 00
 .text.vPortExitCritical
                0x0000000008010c78       0x14 obj/SKYROVER/port.o
                0x0000000008010c78                vPortExitCritical
 .text.PendSV_Handler
                0x0000000008010c8c       0x3c obj/SKYROVER/port.o
                0x0000000008010c8c                PendSV_Handler
 .text.xPortSysTickHandler
                0x0000000008010cc8       0x24 obj/SKYROVER/port.o
                0x0000000008010cc8                xPortSysTickHandler
 .text.vPortSetupTimerInterrupt
                0x0000000008010cec       0x24 obj/SKYROVER/port.o
                0x0000000008010cec                vPortSetupTimerInterrupt
 .text.xPortStartScheduler
                0x0000000008010d10       0x8c obj/SKYROVER/port.o
                0x0000000008010d10                xPortStartScheduler
 .text.vPortValidateInterruptPriority
                0x0000000008010d9c       0x44 obj/SKYROVER/port.o
                0x0000000008010d9c                vPortValidateInterruptPriority
 .text.Standard_GetConfiguration
                0x0000000008010de0       0x24 obj/SKYROVER/usb_core.o
                0x0000000008010de0                Standard_GetConfiguration
 .text.Standard_GetInterface
                0x0000000008010e04       0x24 obj/SKYROVER/usb_core.o
                0x0000000008010e04                Standard_GetInterface
 .text.Standard_GetStatus
                0x0000000008010e28       0x9c obj/SKYROVER/usb_core.o
                0x0000000008010e28                Standard_GetStatus
 .text.DataStageIn
                0x0000000008010ec4       0xa0 obj/SKYROVER/usb_core.o
 .text.Standard_SetConfiguration
                0x0000000008010f64       0x38 obj/SKYROVER/usb_core.o
                0x0000000008010f64                Standard_SetConfiguration
 .text.Standard_SetInterface
                0x0000000008010f9c       0x48 obj/SKYROVER/usb_core.o
                0x0000000008010f9c                Standard_SetInterface
 .text.Standard_ClearFeature
                0x0000000008010fe4       0xdc obj/SKYROVER/usb_core.o
                0x0000000008010fe4                Standard_ClearFeature
 .text.Standard_SetEndPointFeature
                0x00000000080110c0       0x8c obj/SKYROVER/usb_core.o
                0x00000000080110c0                Standard_SetEndPointFeature
 .text.Standard_SetDeviceFeature
                0x000000000801114c       0x24 obj/SKYROVER/usb_core.o
                0x000000000801114c                Standard_SetDeviceFeature
 .text.Standard_GetDescriptorData
                0x0000000008011170       0x1c obj/SKYROVER/usb_core.o
                0x0000000008011170                Standard_GetDescriptorData
 .text.Post0_Process
                0x000000000801118c       0x40 obj/SKYROVER/usb_core.o
                0x000000000801118c                Post0_Process
 .text.Out0_Process
                0x00000000080111cc       0xd4 obj/SKYROVER/usb_core.o
                0x00000000080111cc                Out0_Process
 .text.Setup0_Process
                0x00000000080112a0      0x2f4 obj/SKYROVER/usb_core.o
                0x00000000080112a0                Setup0_Process
 .text.SetDeviceAddress
                0x0000000008011594       0x40 obj/SKYROVER/usb_core.o
                0x0000000008011594                SetDeviceAddress
 .text.In0_Process
                0x00000000080115d4       0x60 obj/SKYROVER/usb_core.o
                0x00000000080115d4                In0_Process
 .text.NOP_Process
                0x0000000008011634        0x2 obj/SKYROVER/usb_core.o
                0x0000000008011634                NOP_Process
 *fill*         0x0000000008011636        0x2 00
 .text.USB_Init
                0x0000000008011638       0x38 obj/SKYROVER/usb_init.o
                0x0000000008011638                USB_Init
 .text.CTR_LP   0x0000000008011670      0x18c obj/SKYROVER/usb_int.o
                0x0000000008011670                CTR_LP
 .text.UserToPMABufferCopy
                0x00000000080117fc       0x2e obj/SKYROVER/usb_mem.o
                0x00000000080117fc                UserToPMABufferCopy
 .text.PMAToUserBufferCopy
                0x000000000801182a       0x24 obj/SKYROVER/usb_mem.o
                0x000000000801182a                PMAToUserBufferCopy
 *fill*         0x000000000801184e        0x2 00
 .text.SetBTABLE
                0x0000000008011850       0x10 obj/SKYROVER/usb_regs.o
                0x0000000008011850                SetBTABLE
 .text.SetEPType
                0x0000000008011860       0x18 obj/SKYROVER/usb_regs.o
                0x0000000008011860                SetEPType
 .text.SetEPTxStatus
                0x0000000008011878       0x3a obj/SKYROVER/usb_regs.o
                0x0000000008011878                SetEPTxStatus
 .text.SetEPRxStatus
                0x00000000080118b2       0x3a obj/SKYROVER/usb_regs.o
                0x00000000080118b2                SetEPRxStatus
 .text.SetEPTxValid
                0x00000000080118ec       0x22 obj/SKYROVER/usb_regs.o
                0x00000000080118ec                SetEPTxValid
 .text.SetEPRxValid
                0x000000000801190e       0x22 obj/SKYROVER/usb_regs.o
                0x000000000801190e                SetEPRxValid
 .text.Clear_Status_Out
                0x0000000008011930       0x1e obj/SKYROVER/usb_regs.o
                0x0000000008011930                Clear_Status_Out
 .text.ClearDTOG_RX
                0x000000000801194e       0x24 obj/SKYROVER/usb_regs.o
                0x000000000801194e                ClearDTOG_RX
 .text.ClearDTOG_TX
                0x0000000008011972       0x24 obj/SKYROVER/usb_regs.o
                0x0000000008011972                ClearDTOG_TX
 *fill*         0x0000000008011996        0x2 00
 .text.SetEPTxAddr
                0x0000000008011998       0x20 obj/SKYROVER/usb_regs.o
                0x0000000008011998                SetEPTxAddr
 .text.SetEPRxAddr
                0x00000000080119b8       0x20 obj/SKYROVER/usb_regs.o
                0x00000000080119b8                SetEPRxAddr
 .text.GetEPTxAddr
                0x00000000080119d8       0x1c obj/SKYROVER/usb_regs.o
                0x00000000080119d8                GetEPTxAddr
 .text.GetEPRxAddr
                0x00000000080119f4       0x1c obj/SKYROVER/usb_regs.o
                0x00000000080119f4                GetEPRxAddr
 .text.SetEPTxCount
                0x0000000008011a10       0x1c obj/SKYROVER/usb_regs.o
                0x0000000008011a10                SetEPTxCount
 .text.SetEPRxCount
                0x0000000008011a2c       0x3c obj/SKYROVER/usb_regs.o
                0x0000000008011a2c                SetEPRxCount
 .text.GetEPRxCount
                0x0000000008011a68       0x20 obj/SKYROVER/usb_regs.o
                0x0000000008011a68                GetEPRxCount
 .text.ByteSwap
                0x0000000008011a88        0xa obj/SKYROVER/usb_regs.o
                0x0000000008011a88                ByteSwap
 *fill*         0x0000000008011a92        0x2 00
 .text.USB_SIL_Init
                0x0000000008011a94       0x20 obj/SKYROVER/usb_sil.o
                0x0000000008011a94                USB_SIL_Init
 .text.USB_SIL_Read
                0x0000000008011ab4       0x24 obj/SKYROVER/usb_sil.o
                0x0000000008011ab4                USB_SIL_Read
 .text.IntToUnicode
                0x0000000008011ad8       0x2a obj/SKYROVER/hw_config.o
 .text.USB_LP_CAN1_RX0_IRQHandler
                0x0000000008011b02        0x4 obj/SKYROVER/hw_config.o
                0x0000000008011b02                USB_LP_CAN1_RX0_IRQHandler
 .text.USBWakeUp_IRQHandler
                0x0000000008011b06        0x8 obj/SKYROVER/hw_config.o
                0x0000000008011b06                USBWakeUp_IRQHandler
 *fill*         0x0000000008011b0e        0x2 00
 .text.Set_System
                0x0000000008011b10       0x4c obj/SKYROVER/hw_config.o
                0x0000000008011b10                Set_System
 .text.Set_USBClock
                0x0000000008011b5c       0x16 obj/SKYROVER/hw_config.o
                0x0000000008011b5c                Set_USBClock
 .text.USB_Interrupts_Config
                0x0000000008011b72       0x3a obj/SKYROVER/hw_config.o
                0x0000000008011b72                USB_Interrupts_Config
 .text.USB_Cable_Config
                0x0000000008011bac       0x1c obj/SKYROVER/hw_config.o
                0x0000000008011bac                USB_Cable_Config
 .text.USB_To_USART_Send_Data
                0x0000000008011bc8       0x30 obj/SKYROVER/hw_config.o
                0x0000000008011bc8                USB_To_USART_Send_Data
 .text.Handle_USBAsynchXfer
                0x0000000008011bf8       0x94 obj/SKYROVER/hw_config.o
                0x0000000008011bf8                Handle_USBAsynchXfer
 .text.USB_Send_Data
                0x0000000008011c8c       0x30 obj/SKYROVER/hw_config.o
                0x0000000008011c8c                USB_Send_Data
 .text.Get_SerialNum
                0x0000000008011cbc       0x34 obj/SKYROVER/hw_config.o
                0x0000000008011cbc                Get_SerialNum
 .text.EP1_IN_Callback
                0x0000000008011cf0       0x64 obj/SKYROVER/usb_endp.o
                0x0000000008011cf0                EP1_IN_Callback
 .text.EP3_OUT_Callback
                0x0000000008011d54       0x24 obj/SKYROVER/usb_endp.o
                0x0000000008011d54                EP3_OUT_Callback
 .text.SOF_Callback
                0x0000000008011d78       0x28 obj/SKYROVER/usb_endp.o
                0x0000000008011d78                SOF_Callback
 .text.USB_Istr
                0x0000000008011da0       0x7c obj/SKYROVER/usb_istr.o
                0x0000000008011da0                USB_Istr
 .text.Virtual_Com_Port_SetConfiguration
                0x0000000008011e1c       0x18 obj/SKYROVER/usb_prop.o
                0x0000000008011e1c                Virtual_Com_Port_SetConfiguration
 .text.Virtual_Com_Port_SetDeviceAddress
                0x0000000008011e34        0xc obj/SKYROVER/usb_prop.o
                0x0000000008011e34                Virtual_Com_Port_SetDeviceAddress
 .text.Virtual_Com_Port_Status_In
                0x0000000008011e40       0x14 obj/SKYROVER/usb_prop.o
                0x0000000008011e40                Virtual_Com_Port_Status_In
 .text.Virtual_Com_Port_Status_Out
                0x0000000008011e54        0x2 obj/SKYROVER/usb_prop.o
                0x0000000008011e54                Virtual_Com_Port_Status_Out
 *fill*         0x0000000008011e56        0x2 00
 .text.Virtual_Com_Port_Data_Setup
                0x0000000008011e58       0x5c obj/SKYROVER/usb_prop.o
                0x0000000008011e58                Virtual_Com_Port_Data_Setup
 .text.Virtual_Com_Port_NoData_Setup
                0x0000000008011eb4       0x24 obj/SKYROVER/usb_prop.o
                0x0000000008011eb4                Virtual_Com_Port_NoData_Setup
 .text.Virtual_Com_Port_Get_Interface_Setting
                0x0000000008011ed8        0xe obj/SKYROVER/usb_prop.o
                0x0000000008011ed8                Virtual_Com_Port_Get_Interface_Setting
 *fill*         0x0000000008011ee6        0x2 00
 .text.Virtual_Com_Port_GetLineCoding
                0x0000000008011ee8       0x18 obj/SKYROVER/usb_prop.o
                0x0000000008011ee8                Virtual_Com_Port_GetLineCoding
 .text.Virtual_Com_Port_SetLineCoding
                0x0000000008011f00       0x18 obj/SKYROVER/usb_prop.o
                0x0000000008011f00                Virtual_Com_Port_SetLineCoding
 .text.Virtual_Com_Port_GetStringDescriptor
                0x0000000008011f18       0x20 obj/SKYROVER/usb_prop.o
                0x0000000008011f18                Virtual_Com_Port_GetStringDescriptor
 .text.Virtual_Com_Port_GetConfigDescriptor
                0x0000000008011f38        0xc obj/SKYROVER/usb_prop.o
                0x0000000008011f38                Virtual_Com_Port_GetConfigDescriptor
 .text.Virtual_Com_Port_GetDeviceDescriptor
                0x0000000008011f44        0xc obj/SKYROVER/usb_prop.o
                0x0000000008011f44                Virtual_Com_Port_GetDeviceDescriptor
 .text.Virtual_Com_Port_Reset
                0x0000000008011f50       0xe0 obj/SKYROVER/usb_prop.o
                0x0000000008011f50                Virtual_Com_Port_Reset
 .text.Virtual_Com_Port_init
                0x0000000008012030       0x24 obj/SKYROVER/usb_prop.o
                0x0000000008012030                Virtual_Com_Port_init
 .text.PowerOn  0x0000000008012054       0x30 obj/SKYROVER/usb_pwr.o
                0x0000000008012054                PowerOn
 .text.cosf     0x0000000008012084       0x68 /Users/imac/Develop/stm32f4/arm_gcc/gcc-arm-none-eabi-4_7-2013q3/bin/../lib/gcc/arm-none-eabi/4.7.4/../../../../arm-none-eabi/lib/armv7-m/libm.a(lib_a-sf_cos.o)
                0x0000000008012084                cosf
 .text.lrintf   0x00000000080120ec       0x80 /Users/imac/Develop/stm32f4/arm_gcc/gcc-arm-none-eabi-4_7-2013q3/bin/../lib/gcc/arm-none-eabi/4.7.4/../../../../arm-none-eabi/lib/armv7-m/libm.a(lib_a-sf_lrint.o)
                0x00000000080120ec                lrintf
 .text.sinf     0x000000000801216c       0x78 /Users/imac/Develop/stm32f4/arm_gcc/gcc-arm-none-eabi-4_7-2013q3/bin/../lib/gcc/arm-none-eabi/4.7.4/../../../../arm-none-eabi/lib/armv7-m/libm.a(lib_a-sf_sin.o)
                0x000000000801216c                sinf
 .text.atan2f   0x00000000080121e4        0x4 /Users/imac/Develop/stm32f4/arm_gcc/gcc-arm-none-eabi-4_7-2013q3/bin/../lib/gcc/arm-none-eabi/4.7.4/../../../../arm-none-eabi/lib/armv7-m/libm.a(lib_a-wf_atan2.o)
                0x00000000080121e4                atan2f
 .text.powf     0x00000000080121e8      0x328 /Users/imac/Develop/stm32f4/arm_gcc/gcc-arm-none-eabi-4_7-2013q3/bin/../lib/gcc/arm-none-eabi/4.7.4/../../../../arm-none-eabi/lib/armv7-m/libm.a(lib_a-wf_pow.o)
                0x00000000080121e8                powf
 .text.sqrtf    0x0000000008012510       0x9c /Users/imac/Develop/stm32f4/arm_gcc/gcc-arm-none-eabi-4_7-2013q3/bin/../lib/gcc/arm-none-eabi/4.7.4/../../../../arm-none-eabi/lib/armv7-m/libm.a(lib_a-wf_sqrt.o)
                0x0000000008012510                sqrtf
 .text.__ieee754_atan2f
                0x00000000080125ac      0x14c /Users/imac/Develop/stm32f4/arm_gcc/gcc-arm-none-eabi-4_7-2013q3/bin/../lib/gcc/arm-none-eabi/4.7.4/../../../../arm-none-eabi/lib/armv7-m/libm.a(lib_a-ef_atan2.o)
                0x00000000080125ac                __ieee754_atan2f
 .text.__ieee754_powf
                0x00000000080126f8      0x740 /Users/imac/Develop/stm32f4/arm_gcc/gcc-arm-none-eabi-4_7-2013q3/bin/../lib/gcc/arm-none-eabi/4.7.4/../../../../arm-none-eabi/lib/armv7-m/libm.a(lib_a-ef_pow.o)
                0x00000000080126f8                __ieee754_powf
 .text.__ieee754_rem_pio2f
                0x0000000008012e38      0x358 /Users/imac/Develop/stm32f4/arm_gcc/gcc-arm-none-eabi-4_7-2013q3/bin/../lib/gcc/arm-none-eabi/4.7.4/../../../../arm-none-eabi/lib/armv7-m/libm.a(lib_a-ef_rem_pio2.o)
                0x0000000008012e38                __ieee754_rem_pio2f
 .text.__ieee754_sqrtf
                0x0000000008013190       0xd4 /Users/imac/Develop/stm32f4/arm_gcc/gcc-arm-none-eabi-4_7-2013q3/bin/../lib/gcc/arm-none-eabi/4.7.4/../../../../arm-none-eabi/lib/armv7-m/libm.a(lib_a-ef_sqrt.o)
                0x0000000008013190                __ieee754_sqrtf
 .text.__kernel_cosf
                0x0000000008013264      0x1b8 /Users/imac/Develop/stm32f4/arm_gcc/gcc-arm-none-eabi-4_7-2013q3/bin/../lib/gcc/arm-none-eabi/4.7.4/../../../../arm-none-eabi/lib/armv7-m/libm.a(lib_a-kf_cos.o)
                0x0000000008013264                __kernel_cosf
 .text.__kernel_rem_pio2f
                0x000000000801341c      0xba0 /Users/imac/Develop/stm32f4/arm_gcc/gcc-arm-none-eabi-4_7-2013q3/bin/../lib/gcc/arm-none-eabi/4.7.4/../../../../arm-none-eabi/lib/armv7-m/libm.a(lib_a-kf_rem_pio2.o)
                0x000000000801341c                __kernel_rem_pio2f
 .text.__kernel_sinf
                0x0000000008013fbc      0x100 /Users/imac/Develop/stm32f4/arm_gcc/gcc-arm-none-eabi-4_7-2013q3/bin/../lib/gcc/arm-none-eabi/4.7.4/../../../../arm-none-eabi/lib/armv7-m/libm.a(lib_a-kf_sin.o)
                0x0000000008013fbc                __kernel_sinf
 .text.matherr  0x00000000080140bc        0x4 /Users/imac/Develop/stm32f4/arm_gcc/gcc-arm-none-eabi-4_7-2013q3/bin/../lib/gcc/arm-none-eabi/4.7.4/../../../../arm-none-eabi/lib/armv7-m/libm.a(lib_a-s_matherr.o)
                0x00000000080140bc                matherr
 .text.rint     0x00000000080140c0      0x128 /Users/imac/Develop/stm32f4/arm_gcc/gcc-arm-none-eabi-4_7-2013q3/bin/../lib/gcc/arm-none-eabi/4.7.4/../../../../arm-none-eabi/lib/armv7-m/libm.a(lib_a-s_rint.o)
                0x00000000080140c0                rint
 .text.atanf    0x00000000080141e8      0x258 /Users/imac/Develop/stm32f4/arm_gcc/gcc-arm-none-eabi-4_7-2013q3/bin/../lib/gcc/arm-none-eabi/4.7.4/../../../../arm-none-eabi/lib/armv7-m/libm.a(lib_a-sf_atan.o)
                0x00000000080141e8                atanf
 .text.fabsf    0x0000000008014440        0x8 /Users/imac/Develop/stm32f4/arm_gcc/gcc-arm-none-eabi-4_7-2013q3/bin/../lib/gcc/arm-none-eabi/4.7.4/../../../../arm-none-eabi/lib/armv7-m/libm.a(lib_a-sf_fabs.o)
                0x0000000008014440                fabsf
 .text.finitef  0x0000000008014448       0x10 /Users/imac/Develop/stm32f4/arm_gcc/gcc-arm-none-eabi-4_7-2013q3/bin/../lib/gcc/arm-none-eabi/4.7.4/../../../../arm-none-eabi/lib/armv7-m/libm.a(lib_a-sf_finite.o)
                0x0000000008014448                finitef
 .text.floorf   0x0000000008014458       0x94 /Users/imac/Develop/stm32f4/arm_gcc/gcc-arm-none-eabi-4_7-2013q3/bin/../lib/gcc/arm-none-eabi/4.7.4/../../../../arm-none-eabi/lib/armv7-m/libm.a(lib_a-sf_floor.o)
                0x0000000008014458                floorf
 .text.__fpclassifyf
                0x00000000080144ec       0x58 /Users/imac/Develop/stm32f4/arm_gcc/gcc-arm-none-eabi-4_7-2013q3/bin/../lib/gcc/arm-none-eabi/4.7.4/../../../../arm-none-eabi/lib/armv7-m/libm.a(lib_a-sf_fpclassify.o)
                0x00000000080144ec                __fpclassifyf
 .text.nanf     0x0000000008014544        0x8 /Users/imac/Develop/stm32f4/arm_gcc/gcc-arm-none-eabi-4_7-2013q3/bin/../lib/gcc/arm-none-eabi/4.7.4/../../../../arm-none-eabi/lib/armv7-m/libm.a(lib_a-sf_nan.o)
                0x0000000008014544                nanf
 .text.scalbnf  0x000000000801454c       0xc0 /Users/imac/Develop/stm32f4/arm_gcc/gcc-arm-none-eabi-4_7-2013q3/bin/../lib/gcc/arm-none-eabi/4.7.4/../../../../arm-none-eabi/lib/armv7-m/libm.a(lib_a-sf_scalbn.o)
                0x000000000801454c                scalbnf
 .text.copysignf
                0x000000000801460c        0xc /Users/imac/Develop/stm32f4/arm_gcc/gcc-arm-none-eabi-4_7-2013q3/bin/../lib/gcc/arm-none-eabi/4.7.4/../../../../arm-none-eabi/lib/armv7-m/libm.a(lib_a-sf_copysign.o)
                0x000000000801460c                copysignf
 .text.__register_exitproc
                0x0000000008014618       0xac /Users/imac/Develop/stm32f4/arm_gcc/gcc-arm-none-eabi-4_7-2013q3/bin/../lib/gcc/arm-none-eabi/4.7.4/../../../../arm-none-eabi/lib/armv7-m/libc.a(lib_a-__atexit.o)
                0x0000000008014618                __register_exitproc
 .text.atoi     0x00000000080146c4        0x8 /Users/imac/Develop/stm32f4/arm_gcc/gcc-arm-none-eabi-4_7-2013q3/bin/../lib/gcc/arm-none-eabi/4.7.4/../../../../arm-none-eabi/lib/armv7-m/libc.a(lib_a-atoi.o)
                0x00000000080146c4                atoi
 .text.bsearch  0x00000000080146cc       0x40 /Users/imac/Develop/stm32f4/arm_gcc/gcc-arm-none-eabi-4_7-2013q3/bin/../lib/gcc/arm-none-eabi/4.7.4/../../../../arm-none-eabi/lib/armv7-m/libc.a(lib_a-bsearch.o)
                0x00000000080146cc                bsearch
 .text.__errno  0x000000000801470c        0xc /Users/imac/Develop/stm32f4/arm_gcc/gcc-arm-none-eabi-4_7-2013q3/bin/../lib/gcc/arm-none-eabi/4.7.4/../../../../arm-none-eabi/lib/armv7-m/libc.a(lib_a-errno.o)
                0x000000000801470c                __errno
 .text.__libc_fini_array
                0x0000000008014718       0x50 /Users/imac/Develop/stm32f4/arm_gcc/gcc-arm-none-eabi-4_7-2013q3/bin/../lib/gcc/arm-none-eabi/4.7.4/../../../../arm-none-eabi/lib/armv7-m/libc.a(lib_a-fini.o)
                0x0000000008014718                __libc_fini_array
 .text.__libc_init_array
                0x0000000008014768       0x94 /Users/imac/Develop/stm32f4/arm_gcc/gcc-arm-none-eabi-4_7-2013q3/bin/../lib/gcc/arm-none-eabi/4.7.4/../../../../arm-none-eabi/lib/armv7-m/libc.a(lib_a-init.o)
                0x0000000008014768                __libc_init_array
 .text.memcpy   0x00000000080147fc      0x15c /Users/imac/Develop/stm32f4/arm_gcc/gcc-arm-none-eabi-4_7-2013q3/bin/../lib/gcc/arm-none-eabi/4.7.4/../../../../arm-none-eabi/lib/armv7-m/libc.a(lib_a-memcpy.o)
                0x00000000080147fc                memcpy
 .text.memset   0x0000000008014958      0x12c /Users/imac/Develop/stm32f4/arm_gcc/gcc-arm-none-eabi-4_7-2013q3/bin/../lib/gcc/arm-none-eabi/4.7.4/../../../../arm-none-eabi/lib/armv7-m/libc.a(lib_a-memset.o)
                0x0000000008014958                memset
 .text.strcat   0x0000000008014a84       0x4c /Users/imac/Develop/stm32f4/arm_gcc/gcc-arm-none-eabi-4_7-2013q3/bin/../lib/gcc/arm-none-eabi/4.7.4/../../../../arm-none-eabi/lib/armv7-m/libc.a(lib_a-strcat.o)
                0x0000000008014a84                strcat
 .text.strchr   0x0000000008014ad0       0xfc /Users/imac/Develop/stm32f4/arm_gcc/gcc-arm-none-eabi-4_7-2013q3/bin/../lib/gcc/arm-none-eabi/4.7.4/../../../../arm-none-eabi/lib/armv7-m/libc.a(lib_a-strchr.o)
                0x0000000008014ad0                strchr